10-25 18:36:32.678  6040  4002 E Battery : AppStats: Uid = 10615; pkgName = com.csgroup.terminal; SyncFgCount = 0; SyncBgCount = 0; SyncFgTime = 0; SyncBgTime = 0
10-25 18:36:32.678  6040  4002 E Battery : AppStats: Uid = 10615; pkgName = com.csgroup.terminal; WakeLockFgTime = 0 ms; WakeLockFgPower = 0.0 mAh.; WakeLockBgTime = 0 ms; WakeLockBgPower = 0.0 mAh.
10-25 18:36:32.678  6040  4002 E Battery : AppStats: Uid = 10615; pkgName = com.csgroup.terminal; FgWifiRxBytes = 0 Bytes; BgWifiRxBytes = 0 Bytes; FgWifiTxBytes = 0 Bytes; BgWifiTxBytes = 0 Bytes; FgWifiRxPackets = 0 ; BgWifiRxPackets = 0 ; FgWifiTxPackets = 0 ; BgWifiTxPackets = 0 ; FgWiFiScanTimeMs = 0 ; BgWiFiScanTimeMs = 0 ; FgWiFiBatchScanTimeMs = 0 ; BgWiFiBatchScanTimeMs = 0 
10-25 18:36:32.678  6040  4002 E Battery : AppStats: Uid = 10615; pkgName = com.csgroup.terminal; FgWifiRxPacketsPower = 0.0 mAh; BgWifiRxPacketsPower = 0.0 mAh; FgWifiTxPacketsPower = 0.0 mAh; BgWifiTxPacketsPower = 0.0 mAh; FgWifiScanPower = 0.0 mAh; BgWifiScanPower = 0.0 mAh; FgWifiBatchScanPower = 0.0 mAh; BgWifiBatchScanPower = 0.0 mAh; FgWiFiTotalPower = 0.0 mAh; BgWiFiTotalPower = 0.0 mAh.
10-25 18:36:32.678  6040  4002 E Battery : AppStats: Uid = 10615; pkgName = com.csgroup.terminal; FgMobileRxBytes = 0 Bytes; BgMobileRxBytes = 10056590 Bytes; FgMobileTxBytes = 0 Bytes; BgMobileTxBytes = 114379 Bytes; FgMobileRxPackets = 0 ; BgMobileRxPackets = 7128 ; FgMobileTxPackets = 0 ; BgMobileTxPackets = 838 ; FgMobileActiveCount = 0 ; BgMobileActiveCount = 0 ; FgMobileActiveTime = 0 ; BgMobileActiveTime = 0 
10-25 18:36:32.678  6040  4002 E Battery : AppStats: Uid = 10615; pkgName = com.csgroup.terminal; FgMobileRxPacketsPower = 0.0 mAh; BgMobileRxPacketsPower = 0.006997196800000001 mAh; FgMobileTxPacketsPower = 0.0 mAh; BgMobileTxPacketsPower = 8.226221827160495E-4 mAh; FgMobileTotalPower = 0.0 mAh; BgMobileTotalPower = 0.00781981898271605 mAh.
10-25 18:36:32.678  6040  4002 E Battery : AppStats: Uid = 10615; pkgName = com.csgroup.terminal; FgGpsTime = 0 ms; BgGpsTime = 0 ms.
10-25 18:36:32.678  6040  4002 E Battery : AppStats: Uid = 10615; pkgName = com.csgroup.terminal; FgGpsPower = 0.0 mAh; BgGpsPower = 0.0 mAh.
10-25 18:36:32.678  6040  4002 E Battery : AppStats: Uid = 10615; pkgName = com.csgroup.terminal; FgSensorTime = 0 ms; BgSensorTime = 0 ms.
10-25 18:36:32.678  6040  4002 E Battery : AppStats: Uid = 10615; pkgName = com.csgroup.terminal; FgSensorPower = 0.0 mAh; BgSensorPower = 0.0 mAh.
10-25 18:36:32.678  6040  4002 E Battery : AppStats: Uid = 10615; pkgName = com.csgroup.terminal; FgCameraTime = 0 ms; BgCameraTime = 0 ms
10-25 18:36:32.678  6040  4002 E Battery : AppStats: Uid = 10615; pkgName = com.csgroup.terminal; FgCameraPower = 0.0 mAh; BgCameraPower = 0.0 mAh
10-25 18:36:32.678  6040  4002 E Battery : AppStats: Uid = 10615; pkgName = com.csgroup.terminal; FgFlashLightTime = 0 ms; BgFlashLightTime = 0 ms
10-25 18:36:32.678  6040  4002 E Battery : AppStats: Uid = 10615; pkgName = com.csgroup.terminal; FgFlashLightPower = 0.0 mAh; BgFlashLightPower = 0.0 mAh
10-25 18:36:32.701  6040  4002 E Battery : AppStats: Uid = 10402; pkgName = com.autoconnexa.app; CpuFgTime = 0 ms; CpuBgTime = 1664286 ms.
10-25 18:36:32.702  6040  4002 E Battery : AppStats: Uid = 10402; pkgName = com.autoconnexa.app; CpuKernelFgTime = 0 ms; CpuKernelBgTime = 732871 ms.
10-25 18:36:32.702  6040  4002 E Battery : AppStats: Uid = 10402; pkgName = com.autoconnexa.app; CpuUserFgTime = 0 ms ; CpuUserBgTime = 931415 ms.
10-25 18:36:32.702  6040  4002 E Battery : AppStats: Uid = 10402; pkgName = com.autoconnexa.app; CpuFgPower = 0.0 mAh.; CpuBgPower = 18.69588765472222 mAh.
10-25 18:36:32.702  6040  4002 E Battery : AppStats: Uid = 10402; pkgName = com.autoconnexa.app; AlarmFgWakeupCount = 0; AlarmBgWakeupCount = 18
10-25 18:36:32.702  6040  4002 E Battery : AppStats: Uid = 10402; pkgName = com.autoconnexa.app; JobFgCount = 0; JobBgCount = 13; JobFgTime = 0; JobBgTime = 1505
10-25 18:36:32.702  6040  4002 E Battery : AppStats: Uid = 10402; pkgName = com.autoconnexa.app; SyncFgCount = 0; SyncBgCount = 0; SyncFgTime = 0; SyncBgTime = 0
10-25 18:36:32.702  6040  4002 E Battery : AppStats: Uid = 10402; pkgName = com.autoconnexa.app; WakeLockFgTime = 0 ms; WakeLockFgPower = 0.0 mAh.; WakeLockBgTime = 2576597 ms; WakeLockBgPower = 3.936467638888889 mAh.
10-25 18:36:32.702  6040  4002 E Battery : AppStats: Uid = 10402; pkgName = com.autoconnexa.app; FgWifiRxBytes = 0 Bytes; BgWifiRxBytes = 9645318 Bytes; FgWifiTxBytes = 0 Bytes; BgWifiTxBytes = 14972794 Bytes; FgWifiRxPackets = 0 ; BgWifiRxPackets = 26772 ; FgWifiTxPackets = 0 ; BgWifiTxPackets = 36734 ; FgWiFiScanTimeMs = 0 ; BgWiFiScanTimeMs = 444489 ; FgWiFiBatchScanTimeMs = 0 ; BgWiFiBatchScanTimeMs = 0 
10-25 18:36:32.702  6040  4002 E Battery : AppStats: Uid = 10402; pkgName = com.autoconnexa.app; FgWifiRxPacketsPower = 0.0 mAh; BgWifiRxPacketsPower = 1.0718095302581787 mAh; FgWifiTxPacketsPower = 0.0 mAh; BgWifiTxPacketsPower = 1.4706354141235352 mAh; FgWifiScanPower = 0.0 mAh; BgWifiScanPower = 6.938967166666666 mAh; FgWifiBatchScanPower = 0.0 mAh; BgWifiBatchScanPower = 0.0 mAh; FgWiFiTotalPower = 0.0 mAh; BgWiFiTotalPower = 9.48141211104838 mAh.
10-25 18:36:32.702  6040  4002 E Battery : AppStats: Uid = 10402; pkgName = com.autoconnexa.app; FgMobileRxBytes = 0 Bytes; BgMobileRxBytes = 42983768 Bytes; FgMobileTxBytes = 0 Bytes; BgMobileTxBytes = 46466435 Bytes; FgMobileRxPackets = 0 ; BgMobileRxPackets = 83354 ; FgMobileTxPackets = 0 ; BgMobileTxPackets = 107343 ; FgMobileActiveCount = 0 ; BgMobileActiveCount = 96 ; FgMobileActiveTime = 0 ; BgMobileActiveTime = 338005 
10-25 18:36:32.702  6040  4002 E Battery : AppStats: Uid = 10402; pkgName = com.autoconnexa.app; FgMobileRxPacketsPower = 0.0 mAh; BgMobileRxPacketsPower = 0.08182440264691358 mAh; FgMobileTxPacketsPower = 0.0 mAh; BgMobileTxPacketsPower = 0.1053731896888889 mAh; FgMobileTotalPower = 0.0 mAh; BgMobileTotalPower = 0.18513023873580248 mAh.
10-25 18:36:32.702  6040  4002 E Battery : AppStats: Uid = 10402; pkgName = com.autoconnexa.app; FgGpsTime = 0 ms; BgGpsTime = 3342578 ms.
10-25 18:36:32.702  6040  4002 E Battery : AppStats: Uid = 10402; pkgName = com.autoconnexa.app; FgGpsPower = 0.0 mAh; BgGpsPower = 20.334016166666668 mAh.
10-25 18:36:32.702  6040  4002 E Battery : AppStats: Uid = 10402; pkgName = com.autoconnexa.app; FgSensorTime = 0 ms; BgSensorTime = 0 ms.
10-25 18:36:32.702  6040  4002 E Battery : AppStats: Uid = 10402; pkgName = com.autoconnexa.app; FgSensorPower = 0.0 mAh; BgSensorPower = 0.0 mAh.
10-25 18:36:32.702  6040  4002 E Battery : AppStats: Uid = 10402; pkgName = com.autoconnexa.app; FgCameraTime = 0 ms; BgCameraTime = 0 ms
10-25 18:36:32.702  6040  4002 E Battery : AppStats: Uid = 10402; pkgName = com.autoconnexa.app; FgCameraPower = 0.0 mAh; BgCameraPower = 0.0 mAh
10-25 18:36:32.702  6040  4002 E Battery : AppStats: Uid = 10402; pkgName = com.autoconnexa.app; FgFlashLightTime = 0 ms; BgFlashLightTime = 0 ms
10-25 18:36:32.702  6040  4002 E Battery : AppStats: Uid = 10402; pkgName = com.autoconnexa.app; FgFlashLightPower = 0.0 mAh; BgFlashLightPower = 0.0 mAh
10-25 18:36:32.703  6040  4002 E Battery : HighPowerHelper: ; pkgName = appinventor.ai_riccardo_annolfi.SamWathsApp; mCpuTimeMsPerHourWhileScreenOn = 0 ms; mWakeLockTimeMsPerHourWhileScreenOn = 0 ms; mWakeLockTimeMsPerHourWhileScreenOff = 0 ms; mJobTimeMsPerHourWhileScreenOn = 0 ms; mJobTimeMsPerTwoHoursWhileScreenOn = 0 ms; mWiFiScanTimeMsPerHourWhileScreenOn = 0 ms; mCameraTimeMsPerHourWhileScreenOn = 0 ms; mFlashLightTimeMsPerHourWhileScreenOn = 0 ms; mGpsTimeMsPerHourWhileScreenOn = 0 ms; mAlarmCountPerHourWhileScreenOn = 0 ms
10-25 18:36:32.703  6040  4002 E Battery : HighPowerHelper: ; pkgName = edu.mit.appinventor.aicompanion3; mCpuTimeMsPerHourWhileScreenOn = 0 ms; mWakeLockTimeMsPerHourWhileScreenOn = 0 ms; mWakeLockTimeMsPerHourWhileScreenOff = 0 ms; mJobTimeMsPerHourWhileScreenOn = 0 ms; mJobTimeMsPerTwoHoursWhileScreenOn = 0 ms; mWiFiScanTimeMsPerHourWhileScreenOn = 0 ms; mCameraTimeMsPerHourWhileScreenOn = 0 ms; mFlashLightTimeMsPerHourWhileScreenOn = 0 ms; mGpsTimeMsPerHourWhileScreenOn = 0 ms; mAlarmCountPerHourWhileScreenOn = 0 ms
10-25 18:36:32.703  6040  4002 E Battery : HighPowerHelper: ; pkgName = com.touchtype.swiftkey; mCpuTimeMsPerHourWhileScreenOn = 0 ms; mWakeLockTimeMsPerHourWhileScreenOn = 0 ms; mWakeLockTimeMsPerHourWhileScreenOff = 0 ms; mJobTimeMsPerHourWhileScreenOn = 0 ms; mJobTimeMsPerTwoHoursWhileScreenOn = 0 ms; mWiFiScanTimeMsPerHourWhileScreenOn = 0 ms; mCameraTimeMsPerHourWhileScreenOn = 0 ms; mFlashLightTimeMsPerHourWhileScreenOn = 0 ms; mGpsTimeMsPerHourWhileScreenOn = 0 ms; mAlarmCountPerHourWhileScreenOn = 0 ms
10-25 18:36:32.703  6040  4002 E Battery : HighPowerHelper: ; pkgName = com.instagram.android; mCpuTimeMsPerHourWhileScreenOn = 8700 ms; mWakeLockTimeMsPerHourWhileScreenOn = 0 ms; mWakeLockTimeMsPerHourWhileScreenOff = 0 ms; mJobTimeMsPerHourWhileScreenOn = 0 ms; mJobTimeMsPerTwoHoursWhileScreenOn = 19180 ms; mWiFiScanTimeMsPerHourWhileScreenOn = 0 ms; mCameraTimeMsPerHourWhileScreenOn = 0 ms; mFlashLightTimeMsPerHourWhileScreenOn = 0 ms; mGpsTimeMsPerHourWhileScreenOn = 0 ms; mAlarmCountPerHourWhileScreenOn = 0 ms
10-25 18:36:32.703  6040  4002 E Battery : HighPowerHelper: ; pkgName = com.hsv.freeadblockerbrowser; mCpuTimeMsPerHourWhileScreenOn = 0 ms; mWakeLockTimeMsPerHourWhileScreenOn = 0 ms; mWakeLockTimeMsPerHourWhileScreenOff = 0 ms; mJobTimeMsPerHourWhileScreenOn = 0 ms; mJobTimeMsPerTwoHoursWhileScreenOn = 0 ms; mWiFiScanTimeMsPerHourWhileScreenOn = 0 ms; mCameraTimeMsPerHourWhileScreenOn = 0 ms; mFlashLightTimeMsPerHourWhileScreenOn = 0 ms; mGpsTimeMsPerHourWhileScreenOn = 0 ms; mAlarmCountPerHourWhileScreenOn = 0 ms
10-25 18:36:32.703  6040  4002 E Battery : HighPowerHelper: ; pkgName = com.linkedin.android; mCpuTimeMsPerHourWhileScreenOn = 0 ms; mWakeLockTimeMsPerHourWhileScreenOn = 0 ms; mWakeLockTimeMsPerHourWhileScreenOff = 0 ms; mJobTimeMsPerHourWhileScreenOn = 0 ms; mJobTimeMsPerTwoHoursWhileScreenOn = 0 ms; mWiFiScanTimeMsPerHourWhileScreenOn = 0 ms; mCameraTimeMsPerHourWhileScreenOn = 0 ms; mFlashLightTimeMsPerHourWhileScreenOn = 0 ms; mGpsTimeMsPerHourWhileScreenOn = 0 ms; mAlarmCountPerHourWhileScreenOn = 0 ms
10-25 18:36:32.703  6040  4002 E Battery : HighPowerHelper: ; pkgName = com.microsoft.emmx; mCpuTimeMsPerHourWhileScreenOn = 0 ms; mWakeLockTimeMsPerHourWhileScreenOn = 0 ms; mWakeLockTimeMsPerHourWhileScreenOff = 0 ms; mJobTimeMsPerHourWhileScreenOn = 0 ms; mJobTimeMsPerTwoHoursWhileScreenOn = 0 ms; mWiFiScanTimeMsPerHourWhileScreenOn = 0 ms; mCameraTimeMsPerHourWhileScreenOn = 0 ms; mFlashLightTimeMsPerHourWhileScreenOn = 0 ms; mGpsTimeMsPerHourWhileScreenOn = 0 ms; mAlarmCountPerHourWhileScreenOn = 0 ms
10-25 18:36:32.703  6040  4002 E Battery : HighPowerHelper: ; pkgName = com.robtopx.geometryjumplite; mCpuTimeMsPerHourWhileScreenOn = 0 ms; mWakeLockTimeMsPerHourWhileScreenOn = 0 ms; mWakeLockTimeMsPerHourWhileScreenOff = 0 ms; mJobTimeMsPerHourWhileScreenOn = 0 ms; mJobTimeMsPerTwoHoursWhileScreenOn = 0 ms; mWiFiScanTimeMsPerHourWhileScreenOn = 0 ms; mCameraTimeMsPerHourWhileScreenOn = 0 ms; mFlashLightTimeMsPerHourWhileScreenOn = 0 ms; mGpsTimeMsPerHourWhileScreenOn = 0 ms; mAlarmCountPerHourWhileScreenOn = 0 ms
10-25 18:36:32.703  6040  4002 E Battery : HighPowerHelper: ; pkgName = com.autoconnexa.app; mCpuTimeMsPerHourWhileScreenOn = 2044 ms; mWakeLockTimeMsPerHourWhileScreenOn = 0 ms; mWakeLockTimeMsPerHourWhileScreenOff = 0 ms; mJobTimeMsPerHourWhileScreenOn = 0 ms; mJobTimeMsPerTwoHoursWhileScreenOn = 6020 ms; mWiFiScanTimeMsPerHourWhileScreenOn = 0 ms; mCameraTimeMsPerHourWhileScreenOn = 0 ms; mFlashLightTimeMsPerHourWhileScreenOn = 0 ms; mGpsTimeMsPerHourWhileScreenOn = 0 ms; mAlarmCountPerHourWhileScreenOn = 0 ms
10-25 18:36:32.703  6040  4002 E Battery : HighPowerHelper: ; pkgName = com.google.android.apps.labs.language.tailwind; mCpuTimeMsPerHourWhileScreenOn = 0 ms; mWakeLockTimeMsPerHourWhileScreenOn = 0 ms; mWakeLockTimeMsPerHourWhileScreenOff = 0 ms; mJobTimeMsPerHourWhileScreenOn = 0 ms; mJobTimeMsPerTwoHoursWhileScreenOn = 0 ms; mWiFiScanTimeMsPerHourWhileScreenOn = 0 ms; mCameraTimeMsPerHourWhileScreenOn = 0 ms; mFlashLightTimeMsPerHourWhileScreenOn = 0 ms; mGpsTimeMsPerHourWhileScreenOn = 0 ms; mAlarmCountPerHourWhileScreenOn = 0 ms
10-25 18:36:32.703  6040  4002 E Battery : HighPowerHelper: ; pkgName = com.unicredit; mCpuTimeMsPerHourWhileScreenOn = 0 ms; mWakeLockTimeMsPerHourWhileScreenOn = 0 ms; mWakeLockTimeMsPerHourWhileScreenOff = 0 ms; mJobTimeMsPerHourWhileScreenOn = 0 ms; mJobTimeMsPerTwoHoursWhileScreenOn = 0 ms; mWiFiScanTimeMsPerHourWhileScreenOn = 0 ms; mCameraTimeMsPerHourWhileScreenOn = 0 ms; mFlashLightTimeMsPerHourWhileScreenOn = 0 ms; mGpsTimeMsPerHourWhileScreenOn = 0 ms; mAlarmCountPerHourWhileScreenOn = 0 ms
10-25 18:36:32.703  6040  4002 E Battery : HighPowerHelper: ; pkgName = com.microsoft.bing; mCpuTimeMsPerHourWhileScreenOn = 1408 ms; mWakeLockTimeMsPerHourWhileScreenOn = 0 ms; mWakeLockTimeMsPerHourWhileScreenOff = 0 ms; mJobTimeMsPerHourWhileScreenOn = 0 ms; mJobTimeMsPerTwoHoursWhileScreenOn = 0 ms; mWiFiScanTimeMsPerHourWhileScreenOn = 0 ms; mCameraTimeMsPerHourWhileScreenOn = 0 ms; mFlashLightTimeMsPerHourWhileScreenOn = 0 ms; mGpsTimeMsPerHourWhileScreenOn = 0 ms; mAlarmCountPerHourWhileScreenOn = 0 ms
10-25 18:36:32.703  6040  4002 E Battery : HighPowerHelper: ; pkgName = com.google.android.apps.docs.editors.docs; mCpuTimeMsPerHourWhileScreenOn = 0 ms; mWakeLockTimeMsPerHourWhileScreenOn = 0 ms; mWakeLockTimeMsPerHourWhileScreenOff = 0 ms; mJobTimeMsPerHourWhileScreenOn = 0 ms; mJobTimeMsPerTwoHoursWhileScreenOn = 0 ms; mWiFiScanTimeMsPerHourWhileScreenOn = 0 ms; mCameraTimeMsPerHourWhileScreenOn = 0 ms; mFlashLightTimeMsPerHourWhileScreenOn = 0 ms; mGpsTimeMsPerHourWhileScreenOn = 0 ms; mAlarmCountPerHourWhileScreenOn = 0 ms
10-25 18:36:32.703  6040  4002 E Battery : HighPowerHelper: ; pkgName = com.einnovation.temu; mCpuTimeMsPerHourWhileScreenOn = 0 ms; mWakeLockTimeMsPerHourWhileScreenOn = 0 ms; mWakeLockTimeMsPerHourWhileScreenOff = 0 ms; mJobTimeMsPerHourWhileScreenOn = 0 ms; mJobTimeMsPerTwoHoursWhileScreenOn = 0 ms; mWiFiScanTimeMsPerHourWhileScreenOn = 0 ms; mCameraTimeMsPerHourWhileScreenOn = 0 ms; mFlashLightTimeMsPerHourWhileScreenOn = 0 ms; mGpsTimeMsPerHourWhileScreenOn = 0 ms; mAlarmCountPerHourWhileScreenOn = 0 ms
10-25 18:36:32.703  6040  4002 E Battery : HighPowerHelper: ; pkgName = com.supercell.brawlstars; mCpuTimeMsPerHourWhileScreenOn = 17432 ms; mWakeLockTimeMsPerHourWhileScreenOn = 0 ms; mWakeLockTimeMsPerHourWhileScreenOff = 0 ms; mJobTimeMsPerHourWhileScreenOn = 0 ms; mJobTimeMsPerTwoHoursWhileScreenOn = 32632 ms; mWiFiScanTimeMsPerHourWhileScreenOn = 0 ms; mCameraTimeMsPerHourWhileScreenOn = 0 ms; mFlashLightTimeMsPerHourWhileScreenOn = 0 ms; mGpsTimeMsPerHourWhileScreenOn = 0 ms; mAlarmCountPerHourWhileScreenOn = 0 ms
10-25 18:36:32.703  6040  4002 E Battery : HighPowerHelper: ; pkgName = com.adobe.scan.android; mCpuTimeMsPerHourWhileScreenOn = 0 ms; mWakeLockTimeMsPerHourWhileScreenOn = 0 ms; mWakeLockTimeMsPerHourWhileScreenOff = 0 ms; mJobTimeMsPerHourWhileScreenOn = 0 ms; mJobTimeMsPerTwoHoursWhileScreenOn = 0 ms; mWiFiScanTimeMsPerHourWhileScreenOn = 0 ms; mCameraTimeMsPerHourWhileScreenOn = 0 ms; mFlashLightTimeMsPerHourWhileScreenOn = 0 ms; mGpsTimeMsPerHourWhileScreenOn = 0 ms; mAlarmCountPerHourWhileScreenOn = 0 ms
10-25 18:36:32.703  6040  4002 E Battery : HighPowerHelper: ; pkgName = com.google.android.apps.docs; mCpuTimeMsPerHourWhileScreenOn = 0 ms; mWakeLockTimeMsPerHourWhileScreenOn = 0 ms; mWakeLockTimeMsPerHourWhileScreenOff = 0 ms; mJobTimeMsPerHourWhileScreenOn = 0 ms; mJobTimeMsPerTwoHoursWhileScreenOn = 0 ms; mWiFiScanTimeMsPerHourWhileScreenOn = 0 ms; mCameraTimeMsPerHourWhileScreenOn = 0 ms; mFlashLightTimeMsPerHourWhileScreenOn = 0 ms; mGpsTimeMsPerHourWhileScreenOn = 0 ms; mAlarmCountPerHourWhileScreenOn = 0 ms
10-25 18:36:32.704  6040  4002 E Battery : HighPowerHelper: ; pkgName = com.supercell.clashroyale; mCpuTimeMsPerHourWhileScreenOn = 0 ms; mWakeLockTimeMsPerHourWhileScreenOn = 0 ms; mWakeLockTimeMsPerHourWhileScreenOff = 0 ms; mJobTimeMsPerHourWhileScreenOn = 0 ms; mJobTimeMsPerTwoHoursWhileScreenOn = 0 ms; mWiFiScanTimeMsPerHourWhileScreenOn = 0 ms; mCameraTimeMsPerHourWhileScreenOn = 0 ms; mFlashLightTimeMsPerHourWhileScreenOn = 0 ms; mGpsTimeMsPerHourWhileScreenOn = 0 ms; mAlarmCountPerHourWhileScreenOn = 0 ms
10-25 18:36:32.704  6040  4002 E Battery : HighPowerHelper: ; pkgName = com.ea.gp.fifamobile; mCpuTimeMsPerHourWhileScreenOn = 0 ms; mWakeLockTimeMsPerHourWhileScreenOn = 0 ms; mWakeLockTimeMsPerHourWhileScreenOff = 0 ms; mJobTimeMsPerHourWhileScreenOn = 0 ms; mJobTimeMsPerTwoHoursWhileScreenOn = 0 ms; mWiFiScanTimeMsPerHourWhileScreenOn = 0 ms; mCameraTimeMsPerHourWhileScreenOn = 0 ms; mFlashLightTimeMsPerHourWhileScreenOn = 0 ms; mGpsTimeMsPerHourWhileScreenOn = 0 ms; mAlarmCountPerHourWhileScreenOn = 0 ms
10-25 18:36:32.704  6040  4002 E Battery : HighPowerHelper: ; pkgName = com.google.android.apps.tachyon; mCpuTimeMsPerHourWhileScreenOn = 0 ms; mWakeLockTimeMsPerHourWhileScreenOn = 0 ms; mWakeLockTimeMsPerHourWhileScreenOff = 0 ms; mJobTimeMsPerHourWhileScreenOn = 0 ms; mJobTimeMsPerTwoHoursWhileScreenOn = 49436 ms; mWiFiScanTimeMsPerHourWhileScreenOn = 0 ms; mCameraTimeMsPerHourWhileScreenOn = 0 ms; mFlashLightTimeMsPerHourWhileScreenOn = 0 ms; mGpsTimeMsPerHourWhileScreenOn = 0 ms; mAlarmCountPerHourWhileScreenOn = 0 ms
10-25 18:36:32.704  6040  4002 E Battery : HighPowerHelper: ; pkgName = com.spotify.music; mCpuTimeMsPerHourWhileScreenOn = 0 ms; mWakeLockTimeMsPerHourWhileScreenOn = 0 ms; mWakeLockTimeMsPerHourWhileScreenOff = 0 ms; mJobTimeMsPerHourWhileScreenOn = 0 ms; mJobTimeMsPerTwoHoursWhileScreenOn = 24116 ms; mWiFiScanTimeMsPerHourWhileScreenOn = 0 ms; mCameraTimeMsPerHourWhileScreenOn = 0 ms; mFlashLightTimeMsPerHourWhileScreenOn = 0 ms; mGpsTimeMsPerHourWhileScreenOn = 0 ms; mAlarmCountPerHourWhileScreenOn = 0 ms
10-25 18:36:32.704  6040  4002 E Battery : HighPowerHelper: ; pkgName = net.xnano.android.sshserver; mCpuTimeMsPerHourWhileScreenOn = 0 ms; mWakeLockTimeMsPerHourWhileScreenOn = 0 ms; mWakeLockTimeMsPerHourWhileScreenOff = 0 ms; mJobTimeMsPerHourWhileScreenOn = 0 ms; mJobTimeMsPerTwoHoursWhileScreenOn = 0 ms; mWiFiScanTimeMsPerHourWhileScreenOn = 0 ms; mCameraTimeMsPerHourWhileScreenOn = 0 ms; mFlashLightTimeMsPerHourWhileScreenOn = 0 ms; mGpsTimeMsPerHourWhileScreenOn = 0 ms; mAlarmCountPerHourWhileScreenOn = 0 ms
10-25 18:36:32.704  6040  4002 E Battery : HighPowerHelper: ; pkgName = com.amazon.avod.thirdpartyclient; mCpuTimeMsPerHourWhileScreenOn = 0 ms; mWakeLockTimeMsPerHourWhileScreenOn = 0 ms; mWakeLockTimeMsPerHourWhileScreenOff = 0 ms; mJobTimeMsPerHourWhileScreenOn = 0 ms; mJobTimeMsPerTwoHoursWhileScreenOn = 152524 ms; mWiFiScanTimeMsPerHourWhileScreenOn = 0 ms; mCameraTimeMsPerHourWhileScreenOn = 0 ms; mFlashLightTimeMsPerHourWhileScreenOn = 0 ms; mGpsTimeMsPerHourWhileScreenOn = 0 ms; mAlarmCountPerHourWhileScreenOn = 0 ms
10-25 18:36:32.704  6040  4002 E Battery : HighPowerHelper: ; pkgName = com.realvnc.viewer.android; mCpuTimeMsPerHourWhileScreenOn = 0 ms; mWakeLockTimeMsPerHourWhileScreenOn = 0 ms; mWakeLockTimeMsPerHourWhileScreenOff = 0 ms; mJobTimeMsPerHourWhileScreenOn = 0 ms; mJobTimeMsPerTwoHoursWhileScreenOn = 0 ms; mWiFiScanTimeMsPerHourWhileScreenOn = 0 ms; mCameraTimeMsPerHourWhileScreenOn = 0 ms; mFlashLightTimeMsPerHourWhileScreenOn = 0 ms; mGpsTimeMsPerHourWhileScreenOn = 0 ms; mAlarmCountPerHourWhileScreenOn = 0 ms
10-25 18:36:32.704  6040  4002 E Battery : HighPowerHelper: ; pkgName = com.google.android.apps.classroom; mCpuTimeMsPerHourWhileScreenOn = 0 ms; mWakeLockTimeMsPerHourWhileScreenOn = 0 ms; mWakeLockTimeMsPerHourWhileScreenOff = 0 ms; mJobTimeMsPerHourWhileScreenOn = 0 ms; mJobTimeMsPerTwoHoursWhileScreenOn = 0 ms; mWiFiScanTimeMsPerHourWhileScreenOn = 0 ms; mCameraTimeMsPerHourWhileScreenOn = 0 ms; mFlashLightTimeMsPerHourWhileScreenOn = 0 ms; mGpsTimeMsPerHourWhileScreenOn = 0 ms; mAlarmCountPerHourWhileScreenOn = 0 ms
10-25 18:36:32.704  6040  4002 E Battery : HighPowerHelper: ; pkgName = org.malwarebytes.antimalware; mCpuTimeMsPerHourWhileScreenOn = 0 ms; mWakeLockTimeMsPerHourWhileScreenOn = 0 ms; mWakeLockTimeMsPerHourWhileScreenOff = 0 ms; mJobTimeMsPerHourWhileScreenOn = 0 ms; mJobTimeMsPerTwoHoursWhileScreenOn = 0 ms; mWiFiScanTimeMsPerHourWhileScreenOn = 0 ms; mCameraTimeMsPerHourWhileScreenOn = 0 ms; mFlashLightTimeMsPerHourWhileScreenOn = 0 ms; mGpsTimeMsPerHourWhileScreenOn = 0 ms; mAlarmCountPerHourWhileScreenOn = 0 ms
10-25 18:36:32.704  6040  4002 E Battery : HighPowerHelper: ; pkgName = it.argosoft.didupsmart; mCpuTimeMsPerHourWhileScreenOn = 0 ms; mWakeLockTimeMsPerHourWhileScreenOn = 0 ms; mWakeLockTimeMsPerHourWhileScreenOff = 0 ms; mJobTimeMsPerHourWhileScreenOn = 0 ms; mJobTimeMsPerTwoHoursWhileScreenOn = 0 ms; mWiFiScanTimeMsPerHourWhileScreenOn = 0 ms; mCameraTimeMsPerHourWhileScreenOn = 0 ms; mFlashLightTimeMsPerHourWhileScreenOn = 0 ms; mGpsTimeMsPerHourWhileScreenOn = 0 ms; mAlarmCountPerHourWhileScreenOn = 0 ms
10-25 18:36:32.704  6040  4002 E Battery : HighPowerHelper: ; pkgName = ai.mainfunc.genspark; mCpuTimeMsPerHourWhileScreenOn = 0 ms; mWakeLockTimeMsPerHourWhileScreenOn = 0 ms; mWakeLockTimeMsPerHourWhileScreenOff = 0 ms; mJobTimeMsPerHourWhileScreenOn = 0 ms; mJobTimeMsPerTwoHoursWhileScreenOn = 0 ms; mWiFiScanTimeMsPerHourWhileScreenOn = 0 ms; mCameraTimeMsPerHourWhileScreenOn = 0 ms; mFlashLightTimeMsPerHourWhileScreenOn = 0 ms; mGpsTimeMsPerHourWhileScreenOn = 0 ms; mAlarmCountPerHourWhileScreenOn = 0 ms
10-25 18:36:32.704  6040  4002 E Battery : HighPowerHelper: ; pkgName = com.google.android.videos; mCpuTimeMsPerHourWhileScreenOn = 0 ms; mWakeLockTimeMsPerHourWhileScreenOn = 0 ms; mWakeLockTimeMsPerHourWhileScreenOff = 0 ms; mJobTimeMsPerHourWhileScreenOn = 0 ms; mJobTimeMsPerTwoHoursWhileScreenOn = 0 ms; mWiFiScanTimeMsPerHourWhileScreenOn = 0 ms; mCameraTimeMsPerHourWhileScreenOn = 0 ms; mFlashLightTimeMsPerHourWhileScreenOn = 0 ms; mGpsTimeMsPerHourWhileScreenOn = 0 ms; mAlarmCountPerHourWhileScreenOn = 0 ms
10-25 18:36:32.704  6040  4002 E Battery : HighPowerHelper: ; pkgName = com.microsoft.office.officehubrow; mCpuTimeMsPerHourWhileScreenOn = 0 ms; mWakeLockTimeMsPerHourWhileScreenOn = 0 ms; mWakeLockTimeMsPerHourWhileScreenOff = 0 ms; mJobTimeMsPerHourWhileScreenOn = 0 ms; mJobTimeMsPerTwoHoursWhileScreenOn = 0 ms; mWiFiScanTimeMsPerHourWhileScreenOn = 0 ms; mCameraTimeMsPerHourWhileScreenOn = 0 ms; mFlashLightTimeMsPerHourWhileScreenOn = 0 ms; mGpsTimeMsPerHourWhileScreenOn = 0 ms; mAlarmCountPerHourWhileScreenOn = 0 ms
10-25 18:36:32.704  6040  4002 E Battery : HighPowerHelper: ; pkgName = com.avast.android.cleaner; mCpuTimeMsPerHourWhileScreenOn = 0 ms; mWakeLockTimeMsPerHourWhileScreenOn = 0 ms; mWakeLockTimeMsPerHourWhileScreenOff = 0 ms; mJobTimeMsPerHourWhileScreenOn = 0 ms; mJobTimeMsPerTwoHoursWhileScreenOn = 0 ms; mWiFiScanTimeMsPerHourWhileScreenOn = 0 ms; mCameraTimeMsPerHourWhileScreenOn = 0 ms; mFlashLightTimeMsPerHourWhileScreenOn = 0 ms; mGpsTimeMsPerHourWhileScreenOn = 0 ms; mAlarmCountPerHourWhileScreenOn = 0 ms
10-25 18:36:32.704  6040  4002 E Battery : HighPowerHelper: ; pkgName = com.google.android.play.games; mCpuTimeMsPerHourWhileScreenOn = 0 ms; mWakeLockTimeMsPerHourWhileScreenOn = 0 ms; mWakeLockTimeMsPerHourWhileScreenOff = 0 ms; mJobTimeMsPerHourWhileScreenOn = 0 ms; mJobTimeMsPerTwoHoursWhileScreenOn = 0 ms; mWiFiScanTimeMsPerHourWhileScreenOn = 0 ms; mCameraTimeMsPerHourWhileScreenOn = 0 ms; mFlashLightTimeMsPerHourWhileScreenOn = 0 ms; mGpsTimeMsPerHourWhileScreenOn = 0 ms; mAlarmCountPerHourWhileScreenOn = 0 ms
10-25 18:36:32.704  6040  4002 E Battery : HighPowerHelper: ; pkgName = video.downloader.videodownloader; mCpuTimeMsPerHourWhileScreenOn = 0 ms; mWakeLockTimeMsPerHourWhileScreenOn = 0 ms; mWakeLockTimeMsPerHourWhileScreenOff = 0 ms; mJobTimeMsPerHourWhileScreenOn = 0 ms; mJobTimeMsPerTwoHoursWhileScreenOn = 0 ms; mWiFiScanTimeMsPerHourWhileScreenOn = 0 ms; mCameraTimeMsPerHourWhileScreenOn = 0 ms; mFlashLightTimeMsPerHourWhileScreenOn = 0 ms; mGpsTimeMsPerHourWhileScreenOn = 0 ms; mAlarmCountPerHourWhileScreenOn = 0 ms
10-25 18:36:32.704  6040  4002 E Battery : HighPowerHelper: ; pkgName = org.telegram.messenger; mCpuTimeMsPerHourWhileScreenOn = 0 ms; mWakeLockTimeMsPerHourWhileScreenOn = 0 ms; mWakeLockTimeMsPerHourWhileScreenOff = 0 ms; mJobTimeMsPerHourWhileScreenOn = 0 ms; mJobTimeMsPerTwoHoursWhileScreenOn = 0 ms; mWiFiScanTimeMsPerHourWhileScreenOn = 0 ms; mCameraTimeMsPerHourWhileScreenOn = 0 ms; mFlashLightTimeMsPerHourWhileScreenOn = 0 ms; mGpsTimeMsPerHourWhileScreenOn = 0 ms; mAlarmCountPerHourWhileScreenOn = 0 ms
10-25 18:36:32.704  6040  4002 E Battery : HighPowerHelper: ; pkgName = com.coloros.note; mCpuTimeMsPerHourWhileScreenOn = 0 ms; mWakeLockTimeMsPerHourWhileScreenOn = 0 ms; mWakeLockTimeMsPerHourWhileScreenOff = 0 ms; mJobTimeMsPerHourWhileScreenOn = 0 ms; mJobTimeMsPerTwoHoursWhileScreenOn = 0 ms; mWiFiScanTimeMsPerHourWhileScreenOn = 0 ms; mCameraTimeMsPerHourWhileScreenOn = 0 ms; mFlashLightTimeMsPerHourWhileScreenOn = 0 ms; mGpsTimeMsPerHourWhileScreenOn = 0 ms; mAlarmCountPerHourWhileScreenOn = 0 ms
10-25 18:36:32.704  6040  4002 E Battery : HighPowerHelper: ; pkgName = com.facebook.orca; mCpuTimeMsPerHourWhileScreenOn = 0 ms; mWakeLockTimeMsPerHourWhileScreenOn = 0 ms; mWakeLockTimeMsPerHourWhileScreenOff = 0 ms; mJobTimeMsPerHourWhileScreenOn = 0 ms; mJobTimeMsPerTwoHoursWhileScreenOn = 0 ms; mWiFiScanTimeMsPerHourWhileScreenOn = 0 ms; mCameraTimeMsPerHourWhileScreenOn = 0 ms; mFlashLightTimeMsPerHourWhileScreenOn = 0 ms; mGpsTimeMsPerHourWhileScreenOn = 0 ms; mAlarmCountPerHourWhileScreenOn = 0 ms
10-25 18:36:32.704  6040  4002 E Battery : HighPowerHelper: ; pkgName = com.adobe.reader; mCpuTimeMsPerHourWhileScreenOn = 0 ms; mWakeLockTimeMsPerHourWhileScreenOn = 0 ms; mWakeLockTimeMsPerHourWhileScreenOff = 0 ms; mJobTimeMsPerHourWhileScreenOn = 0 ms; mJobTimeMsPerTwoHoursWhileScreenOn = 0 ms; mWiFiScanTimeMsPerHourWhileScreenOn = 0 ms; mCameraTimeMsPerHourWhileScreenOn = 0 ms; mFlashLightTimeMsPerHourWhileScreenOn = 0 ms; mGpsTimeMsPerHourWhileScreenOn = 0 ms; mAlarmCountPerHourWhileScreenOn = 0 ms
10-25 18:36:32.704  6040  4002 E Battery : HighPowerHelper: ; pkgName = com.whatsapp; mCpuTimeMsPerHourWhileScreenOn = 11370 ms; mWakeLockTimeMsPerHourWhileScreenOn = 94 ms; mWakeLockTimeMsPerHourWhileScreenOff = 0 ms; mJobTimeMsPerHourWhileScreenOn = 60286 ms; mJobTimeMsPerTwoHoursWhileScreenOn = 7180296 ms; mWiFiScanTimeMsPerHourWhileScreenOn = 0 ms; mCameraTimeMsPerHourWhileScreenOn = 0 ms; mFlashLightTimeMsPerHourWhileScreenOn = 0 ms; mGpsTimeMsPerHourWhileScreenOn = 0 ms; mAlarmCountPerHourWhileScreenOn = 0 ms
10-25 18:36:32.704  6040  4002 E Battery : HighPowerHelper: ; pkgName = it.argosoft.ape; mCpuTimeMsPerHourWhileScreenOn = 0 ms; mWakeLockTimeMsPerHourWhileScreenOn = 0 ms; mWakeLockTimeMsPerHourWhileScreenOff = 0 ms; mJobTimeMsPerHourWhileScreenOn = 0 ms; mJobTimeMsPerTwoHoursWhileScreenOn = 0 ms; mWiFiScanTimeMsPerHourWhileScreenOn = 0 ms; mCameraTimeMsPerHourWhileScreenOn = 0 ms; mFlashLightTimeMsPerHourWhileScreenOn = 0 ms; mGpsTimeMsPerHourWhileScreenOn = 0 ms; mAlarmCountPerHourWhileScreenOn = 0 ms
10-25 18:36:32.704  6040  4002 E Battery : HighPowerHelper: ; pkgName = it.quadronica.leghe; mCpuTimeMsPerHourWhileScreenOn = 50 ms; mWakeLockTimeMsPerHourWhileScreenOn = 0 ms; mWakeLockTimeMsPerHourWhileScreenOff = 0 ms; mJobTimeMsPerHourWhileScreenOn = 0 ms; mJobTimeMsPerTwoHoursWhileScreenOn = 7956 ms; mWiFiScanTimeMsPerHourWhileScreenOn = 0 ms; mCameraTimeMsPerHourWhileScreenOn = 0 ms; mFlashLightTimeMsPerHourWhileScreenOn = 0 ms; mGpsTimeMsPerHourWhileScreenOn = 0 ms; mAlarmCountPerHourWhileScreenOn = 0 ms
10-25 18:36:32.704  6040  4002 E Battery : HighPowerHelper: ; pkgName = com.facebook.katana; mCpuTimeMsPerHourWhileScreenOn = 1636 ms; mWakeLockTimeMsPerHourWhileScreenOn = 0 ms; mWakeLockTimeMsPerHourWhileScreenOff = 0 ms; mJobTimeMsPerHourWhileScreenOn = 0 ms; mJobTimeMsPerTwoHoursWhileScreenOn = 121344 ms; mWiFiScanTimeMsPerHourWhileScreenOn = 0 ms; mCameraTimeMsPerHourWhileScreenOn = 0 ms; mFlashLightTimeMsPerHourWhileScreenOn = 0 ms; mGpsTimeMsPerHourWhileScreenOn = 0 ms; mAlarmCountPerHourWhileScreenOn = 0 ms
10-25 18:36:32.705  6040  4002 E Battery : HighPowerHelper: ; pkgName = com.amazon.mShop.android.shopping; mCpuTimeMsPerHourWhileScreenOn = 0 ms; mWakeLockTimeMsPerHourWhileScreenOn = 0 ms; mWakeLockTimeMsPerHourWhileScreenOff = 0 ms; mJobTimeMsPerHourWhileScreenOn = 0 ms; mJobTimeMsPerTwoHoursWhileScreenOn = 0 ms; mWiFiScanTimeMsPerHourWhileScreenOn = 0 ms; mCameraTimeMsPerHourWhileScreenOn = 0 ms; mFlashLightTimeMsPerHourWhileScreenOn = 0 ms; mGpsTimeMsPerHourWhileScreenOn = 0 ms; mAlarmCountPerHourWhileScreenOn = 0 ms
10-25 18:36:32.705  6040  4002 E Battery : HighPowerHelper: ; pkgName = com.avast.android.mobilesecurity; mCpuTimeMsPerHourWhileScreenOn = 2814 ms; mWakeLockTimeMsPerHourWhileScreenOn = 0 ms; mWakeLockTimeMsPerHourWhileScreenOff = 0 ms; mJobTimeMsPerHourWhileScreenOn = 0 ms; mJobTimeMsPerTwoHoursWhileScreenOn = 206868 ms; mWiFiScanTimeMsPerHourWhileScreenOn = 0 ms; mCameraTimeMsPerHourWhileScreenOn = 0 ms; mFlashLightTimeMsPerHourWhileScreenOn = 0 ms; mGpsTimeMsPerHourWhileScreenOn = 0 ms; mAlarmCountPerHourWhileScreenOn = 0 ms
10-25 18:36:32.705  6040  4002 E Battery : HighPowerHelper: ; pkgName = com.csgroup.terminal; mCpuTimeMsPerHourWhileScreenOn = 38 ms; mWakeLockTimeMsPerHourWhileScreenOn = 0 ms; mWakeLockTimeMsPerHourWhileScreenOff = 0 ms; mJobTimeMsPerHourWhileScreenOn = 0 ms; mJobTimeMsPerTwoHoursWhileScreenOn = 0 ms; mWiFiScanTimeMsPerHourWhileScreenOn = 0 ms; mCameraTimeMsPerHourWhileScreenOn = 0 ms; mFlashLightTimeMsPerHourWhileScreenOn = 0 ms; mGpsTimeMsPerHourWhileScreenOn = 0 ms; mAlarmCountPerHourWhileScreenOn = 0 ms
10-25 18:36:32.705  6040  4002 E Battery : HighPowerHelper: ; pkgName = org.chromium.webapk.ac5b50c13a2f2c102_v2; mCpuTimeMsPerHourWhileScreenOn = 0 ms; mWakeLockTimeMsPerHourWhileScreenOn = 0 ms; mWakeLockTimeMsPerHourWhileScreenOff = 0 ms; mJobTimeMsPerHourWhileScreenOn = 0 ms; mJobTimeMsPerTwoHoursWhileScreenOn = 0 ms; mWiFiScanTimeMsPerHourWhileScreenOn = 0 ms; mCameraTimeMsPerHourWhileScreenOn = 0 ms; mFlashLightTimeMsPerHourWhileScreenOn = 0 ms; mGpsTimeMsPerHourWhileScreenOn = 0 ms; mAlarmCountPerHourWhileScreenOn = 0 ms
10-25 18:36:32.705  6040  4002 E Battery : HighPowerHelper: ; pkgName = com.google.android.apps.magazines; mCpuTimeMsPerHourWhileScreenOn = 0 ms; mWakeLockTimeMsPerHourWhileScreenOn = 0 ms; mWakeLockTimeMsPerHourWhileScreenOff = 0 ms; mJobTimeMsPerHourWhileScreenOn = 0 ms; mJobTimeMsPerTwoHoursWhileScreenOn = 0 ms; mWiFiScanTimeMsPerHourWhileScreenOn = 0 ms; mCameraTimeMsPerHourWhileScreenOn = 0 ms; mFlashLightTimeMsPerHourWhileScreenOn = 0 ms; mGpsTimeMsPerHourWhileScreenOn = 0 ms; mAlarmCountPerHourWhileScreenOn = 0 ms
10-25 18:36:32.705  6040  4002 E Battery : HighPowerHelper: ; pkgName = com.makeyourhomeai; mCpuTimeMsPerHourWhileScreenOn = 0 ms; mWakeLockTimeMsPerHourWhileScreenOn = 0 ms; mWakeLockTimeMsPerHourWhileScreenOff = 0 ms; mJobTimeMsPerHourWhileScreenOn = 0 ms; mJobTimeMsPerTwoHoursWhileScreenOn = 0 ms; mWiFiScanTimeMsPerHourWhileScreenOn = 0 ms; mCameraTimeMsPerHourWhileScreenOn = 0 ms; mFlashLightTimeMsPerHourWhileScreenOn = 0 ms; mGpsTimeMsPerHourWhileScreenOn = 0 ms; mAlarmCountPerHourWhileScreenOn = 0 ms
10-25 18:36:32.705  6040  4002 E Battery : HighPowerHelper: ; pkgName = com.google.android.contactkeys; mCpuTimeMsPerHourWhileScreenOn = 0 ms; mWakeLockTimeMsPerHourWhileScreenOn = 0 ms; mWakeLockTimeMsPerHourWhileScreenOff = 0 ms; mJobTimeMsPerHourWhileScreenOn = 0 ms; mJobTimeMsPerTwoHoursWhileScreenOn = 0 ms; mWiFiScanTimeMsPerHourWhileScreenOn = 0 ms; mCameraTimeMsPerHourWhileScreenOn = 0 ms; mFlashLightTimeMsPerHourWhileScreenOn = 0 ms; mGpsTimeMsPerHourWhileScreenOn = 0 ms; mAlarmCountPerHourWhileScreenOn = 0 ms
10-25 18:36:32.705  6040  4002 E Battery : HighPowerHelper: ; pkgName = appinventor.ai_riccardo_annolfi.provaApp; mCpuTimeMsPerHourWhileScreenOn = 0 ms; mWakeLockTimeMsPerHourWhileScreenOn = 0 ms; mWakeLockTimeMsPerHourWhileScreenOff = 0 ms; mJobTimeMsPerHourWhileScreenOn = 0 ms; mJobTimeMsPerTwoHoursWhileScreenOn = 0 ms; mWiFiScanTimeMsPerHourWhileScreenOn = 0 ms; mCameraTimeMsPerHourWhileScreenOn = 0 ms; mFlashLightTimeMsPerHourWhileScreenOn = 0 ms; mGpsTimeMsPerHourWhileScreenOn = 0 ms; mAlarmCountPerHourWhileScreenOn = 0 ms
10-25 18:36:32.705  6040  4002 E Battery : HighPowerHelper: ; pkgName = info.kfsoft.android.TrafficIndicator; mCpuTimeMsPerHourWhileScreenOn = 0 ms; mWakeLockTimeMsPerHourWhileScreenOn = 0 ms; mWakeLockTimeMsPerHourWhileScreenOff = 0 ms; mJobTimeMsPerHourWhileScreenOn = 0 ms; mJobTimeMsPerTwoHoursWhileScreenOn = 0 ms; mWiFiScanTimeMsPerHourWhileScreenOn = 0 ms; mCameraTimeMsPerHourWhileScreenOn = 0 ms; mFlashLightTimeMsPerHourWhileScreenOn = 0 ms; mGpsTimeMsPerHourWhileScreenOn = 0 ms; mAlarmCountPerHourWhileScreenOn = 0 ms
10-25 18:36:32.705  6040  4002 E Battery : HighPowerHelper: ; pkgName = org.linuxremote.app; mCpuTimeMsPerHourWhileScreenOn = 0 ms; mWakeLockTimeMsPerHourWhileScreenOn = 0 ms; mWakeLockTimeMsPerHourWhileScreenOff = 0 ms; mJobTimeMsPerHourWhileScreenOn = 0 ms; mJobTimeMsPerTwoHoursWhileScreenOn = 0 ms; mWiFiScanTimeMsPerHourWhileScreenOn = 0 ms; mCameraTimeMsPerHourWhileScreenOn = 0 ms; mFlashLightTimeMsPerHourWhileScreenOn = 0 ms; mGpsTimeMsPerHourWhileScreenOn = 0 ms; mAlarmCountPerHourWhileScreenOn = 0 ms
10-25 18:36:32.707  6040  4002 D HighPowerDetector: refresh battery stats
10-25 18:36:32.707  6040  4002 D HighPowerDetector: refresh battery stats
10-25 18:36:32.707  6040  4002 W Battery : State: the pool size 7 is or more than max pool size 7
10-25 18:36:32.707  6040  4002 W Battery : State: the pool size 7 is or more than max pool size 7
10-25 18:36:32.708  6040  4002 W Battery : State: the pool size 7 is or more than max pool size 7
10-25 18:36:32.708  6040  4002 W Battery : State: the pool size 7 is or more than max pool size 7
10-25 18:36:32.708  6040  4002 W Battery : State: the pool size 7 is or more than max pool size 7
10-25 18:36:32.708  6040  4002 W Battery : State: the pool size 7 is or more than max pool size 7
10-25 18:36:32.708  6040  4002 W Battery : State: the pool size 7 is or more than max pool size 7
10-25 18:36:32.708  6040  4002 W Battery : State: the pool size 7 is or more than max pool size 7
10-25 18:36:32.708  6040  4002 W Battery : State: the pool size 7 is or more than max pool size 7
10-25 18:36:32.770  1785  2050 D VRR [OPlusSurfaceFlingerController]:  setTouchIdle : TouchIdleBean{mEnable=true, mHwEnable=false, mSwEnable=true, mAdfrEnable=false, mTimeOut=4000, mContentThreshold=-1, mContentGapMs=500, mBrightnessLimit=200, mNitLimit=-1, mLowestRate=60, mBlackList=[], mReadingWhiteList=[], mSpecialTimeOutMap={}, mSwWhiteMap={}, mSwNegligibleOverlay=[], mHwDisablePanel=[], mAdfrToHwList=[]}
10-25 18:36:32.771  1216  1426 D VRR [OTI-HW]: rate range: min {id=0, hwcId=0, resolution=1080x2400, refreshRate=60.00 Hz, dpi=409.43x409.13, group=0} cur {id=0, hwcId=0, resolution=1080x2400, refreshRate=60.00 Hz, dpi=409.43x409.13, group=0} max {id=0, hwcId=0, resolution=1080x2400, refreshRate=60.00 Hz, dpi=409.43x409.13, group=0}
10-25 18:36:32.991  2650  2650 D KeyguardViewMediator: adjustStatusBarLocked: mShowing=true mOccluded=false isSecure=true force=true --> flags=0x1200000
10-25 18:36:32.999  2650  2650 V KeyguardSecurityView: getSecurityView view = com.oplusos.systemui.keyguard.security.view.KeyguardPinView{7739592 VFE...... .F....ID 0,0-1080,2400 #7f0b06b8 app:id/oplusos_kgd_security_pin_six_view}
10-25 18:36:33.001  2650  2650 V KeyguardSecurityView: getSecurityView view = com.oplusos.systemui.keyguard.security.view.KeyguardPinView{7739592 VFE...... .F....ID 0,0-1080,2400 #7f0b06b8 app:id/oplusos_kgd_security_pin_six_view}
10-25 18:36:33.001  2650  2650 V KeyguardSecurityView: getSecurityView view = com.oplusos.systemui.keyguard.security.view.KeyguardPinView{7739592 VFE...... .F....ID 0,0-1080,2400 #7f0b06b8 app:id/oplusos_kgd_security_pin_six_view}
10-25 18:36:33.005  2650  2650 D KeyguardViewMediator: adjustStatusBarLocked: mShowing=true mOccluded=false isSecure=true force=true --> flags=0x1200000
10-25 18:36:33.017  2650  2650 D KeyguardViewMediator: adjustStatusBarLocked: mShowing=true mOccluded=false isSecure=true force=true --> flags=0x1200000
10-25 18:36:33.021  2650  2650 D KeyguardViewMediator: adjustStatusBarLocked: mShowing=true mOccluded=false isSecure=true force=true --> flags=0x1200000
10-25 18:36:33.022  2650  2650 D KeyguardViewMediator: adjustStatusBarLocked: mShowing=true mOccluded=false isSecure=true force=true --> flags=0x1200000
10-25 18:36:33.120  2650  2650 V KeyguardSecurityView: getSecurityView view = com.oplusos.systemui.keyguard.security.view.KeyguardPinView{7739592 VFE...... .F.....D 0,0-1080,2400 #7f0b06b8 app:id/oplusos_kgd_security_pin_six_view}
10-25 18:36:33.120  2650  2650 V KeyguardSecurityView: getSecurityView view = com.oplusos.systemui.keyguard.security.view.KeyguardPinView{7739592 VFE...... .F.....D 0,0-1080,2400 #7f0b06b8 app:id/oplusos_kgd_security_pin_six_view}
10-25 18:36:33.122  1785  6006 D SensorService: 0xb400007b8cdd2680 removeFd fd=1087
10-25 18:36:33.122  1785  6006 D SensorService: SensorDevice::activate: ident=0xb400007b8cdd2680, handle=0x00000008, enabled=0, count=2
10-25 18:36:33.122  1785  6006 D SensorService: 	>>> actuating h/w batch 0x00000008 200000000 0
10-25 18:36:33.122  1109  1109 I sensors-hal-OriginChannel: batch: [8,200000000,0]
10-25 18:36:33.125  1785  6006 D SensorService: ~SensorEventConnection(0xb400007b8cdd2680)
10-25 18:36:33.125  1785  6006 D SensorService: removing connection 0xb400007b8cdd2680 for sensor[0].handle=0x00000001
10-25 18:36:33.125  1785  6006 D SensorService: removing connection 0xb400007b8cdd2680 for sensor[1].handle=0x00000008
10-25 18:36:33.125  1785  6006 D SensorService: removing connection 0xb400007b8cdd2680 for sensor[2].handle=0x00000011
10-25 18:36:33.125  1785  6006 D SensorService: removing connection 0xb400007b8cdd2680 for sensor[3].handle=0x00000013
10-25 18:36:33.125  1785  6006 D SensorService: removing connection 0xb400007b8cdd2680 for sensor[4].handle=0x0000001b
10-25 18:36:33.125  1785  6006 D SensorService: removing connection 0xb400007b8cdd2680 for sensor[5].handle=0x00000048
10-25 18:36:33.125  1785  6006 D SensorService: removing connection 0xb400007b8cdd2680 for sensor[6].handle=0x000003e9
10-25 18:36:33.125  1785  6006 D SensorService: removing connection 0xb400007b8cdd2680 for sensor[7].handle=0x01000052
10-25 18:36:33.125  1785  6006 D SensorService: removing connection 0xb400007b8cdd2680 for sensor[8].handle=0x01000054
10-25 18:36:33.125  1785  6006 D SensorService: removing connection 0xb400007b8cdd2680 for sensor[9].handle=0x01000056
10-25 18:36:33.169  1785  6057 V WindowManager: Relayout Window{3b353c u0 NotificationShade}: viewVisibility=0, oldvis=0, req=1080x2400
10-25 18:36:33.200 31059  4057 D libjpeg-alpha: Huffman Builder binding core: failed (Invalid argument)
10-25 18:36:33.248  1122  1259 I libPowerHal: [PD] system_server update cmd:2004100 param:2
10-25 18:36:33.251  1122  1259 I libPowerHal: system_server: cpu_ctrl set cpu freq: -1 -1 2400000 -1
10-25 18:36:33.384 31059 31166 D skia    : stream getLength() supported, buffer addr 0x7d12a24000 length 324224
10-25 18:36:33.385 31059 31166 D skia    : LoadInputStreamToMem va 0x7d12a24000  size 324224
10-25 18:36:33.865 31059 31166 D libjpeg-alpha: Tile Decoder (#thread:4, size:256 256 256 432x400, alignment:256x16)
10-25 18:36:33.959 31059 31166 D libjpeg-alpha: Tile Decoder (#thread:4, size:256 256 256 131x400, alignment:256x16)
10-25 18:36:34.049 31059 31166 D skia    : stream getLength() supported, buffer addr 0x7d181f4000 length 91520
10-25 18:36:34.049 31059 31166 D skia    : LoadInputStreamToMem va 0x7d181f4000  size 91520
10-25 18:36:34.101 31059 31166 V ListServiceUtils: checkInListByUid end module:custom-icc uid:10171  time 626702720096us
10-25 18:36:34.200  1785  2423 D OGG_Detector: D:done mCurrStatus: 0
10-25 18:36:34.258 31059 31166 D TBLMetadataRetriever: getCoverPicture: option CLOSEST_SYNC,dstWidth 200,dstHeight 150
10-25 18:36:34.262 31059 31166 D TBLMetadataRetriever: rotateBitmap: rotation = 0, ori.getWidth = 200, ori.getHeight = 150
10-25 18:36:34.266 31059 31166 V JpegEncoderExtImpl: Resolution: 200 x 150,support: 0;
10-25 18:36:34.295 31059 31166 D skia    : stream getLength() supported, buffer addr 0x7d12cf2000 length 126336
10-25 18:36:34.295 31059 31166 D skia    : LoadInputStreamToMem va 0x7d12cf2000  size 126336
10-25 18:36:34.301 31059 31166 D libjpeg-alpha: Tile Decoder (#thread:4, size:256 256 256 432x400, alignment:256x16)
10-25 18:36:34.337  1109  1144 I sensors-hal-OriginChannel: wise light debug, data[3].type is 65627,data[3].sensor is 91:[1225.000000,,200.000000,,18.000000,0.000000,1281015846184820]
10-25 18:36:34.400 31059 31166 V ListServiceUtils: checkInListByUid start module:custom-icc uid:10171  time 626703019096us
10-25 18:36:34.400  1463 29610 D MMListService: checkInListByUid end module:custom-icc uid:10171 time 626703019268
10-25 18:36:34.400 31059 31166 V ListServiceUtils: checkInListByUid end module:custom-icc uid:10171  time 626703019412us
10-25 18:36:34.400 31059 31166 D ListServiceUtils: checkInListByUid module:custom-icc uid:10171 cost 315us return 1
10-25 18:36:34.400 31059 31166 D JpegEncoderExtImpl: use ICC 4.0
10-25 18:36:34.400 31059 31166 D JpegEncoderExtImpl: OplusWriteICCProfile, write exif_data JPEG_APP2  offset:514
10-25 18:36:34.400  1463 29610 D MMListService: getListValueByUid module:image-processing, uid:10171
10-25 18:36:34.400 31059 31166 V ListServiceUtils: checkInListByUid module:image-processing uid:10171 cost 102us return (null)
10-25 18:36:34.400 31059 31166 V JpegEncoderExtImpl: Resolution: 30 x 30,support: 0;
10-25 18:36:34.423 31059 31166 D TBLMetadataRetriever: getCoverPicture: option CLOSEST_SYNC,dstWidth 200,dstHeight 138
10-25 18:36:34.427 31059 31166 D TBLMetadataRetriever: rotateBitmap: rotation = 0, ori.getWidth = 200, ori.getHeight = 138
10-25 18:36:34.431 31059 31166 V JpegEncoderExtImpl: Resolution: 200 x 138,support: 0;
10-25 18:36:34.652  1122  1259 I libPowerHal: [PD] system_server update cmd:2004100 param:2
10-25 18:36:34.655  1122  1259 I libPowerHal: system_server: cpu_ctrl set cpu freq: 2000000 -1 2400000 -1
10-25 18:36:34.697  2650  2650 V KeyguardSecurityView: getSecurityView view = com.oplusos.systemui.keyguard.security.view.KeyguardPinView{7739592 VFE...... .F...... 0,0-1080,2400 #7f0b06b8 app:id/oplusos_kgd_security_pin_six_view}
10-25 18:36:34.697  2650  2650 V KeyguardSecurityView: getSecurityView view = com.oplusos.systemui.keyguard.security.view.KeyguardPinView{7739592 VFE...... .F...... 0,0-1080,2400 #7f0b06b8 app:id/oplusos_kgd_security_pin_six_view}
10-25 18:36:34.767  1122  1259 I libPowerHal: [PD] system_server update cmd:2004100 param:2
10-25 18:36:34.767  1122  1259 I libPowerHal: system_server: cpu_ctrl set cpu freq: 2000000 -1 2400000 -1
10-25 18:36:34.891 31059 31166 D libjpeg-alpha: Tile Decoder (#thread:4, size:256 256 256 363x400, alignment:256x16)
10-25 18:36:35.115  1785  6057 D ActivityTaskManager: getStartingWindowType: newTask=false, taskSwitch=true, processRunning=true, allowTaskSnapshot=true, activityCreated=true, snapshot=TaskSnapshot{ mId=1761409784341 mTopActivityComponent=com.android.launcher/.Launcher mSnapshot=android.hardware.HardwareBuffer@addbfd0 (1080x2400) mColorSpace=sRGB IEC61966-2.1 (id=0, model=RGB) mOrientation=1 mRotation=0 mTaskSize=Point(1080, 2400) mContentInsets=[0,118][0,149] mLetterboxInsets=[0,0][0,0] mIsLowResolution=false mIsRealSnapshot=true mWindowingMode=1 mAppearance=0 mIsTranslucent=true mHasImeSurface=false, record:ActivityRecord{ddd2cf6 u0 com.android.launcher/.Launcher} t6}
10-25 18:36:35.122  1785  6006 V WindowManager: Relayout Window{51a241b u0 com.android.launcher/com.android.launcher.Launcher}: viewVisibility=0, oldvis=8, req=1080x2400
10-25 18:36:35.123  1216  1280 I BufferQueueDebug: [com.android.launcher/com.android.launcher.Launcher#77619](this:0xb400007a301759e8,id:-1,api:0,p:-1,c:-1) BufferQueue core=(1216:/system/bin/surfaceflinger)
10-25 18:36:35.132  1785  1886 D CompatibilityChangeReporter: Compat change id reported: 168419799; UID 10200; state: DISABLED
10-25 18:36:35.150  1785  3346 V WindowManager: Relayout Window{cac7604 u0 com.android.launcher/com.android.launcher.Launcher}: viewVisibility=0, oldvis=8, req=1080x2400
10-25 18:36:35.151  1216  1280 I BufferQueueDebug: [com.android.launcher/com.android.launcher.Launcher#77620](this:0xb400007a3017f9e8,id:-1,api:0,p:-1,c:-1) BufferQueue core=(1216:/system/bin/surfaceflinger)
10-25 18:36:35.160  2834  2834 D BufferQueueConsumer: [](id:b1200000750,api:0,p:-1,c:2834) connect: controlledByApp=false
10-25 18:36:35.165 31059  4200 D libjpeg-alpha: Inconsistent progression sequence for component 0 coefficient 0
10-25 18:36:35.191 31059  4200 D libjpeg-alpha: Inconsistent progression sequence for component 0 coefficient 0
10-25 18:36:35.194 11741 11972 D BLASTBufferQueue: [VRI[Launcher]#52](f:0,a:1) acquireNextBufferLocked size=1080x2400 mFrameNumber=1 applyTransaction=true mTimestamp=626703811894892(auto) mPendingTransactions.size=0 graphicBufferId=50427211022554 transform=0
10-25 18:36:35.209  1216  1216 D BufferStateLayer: com.android.launcher/com.android.launcher.Launcher#77619 setBuffer frameId=1, bufferId=50427211022554 fenceId=833, w= 1080, h=2400
10-25 18:36:35.225 31059  4200 D libjpeg-alpha: Inconsistent progression sequence for component 0 coefficient 0
10-25 18:36:35.228  2834  3033 D BLASTBufferQueue: [VRI[Launcher]#1192](f:0,a:1) acquireNextBufferLocked size=1080x2400 mFrameNumber=1 applyTransaction=true mTimestamp=626703846515815(auto) mPendingTransactions.size=0 graphicBufferId=12171937325796 transform=0
10-25 18:36:35.239 31059  4200 D libjpeg-alpha: Inconsistent progression sequence for component 0 coefficient 0
10-25 18:36:35.242  1216  1216 D BufferStateLayer: com.android.launcher/com.android.launcher.Launcher#77620 setBuffer frameId=1, bufferId=12171937325796 fenceId=840, w= 1080, h=2400
10-25 18:36:35.244  1785  3346 V WindowManager: Relayout Window{eac9382 u0 com.android.systemui.ImageWallpaper}: viewVisibility=0, oldvis=0, req=1080x2400
10-25 18:36:35.260  1785  6057 D SensorService: 0xb400007b939f3580 removeFd fd=1108
10-25 18:36:35.260  1785  6057 D SensorService: SensorDevice::activate: ident=0xb400007b939f3580, handle=0x00000008, enabled=0, count=1
10-25 18:36:35.264  1785  6057 D SensorService: ~SensorEventConnection(0xb400007b939f3580)
10-25 18:36:35.264  1785  6057 D SensorService: removing connection 0xb400007b939f3580 for sensor[0].handle=0x00000001
10-25 18:36:35.264  1785  6057 D SensorService: removing connection 0xb400007b939f3580 for sensor[1].handle=0x00000011
10-25 18:36:35.264  1785  6057 D SensorService: removing connection 0xb400007b939f3580 for sensor[2].handle=0x00000013
10-25 18:36:35.264  1785  6057 D SensorService: removing connection 0xb400007b939f3580 for sensor[3].handle=0x0000001b
10-25 18:36:35.264  1785  6057 D SensorService: removing connection 0xb400007b939f3580 for sensor[4].handle=0x00000048
10-25 18:36:35.264  1785  6057 D SensorService: removing connection 0xb400007b939f3580 for sensor[5].handle=0x000003e9
10-25 18:36:35.264  1785  6057 D SensorService: removing connection 0xb400007b939f3580 for sensor[6].handle=0x01000052
10-25 18:36:35.264  1785  6057 D SensorService: removing connection 0xb400007b939f3580 for sensor[7].handle=0x01000054
10-25 18:36:35.265  1785  6057 D SensorService: removing connection 0xb400007b939f3580 for sensor[8].handle=0x01000056
10-25 18:36:35.273  1122  1259 I libPowerHal: [PD] system_server update cmd:2004100 param:2
10-25 18:36:35.275  7698  7698 I AstScreen.ApplicationStateChangeMonitor: ScreenOnOffBroadcastReceiver onReceive, startIntent { act=android.intent.action.USER_PRESENT flg=0x24200010 }
10-25 18:36:35.284  1122  1259 I libPowerHal: system_server: cpu_ctrl set cpu freq: 2000000 -1 2400000 -1
10-25 18:36:35.294  2650  2650 V KeyguardSecurityView: getSecurityView view = com.oplusos.systemui.keyguard.security.view.KeyguardPinView{7739592 VFE...... .F...... 0,0-1080,2400 #7f0b06b8 app:id/oplusos_kgd_security_pin_six_view}
10-25 18:36:35.294  2650  2650 V KeyguardSecurityView: getSecurityView view = com.oplusos.systemui.keyguard.security.view.KeyguardPinView{7739592 VFE...... .F...... 0,0-1080,2400 #7f0b06b8 app:id/oplusos_kgd_security_pin_six_view}
10-25 18:36:35.400 26711 30748 I NearbyMediums: BluetoothAdapter's name was not set by Nearby Connections, ignoring call to restore device name
10-25 18:36:35.416  1785  6079 V WindowManager: Relayout Window{3b353c u0 NotificationShade}: viewVisibility=0, oldvis=0, req=1080x2400
10-25 18:36:35.420 31059 31166 D skia    : stream getLength() supported, buffer addr 0x7bed740000 length 6512128
10-25 18:36:35.429 31059 31166 D skia    : LoadInputStreamToMem va 0x7bed740000  size 6512128
10-25 18:36:35.595  1785  3346 V WindowManager: Relayout Window{3b353c u0 NotificationShade}: viewVisibility=4, oldvis=0, req=1080x2400
10-25 18:36:35.607  1216  1216 I BufferQueueDebug: [NotificationShade#77616](this:0xb4000079f9ff99e8,id:-1,api:0,p:-1,c:1216) onDestructor()
10-25 18:36:35.656 31059 31166 D libjpeg-alpha: Tile Decoder (#thread:4, size:256 256 256 363x400, alignment:256x16)
10-25 18:36:35.659  1122  1259 I libPowerHal: [PD] system_server update cmd:2004100 param:2
10-25 18:36:36.997  3236  3627 I iopgp   : Iopgp: TRANSACTION_IOPGP_ON_KEY_DOWN sequence_id = 141 pkg_name = com.makeyourhomeai isProfile = 0
