10-25 18:36:07.131  6364  6834 D MediaProvider: Open with FUSE. FilePath: /storage/emulated/0/Android/media/com.whatsapp/WhatsApp/Media/WhatsApp Images/IMG-20251013-WA0000.jpg. Uid: 10171. Media Capabilities Uid: 0. ShouldRedact: false. ShouldTranscode: false
10-25 18:36:07.138 31059 31166 W SizeConfigStrategy:  [get] result is null or recycled.
10-25 18:36:07.140 31059 31166 D skia    : SkJpegCodec::onGetPixels +
10-25 18:36:07.143 31059 31166 D skia    : stream getLength() supported, buffer addr 0x7d12a30000 length 277248
10-25 18:36:07.143 31059 31166 D skia    : LoadInputStreamToMem va 0x7d12a30000  size 277248
10-25 18:36:07.145 31059 31166 D libjpeg-alpha: Huffman Builder run in subthread
10-25 18:36:07.146 31059  2461 D libjpeg-alpha: Huffman Builder binding core: failed (Invalid argument)
10-25 18:36:07.147 31059  2461 D libjpeg-alpha: Corrupt JPEG data: 25385 extraneous bytes before marker 0xc4
10-25 18:36:07.154 31059 31166 D libjpeg-alpha: Tile Decoder (#thread:4, size:512 512 512 384x272, alignment:256x16)
10-25 18:36:07.156 31059  2462 D libjpeg-alpha: Tile Decoder binding core: failed (Invalid argument)
10-25 18:36:07.156 31059  2462 D libjpeg-alpha: Inconsistent progression sequence for component 0 coefficient 0
10-25 18:36:07.156 31059  2464 D libjpeg-alpha: Inconsistent progression sequence for component 0 coefficient 0
10-25 18:36:07.156 31059  2463 D libjpeg-alpha: Inconsistent progression sequence for component 0 coefficient 0
10-25 18:36:07.156 31059  2465 D libjpeg-alpha: Inconsistent progression sequence for component 0 coefficient 0
10-25 18:36:07.164 31059  2462 D libjpeg-alpha: Inconsistent progression sequence for component 0 coefficient 0
10-25 18:36:07.164 31059  2464 D libjpeg-alpha: Inconsistent progression sequence for component 0 coefficient 0
10-25 18:36:07.164 31059  2463 D libjpeg-alpha: Inconsistent progression sequence for component 0 coefficient 0
10-25 18:36:07.164 31059  2465 D libjpeg-alpha: Inconsistent progression sequence for component 0 coefficient 0
10-25 18:36:07.175 31059  2465 D libjpeg-alpha: Inconsistent progression sequence for component 0 coefficient 0
10-25 18:36:07.175 31059  2462 D libjpeg-alpha: Inconsistent progression sequence for component 0 coefficient 0
10-25 18:36:07.175 31059  2463 D libjpeg-alpha: Inconsistent progression sequence for component 0 coefficient 0
10-25 18:36:07.175 31059  2464 D libjpeg-alpha: Inconsistent progression sequence for component 0 coefficient 0
10-25 18:36:07.187 31059  2462 D libjpeg-alpha: Inconsistent progression sequence for component 0 coefficient 0
10-25 18:36:07.187 31059  2465 D libjpeg-alpha: Inconsistent progression sequence for component 0 coefficient 0
10-25 18:36:07.187 31059  2464 D libjpeg-alpha: Inconsistent progression sequence for component 0 coefficient 0
10-25 18:36:07.188 31059  2463 D libjpeg-alpha: Inconsistent progression sequence for component 0 coefficient 0
10-25 18:36:07.199 31059 31166 D skia    : SkJpegCodec::onGetPixels -
10-25 18:36:07.204 31059 31166 W SizeConfigStrategy:  [get] result is null or recycled.
10-25 18:36:07.230 31059 31166 W SizeConfigStrategy:  [get] result is null or recycled.
10-25 18:36:07.232 31059 31166 V ListServiceUtils: checkInListByUid start module:custom-icc uid:10171  time 626675851778us
10-25 18:36:07.233  1463 29610 D MMListService: checkInListByUid end module:custom-icc uid:10171 time 626675852581
10-25 18:36:07.233 31059 31166 V ListServiceUtils: checkInListByUid end module:custom-icc uid:10171  time 626675852830us
10-25 18:36:07.234 31059 31166 D ListServiceUtils: checkInListByUid module:custom-icc uid:10171 cost 1050us return 1
10-25 18:36:07.234 31059 31166 E ListServiceUtils: checkInListByUid module:custom-icc uid:10171 cost 1050us return 1
10-25 18:36:07.234 31059 31166 D JpegEncoderExtImpl: use ICC 4.0
10-25 18:36:07.234 31059 31166 D JpegEncoderExtImpl: OplusWriteICCProfile, write exif_data JPEG_APP2  offset:514
10-25 18:36:07.234  1463 29610 D MMListService: getListValueByUid module:image-processing, uid:10171
10-25 18:36:07.234 31059 31166 V ListServiceUtils: checkInListByUid module:image-processing uid:10171 cost 310us return (null)
10-25 18:36:07.234 31059 31166 V JpegEncoderExtImpl: Resolution: 512 x 288,support: 0;
10-25 18:36:07.243 31059 31166 W BitmapUtils:  [enlargeCropRect], recommendRect is null or empty, return calculateSquareCropRect!
10-25 18:36:07.243 31059 31166 W SizeConfigStrategy:  [get] result is null or recycled.
10-25 18:36:07.250 31059 31166 V ListServiceUtils: checkInListByUid start module:custom-icc uid:10171  time 626675869150us
10-25 18:36:07.250  1463 29610 D MMListService: checkInListByUid end module:custom-icc uid:10171 time 626675869571
10-25 18:36:07.251 31059 31166 V ListServiceUtils: checkInListByUid end module:custom-icc uid:10171  time 626675869938us
10-25 18:36:07.251 31059 31166 D ListServiceUtils: checkInListByUid module:custom-icc uid:10171 cost 787us return 1
10-25 18:36:07.251 31059 31166 D JpegEncoderExtImpl: use ICC 4.0
10-25 18:36:07.251 31059 31166 D JpegEncoderExtImpl: OplusWriteICCProfile, write exif_data JPEG_APP2  offset:514
10-25 18:36:07.251  1463 29610 D MMListService: getListValueByUid module:image-processing, uid:10171
10-25 18:36:07.251 31059 31166 V ListServiceUtils: checkInListByUid module:image-processing uid:10171 cost 231us return (null)
10-25 18:36:07.251 31059 31166 V JpegEncoderExtImpl: Resolution: 30 x 30,support: 0;
10-25 18:36:07.253 31059 31166 W ThumbnailCache:  [getBitmap] return null when get bitmap from all cache,type:MEMORY_AND_DISK key=LocalMediaCacheKey(path=/local/item/image/16963, dateModifiedInSec=1760274107, mimeType=image/jpeg, cropParams=NoCrop), codecType:null
10-25 18:36:07.266  6364  6834 D MediaProvider: Open with FUSE. FilePath: /storage/emulated/0/Android/media/com.whatsapp/WhatsApp/Media/WhatsApp Images/IMG-20251012-WA0017.jpg. Uid: 10171. Media Capabilities Uid: 0. ShouldRedact: false. ShouldTranscode: false
10-25 18:36:07.274 31059 31166 D skia    : SkJpegCodec::onGetPixels +
10-25 18:36:07.276 31059 31166 D skia    : stream getLength() supported, buffer addr 0x7d12cec000 length 149376
10-25 18:36:07.276 31059 31166 D skia    : LoadInputStreamToMem va 0x7d12cec000  size 149376
10-25 18:36:07.277 31059 31166 D libjpeg-alpha: Huffman Builder run in subthread
10-25 18:36:07.278 31059 31166 D libjpeg-alpha: Tile Decoder (#thread:4, size:256 256 256 131x512, alignment:256x16)
10-25 18:36:07.280 31059  2466 D libjpeg-alpha: Huffman Builder binding core: failed (Invalid argument)
10-25 18:36:07.280 31059  2466 D libjpeg-alpha: Corrupt JPEG data: 14015 extraneous bytes before marker 0xc4
10-25 18:36:07.280 31059  2469 D libjpeg-alpha: Tile Decoder binding core: failed (Invalid argument)
10-25 18:36:07.280 31059  2469 D libjpeg-alpha: Inconsistent progression sequence for component 0 coefficient 0
10-25 18:36:07.280 31059  2468 D libjpeg-alpha: Inconsistent progression sequence for component 0 coefficient 0
10-25 18:36:07.280 31059  2471 D libjpeg-alpha: Inconsistent progression sequence for component 0 coefficient 0
10-25 18:36:07.281 31059  2470 D libjpeg-alpha: Inconsistent progression sequence for component 0 coefficient 0
10-25 18:36:07.292 31059  2468 D libjpeg-alpha: Inconsistent progression sequence for component 0 coefficient 0
10-25 18:36:07.293 31059  2471 D libjpeg-alpha: Inconsistent progression sequence for component 0 coefficient 0
10-25 18:36:07.293 31059  2469 D libjpeg-alpha: Inconsistent progression sequence for component 0 coefficient 0
10-25 18:36:07.294 31059  2470 D libjpeg-alpha: Inconsistent progression sequence for component 0 coefficient 0
10-25 18:36:07.304 31059  2470 D libjpeg-alpha: Inconsistent progression sequence for component 0 coefficient 0
10-25 18:36:07.304 31059  2471 D libjpeg-alpha: Inconsistent progression sequence for component 0 coefficient 0
10-25 18:36:07.304 31059  2468 D libjpeg-alpha: Inconsistent progression sequence for component 0 coefficient 0
10-25 18:36:07.305 31059  2469 D libjpeg-alpha: Inconsistent progression sequence for component 0 coefficient 0
10-25 18:36:07.314 31059  2469 D libjpeg-alpha: Inconsistent progression sequence for component 0 coefficient 0
10-25 18:36:07.314 31059  2468 D libjpeg-alpha: Inconsistent progression sequence for component 0 coefficient 0
10-25 18:36:07.314 31059  2471 D libjpeg-alpha: Inconsistent progression sequence for component 0 coefficient 0
10-25 18:36:07.315 31059  2470 D libjpeg-alpha: Inconsistent progression sequence for component 0 coefficient 0
10-25 18:36:07.324 31059 31166 D skia    : SkJpegCodec::onGetPixels -
10-25 18:36:07.351 31059 31166 V ListServiceUtils: checkInListByUid start module:custom-icc uid:10171  time 626675970530us
10-25 18:36:07.352  1463 29610 D MMListService: checkInListByUid end module:custom-icc uid:10171 time 626675971184
10-25 18:36:07.352 31059 31166 V ListServiceUtils: checkInListByUid end module:custom-icc uid:10171  time 626675971597us
10-25 18:36:07.352 31059 31166 D ListServiceUtils: checkInListByUid module:custom-icc uid:10171 cost 1067us return 1
10-25 18:36:07.352 31059 31166 E ListServiceUtils: checkInListByUid module:custom-icc uid:10171 cost 1067us return 1
10-25 18:36:07.352 31059 31166 D JpegEncoderExtImpl: use ICC 4.0
10-25 18:36:07.352 31059 31166 D JpegEncoderExtImpl: OplusWriteICCProfile, write exif_data JPEG_APP2  offset:514
10-25 18:36:07.352  1463 29610 D MMListService: getListValueByUid module:image-processing, uid:10171
10-25 18:36:07.353 31059 31166 V ListServiceUtils: checkInListByUid module:image-processing uid:10171 cost 188us return (null)
10-25 18:36:07.353 31059 31166 V JpegEncoderExtImpl: Resolution: 288 x 655,support: 0;
10-25 18:36:07.362 31059 31166 W BitmapUtils:  [enlargeCropRect], recommendRect is null or empty, return calculateSquareCropRect!
10-25 18:36:07.367 31059 31166 V ListServiceUtils: checkInListByUid start module:custom-icc uid:10171  time 626675986655us
10-25 18:36:07.368  1463 29610 D MMListService: checkInListByUid end module:custom-icc uid:10171 time 626675987058
10-25 18:36:07.368 31059 31166 V ListServiceUtils: checkInListByUid end module:custom-icc uid:10171  time 626675987199us
10-25 18:36:07.368 31059 31166 D ListServiceUtils: checkInListByUid module:custom-icc uid:10171 cost 543us return 1
10-25 18:36:07.368 31059 31166 D JpegEncoderExtImpl: use ICC 4.0
10-25 18:36:07.368 31059 31166 D JpegEncoderExtImpl: OplusWriteICCProfile, write exif_data JPEG_APP2  offset:514
10-25 18:36:07.368  1463 29610 D MMListService: getListValueByUid module:image-processing, uid:10171
10-25 18:36:07.369 31059 31166 V ListServiceUtils: checkInListByUid module:image-processing uid:10171 cost 1028us return (null)
10-25 18:36:07.369 31059 31166 E ListServiceUtils: checkInListByUid module:image-processing uid:10171 cost 1028us return (null)
10-25 18:36:07.369 31059 31166 V JpegEncoderExtImpl: Resolution: 30 x 30,support: 0;
10-25 18:36:07.372 31059 31166 W ThumbnailCache:  [getBitmap] return null when get bitmap from all cache,type:MEMORY_AND_DISK key=LocalMediaCacheKey(path=/local/item/image/16962, dateModifiedInSec=1760273381, mimeType=image/jpeg, cropParams=NoCrop), codecType:null
10-25 18:36:07.384  6364  6834 D MediaProvider: Open with FUSE. FilePath: /storage/emulated/0/DCIM/Camera/IMG20251012144940.jpg. Uid: 10171. Media Capabilities Uid: 0. ShouldRedact: false. ShouldTranscode: false
10-25 18:36:07.391 31059 31166 D skia    : SkJpegCodec::onGetPixels +
10-25 18:36:07.407 31059 31166 D skia    : stream getLength() supported, buffer addr 0x7beda20000 length 3497856
10-25 18:36:07.413 31059 31166 D skia    : LoadInputStreamToMem va 0x7beda20000  size 3497856
10-25 18:36:07.414 31059 31166 D libjpeg-alpha: Huffman Builder run in subthread
10-25 18:36:07.415 31059 31166 D libjpeg-alpha: Tile Decoder (#thread:4, size:768 768 768 704x560, alignment:256x16)
10-25 18:36:07.415 31059  2472 D libjpeg-alpha: Huffman Builder binding core: failed (Invalid argument)
10-25 18:36:07.416 31059  2473 D libjpeg-alpha: Tile Decoder binding core: failed (Invalid argument)
10-25 18:36:07.445 31059 31166 D skia    : SkJpegCodec::onGetPixels -
10-25 18:36:07.449 31059 31166 W SizeConfigStrategy:  [get] result is null or recycled.
10-25 18:36:07.463 31059 31166 W SizeConfigStrategy:  [get] result is null or recycled.
10-25 18:36:07.464 31059 31166 V ListServiceUtils: checkInListByUid start module:custom-icc uid:10171  time 626676083705us
10-25 18:36:07.465  1463 29610 D MMListService: checkInListByUid end module:custom-icc uid:10171 time 626676084346
10-25 18:36:07.465 31059 31166 V ListServiceUtils: checkInListByUid end module:custom-icc uid:10171  time 626676084494us
10-25 18:36:07.465 31059 31166 D ListServiceUtils: checkInListByUid module:custom-icc uid:10171 cost 788us return 1
10-25 18:36:07.465 31059 31166 D JpegEncoderExtImpl: use ICC 4.0
10-25 18:36:07.465 31059 31166 D JpegEncoderExtImpl: OplusWriteICCProfile, write exif_data JPEG_APP2  offset:514
10-25 18:36:07.465  1463 29610 D MMListService: getListValueByUid module:image-processing, uid:10171
10-25 18:36:07.465 31059 31166 V ListServiceUtils: checkInListByUid module:image-processing uid:10171 cost 108us return (null)
10-25 18:36:07.465 31059 31166 V JpegEncoderExtImpl: Resolution: 392 x 288,support: 0;
10-25 18:36:07.471 31059 31166 W BitmapUtils:  [enlargeCropRect], recommendRect is null or empty, return calculateSquareCropRect!
10-25 18:36:07.471 31059 31166 W SizeConfigStrategy:  [get] result is null or recycled.
10-25 18:36:07.477 31059 31166 V ListServiceUtils: checkInListByUid start module:custom-icc uid:10171  time 626676095971us
10-25 18:36:07.477  1463 29610 D MMListService: checkInListByUid end module:custom-icc uid:10171 time 626676096473
10-25 18:36:07.477 31059 31166 V ListServiceUtils: checkInListByUid end module:custom-icc uid:10171  time 626676096788us
10-25 18:36:07.477 31059 31166 D ListServiceUtils: checkInListByUid module:custom-icc uid:10171 cost 815us return 1
10-25 18:36:07.477 31059 31166 D JpegEncoderExtImpl: use ICC 4.0
10-25 18:36:07.477 31059 31166 D JpegEncoderExtImpl: OplusWriteICCProfile, write exif_data JPEG_APP2  offset:514
10-25 18:36:07.478  1463 29610 D MMListService: getListValueByUid module:image-processing, uid:10171
10-25 18:36:07.478 31059 31166 V ListServiceUtils: checkInListByUid module:image-processing uid:10171 cost 205us return (null)
10-25 18:36:07.478 31059 31166 V JpegEncoderExtImpl: Resolution: 30 x 30,support: 0;
10-25 18:36:07.481 31059 31166 W ThumbnailCache:  [getBitmap] return null when get bitmap from all cache,type:MEMORY_AND_DISK key=LocalMediaCacheKey(path=/local/item/image/16961, dateModifiedInSec=1760273371, mimeType=image/jpeg, cropParams=NoCrop), codecType:null
10-25 18:36:07.495  6364  6834 D MediaProvider: Open with FUSE. FilePath: /storage/emulated/0/DCIM/Camera/IMG20251012144930.jpg. Uid: 10171. Media Capabilities Uid: 0. ShouldRedact: false. ShouldTranscode: false
10-25 18:36:07.503 31059 31166 D skia    : SkJpegCodec::onGetPixels +
10-25 18:36:07.516 31059 31166 D skia    : stream getLength() supported, buffer addr 0x7beda43000 length 3351296
10-25 18:36:07.518 31059 31166 D skia    : LoadInputStreamToMem va 0x7beda43000  size 3351296
10-25 18:36:07.519 31059 31166 D libjpeg-alpha: Huffman Builder run in subthread
10-25 18:36:07.521 31059  2478 D libjpeg-alpha: Huffman Builder binding core: failed (Invalid argument)
10-25 18:36:07.528 31059 31166 D libjpeg-alpha: Tile Decoder (#thread:4, size:768 768 768 720x544, alignment:256x16)
10-25 18:36:07.530 31059  2480 D libjpeg-alpha: Tile Decoder binding core: failed (Invalid argument)
10-25 18:36:07.549 31059 31166 D skia    : SkJpegCodec::onGetPixels -
10-25 18:36:07.554 31059 31166 W SizeConfigStrategy:  [get] result is null or recycled.
10-25 18:36:07.564 31059 31166 W SizeConfigStrategy:  [get] result is null or recycled.
10-25 18:36:07.566 31059 31166 V ListServiceUtils: checkInListByUid start module:custom-icc uid:10171  time 626676185298us
10-25 18:36:07.566  1463 29610 D MMListService: checkInListByUid end module:custom-icc uid:10171 time 626676185744
10-25 18:36:07.567 31059 31166 V ListServiceUtils: checkInListByUid end module:custom-icc uid:10171  time 626676185919us
10-25 18:36:07.567 31059 31166 D ListServiceUtils: checkInListByUid module:custom-icc uid:10171 cost 620us return 1
10-25 18:36:07.567 31059 31166 D JpegEncoderExtImpl: use ICC 4.0
10-25 18:36:07.567 31059 31166 D JpegEncoderExtImpl: OplusWriteICCProfile, write exif_data JPEG_APP2  offset:514
10-25 18:36:07.567  1463 29610 D MMListService: getListValueByUid module:image-processing, uid:10171
10-25 18:36:07.567 31059 31166 V ListServiceUtils: checkInListByUid module:image-processing uid:10171 cost 209us return (null)
10-25 18:36:07.567 31059 31166 V JpegEncoderExtImpl: Resolution: 406 x 288,support: 0;
10-25 18:36:07.573 31059 31166 W BitmapUtils:  [enlargeCropRect], recommendRect is null or empty, return calculateSquareCropRect!
10-25 18:36:07.579 31059 31166 V ListServiceUtils: checkInListByUid start module:custom-icc uid:10171  time 626676198306us
10-25 18:36:07.579  1463 29610 D MMListService: checkInListByUid end module:custom-icc uid:10171 time 626676198737
10-25 18:36:07.580 31059 31166 V ListServiceUtils: checkInListByUid end module:custom-icc uid:10171  time 626676199001us
10-25 18:36:07.580 31059 31166 D ListServiceUtils: checkInListByUid module:custom-icc uid:10171 cost 693us return 1
10-25 18:36:07.580 31059 31166 D JpegEncoderExtImpl: use ICC 4.0
10-25 18:36:07.580 31059 31166 D JpegEncoderExtImpl: OplusWriteICCProfile, write exif_data JPEG_APP2  offset:514
10-25 18:36:07.580  1463 29610 D MMListService: getListValueByUid module:image-processing, uid:10171
10-25 18:36:07.581 31059 31166 V ListServiceUtils: checkInListByUid module:image-processing uid:10171 cost 1176us return (null)
10-25 18:36:07.581 31059 31166 E ListServiceUtils: checkInListByUid module:image-processing uid:10171 cost 1176us return (null)
10-25 18:36:07.581 31059 31166 V JpegEncoderExtImpl: Resolution: 30 x 30,support: 0;
10-25 18:36:07.584 31059 31166 W ThumbnailCache:  [getBitmap] return null when get bitmap from all cache,type:MEMORY_AND_DISK key=LocalMediaCacheKey(path=/local/item/image/16960, dateModifiedInSec=1760273354, mimeType=image/jpeg, cropParams=NoCrop), codecType:null
10-25 18:36:07.597  6364  6834 D MediaProvider: Open with FUSE. FilePath: /storage/emulated/0/DCIM/Camera/IMG20251012144913.jpg. Uid: 10171. Media Capabilities Uid: 0. ShouldRedact: false. ShouldTranscode: false
10-25 18:36:07.606 31059 31166 D skia    : SkJpegCodec::onGetPixels +
10-25 18:36:07.618 31059 31166 D skia    : stream getLength() supported, buffer addr 0x7bed9e4000 length 3743360
10-25 18:36:07.621 31059 31166 D skia    : LoadInputStreamToMem va 0x7bed9e4000  size 3743360
10-25 18:36:07.623 31059 31166 D libjpeg-alpha: Huffman Builder run in subthread
10-25 18:36:07.624 31059 31166 D libjpeg-alpha: Tile Decoder (#thread:4, size:768 768 768 704x528, alignment:256x16)
10-25 18:36:07.624 31059  2487 D libjpeg-alpha: Huffman Builder binding core: failed (Invalid argument)
10-25 18:36:07.625 31059  2488 D libjpeg-alpha: Tile Decoder binding core: failed (Invalid argument)
10-25 18:36:07.656 31059 31166 D skia    : SkJpegCodec::onGetPixels -
10-25 18:36:07.662 31059 31166 W SizeConfigStrategy:  [get] result is null or recycled.
10-25 18:36:07.677 31059 31166 W SizeConfigStrategy:  [get] result is null or recycled.
10-25 18:36:07.679 31059 31166 V ListServiceUtils: checkInListByUid start module:custom-icc uid:10171  time 626676298325us
10-25 18:36:07.679  1463 29610 D MMListService: checkInListByUid end module:custom-icc uid:10171 time 626676298813
10-25 18:36:07.680 31059 31166 V ListServiceUtils: checkInListByUid end module:custom-icc uid:10171  time 626676299269us
10-25 18:36:07.680 31059 31166 D ListServiceUtils: checkInListByUid module:custom-icc uid:10171 cost 944us return 1
10-25 18:36:07.680 31059 31166 D JpegEncoderExtImpl: use ICC 4.0
10-25 18:36:07.680 31059 31166 D JpegEncoderExtImpl: OplusWriteICCProfile, write exif_data JPEG_APP2  offset:514
10-25 18:36:07.680  1463 29610 D MMListService: getListValueByUid module:image-processing, uid:10171
10-25 18:36:07.680 31059 31166 V ListServiceUtils: checkInListByUid module:image-processing uid:10171 cost 368us return (null)
10-25 18:36:07.680 31059 31166 V JpegEncoderExtImpl: Resolution: 416 x 288,support: 0;
10-25 18:36:07.687 31059 31166 W BitmapUtils:  [enlargeCropRect], recommendRect is null or empty, return calculateSquareCropRect!
10-25 18:36:07.692 31059 31166 V ListServiceUtils: checkInListByUid start module:custom-icc uid:10171  time 626676311502us
10-25 18:36:07.692  1463 29610 D MMListService: checkInListByUid end module:custom-icc uid:10171 time 626676311852
10-25 18:36:07.693 31059 31166 V ListServiceUtils: checkInListByUid end module:custom-icc uid:10171  time 626676312547us
10-25 18:36:07.693 31059 31166 D ListServiceUtils: checkInListByUid module:custom-icc uid:10171 cost 1043us return 1
10-25 18:36:07.693 31059 31166 E ListServiceUtils: checkInListByUid module:custom-icc uid:10171 cost 1043us return 1
10-25 18:36:07.693 31059 31166 D JpegEncoderExtImpl: use ICC 4.0
10-25 18:36:07.694 31059 31166 D JpegEncoderExtImpl: OplusWriteICCProfile, write exif_data JPEG_APP2  offset:514
10-25 18:36:07.694  1463 29610 D MMListService: getListValueByUid module:image-processing, uid:10171
10-25 18:36:07.694 31059 31166 V ListServiceUtils: checkInListByUid module:image-processing uid:10171 cost 563us return (null)
10-25 18:36:07.694 31059 31166 V JpegEncoderExtImpl: Resolution: 30 x 30,support: 0;
10-25 18:36:07.696 31059 31166 W ThumbnailCache:  [getBitmap] return null when get bitmap from all cache,type:MEMORY_AND_DISK key=LocalMediaCacheKey(path=/local/item/image/16959, dateModifiedInSec=1760273343, mimeType=image/jpeg, cropParams=NoCrop), codecType:null
10-25 18:36:07.707  6364  6834 D MediaProvider: Open with FUSE. FilePath: /storage/emulated/0/DCIM/Camera/IMG20251012144901.jpg. Uid: 10171. Media Capabilities Uid: 0. ShouldRedact: false. ShouldTranscode: false
10-25 18:36:07.715 31059 31166 D skia    : SkJpegCodec::onGetPixels +
10-25 18:36:07.727 31059 31166 D skia    : stream getLength() supported, buffer addr 0x7beda3c000 length 3380480
10-25 18:36:07.729 31059 31166 D skia    : LoadInputStreamToMem va 0x7beda3c000  size 3380480
10-25 18:36:07.730 31059 31166 D libjpeg-alpha: Huffman Builder run in subthread
10-25 18:36:07.732 31059  2493 D libjpeg-alpha: Huffman Builder binding core: failed (Invalid argument)
10-25 18:36:07.739 31059 31166 D libjpeg-alpha: Tile Decoder (#thread:4, size:768 768 768 576x528, alignment:256x16)
10-25 18:36:07.741 31059  2497 D libjpeg-alpha: Tile Decoder binding core: failed (Invalid argument)
10-25 18:36:07.760 31059 31166 D skia    : SkJpegCodec::onGetPixels -
10-25 18:36:07.773 31059 31166 W SizeConfigStrategy:  [get] result is null or recycled.
10-25 18:36:07.775 31059 31166 V ListServiceUtils: checkInListByUid start module:custom-icc uid:10171  time 626676394599us
10-25 18:36:07.776  1463 29610 D MMListService: checkInListByUid end module:custom-icc uid:10171 time 626676395079
10-25 18:36:07.776 31059 31166 V ListServiceUtils: checkInListByUid end module:custom-icc uid:10171  time 626676395570us
10-25 18:36:07.776 31059 31166 D ListServiceUtils: checkInListByUid module:custom-icc uid:10171 cost 970us return 1
10-25 18:36:07.776 31059 31166 D JpegEncoderExtImpl: use ICC 4.0
10-25 18:36:07.776 31059 31166 D JpegEncoderExtImpl: OplusWriteICCProfile, write exif_data JPEG_APP2  offset:514
10-25 18:36:07.777  1463 29610 D MMListService: getListValueByUid module:image-processing, uid:10171
10-25 18:36:07.777 31059 31166 V ListServiceUtils: checkInListByUid module:image-processing uid:10171 cost 565us return (null)
10-25 18:36:07.777 31059 31166 V JpegEncoderExtImpl: Resolution: 402 x 288,support: 0;
10-25 18:36:07.783 31059 31166 W BitmapUtils:  [enlargeCropRect], recommendRect is null or empty, return calculateSquareCropRect!
10-25 18:36:07.783 31059 31166 W SizeConfigStrategy:  [get] result is null or recycled.
10-25 18:36:07.789 31059 31166 V ListServiceUtils: checkInListByUid start module:custom-icc uid:10171  time 626676408799us
10-25 18:36:07.790  1463 29610 D MMListService: checkInListByUid end module:custom-icc uid:10171 time 626676409246
10-25 18:36:07.790 31059 31166 V ListServiceUtils: checkInListByUid end module:custom-icc uid:10171  time 626676409640us
10-25 18:36:07.790 31059 31166 D ListServiceUtils: checkInListByUid module:custom-icc uid:10171 cost 840us return 1
10-25 18:36:07.790 31059 31166 D JpegEncoderExtImpl: use ICC 4.0
10-25 18:36:07.790 31059 31166 D JpegEncoderExtImpl: OplusWriteICCProfile, write exif_data JPEG_APP2  offset:514
10-25 18:36:07.791  1463 29610 D MMListService: getListValueByUid module:image-processing, uid:10171
10-25 18:36:07.791 31059 31166 V ListServiceUtils: checkInListByUid module:image-processing uid:10171 cost 253us return (null)
10-25 18:36:07.791 31059 31166 V JpegEncoderExtImpl: Resolution: 30 x 30,support: 0;
10-25 18:36:07.793 31059 31166 W ThumbnailCache:  [getBitmap] return null when get bitmap from all cache,type:MEMORY_AND_DISK key=LocalMediaCacheKey(path=/local/item/image/16958, dateModifiedInSec=1760273227, mimeType=image/jpeg, cropParams=NoCrop), codecType:null
10-25 18:36:07.806  6364  6834 D MediaProvider: Open with FUSE. FilePath: /storage/emulated/0/DCIM/Camera/IMG20251012144706.jpg. Uid: 10171. Media Capabilities Uid: 0. ShouldRedact: false. ShouldTranscode: false
10-25 18:36:07.814 31059 31166 D skia    : SkJpegCodec::onGetPixels +
10-25 18:36:07.828 31059 31166 D skia    : stream getLength() supported, buffer addr 0x7bed9e8000 length 3727360
10-25 18:36:07.831 31059 31166 D skia    : LoadInputStreamToMem va 0x7bed9e8000  size 3727360
10-25 18:36:07.833 31059 31166 D libjpeg-alpha: Huffman Builder run in subthread
10-25 18:36:07.834 31059  2499 D libjpeg-alpha: Huffman Builder binding core: failed (Invalid argument)
10-25 18:36:07.842 31059 31166 D libjpeg-alpha: Tile Decoder (#thread:4, size:768 768 768 624x576, alignment:256x16)
10-25 18:36:07.844 31059  2502 D libjpeg-alpha: Tile Decoder binding core: failed (Invalid argument)
10-25 18:36:07.852  3070  3461 I Athena  : CommonAction: 21,1553,106,1164,5120,78,459,0,934,1671,631,895
10-25 18:36:07.867 31059 31166 D skia    : SkJpegCodec::onGetPixels -
10-25 18:36:07.882 31059 31166 W SizeConfigStrategy:  [get] result is null or recycled.
10-25 18:36:07.884 31059 31166 V ListServiceUtils: checkInListByUid start module:custom-icc uid:10171  time 626676503328us
10-25 18:36:07.884  1463 29610 D MMListService: checkInListByUid end module:custom-icc uid:10171 time 626676503773
10-25 18:36:07.885 31059 31166 V ListServiceUtils: checkInListByUid end module:custom-icc uid:10171  time 626676504706us
10-25 18:36:07.885 31059 31166 D ListServiceUtils: checkInListByUid module:custom-icc uid:10171 cost 1377us return 1
10-25 18:36:07.885 31059 31166 E ListServiceUtils: checkInListByUid module:custom-icc uid:10171 cost 1377us return 1
10-25 18:36:07.885 31059 31166 D JpegEncoderExtImpl: use ICC 4.0
10-25 18:36:07.885 31059 31166 D JpegEncoderExtImpl: OplusWriteICCProfile, write exif_data JPEG_APP2  offset:514
10-25 18:36:07.886  1463 29610 D MMListService: getListValueByUid module:image-processing, uid:10171
10-25 18:36:07.886 31059 31166 V ListServiceUtils: checkInListByUid module:image-processing uid:10171 cost 290us return (null)
10-25 18:36:07.886 31059 31166 V JpegEncoderExtImpl: Resolution: 371 x 288,support: 0;
10-25 18:36:07.895 31059 31166 W BitmapUtils:  [enlargeCropRect], recommendRect is null or empty, return calculateSquareCropRect!
10-25 18:36:07.895 31059 31166 W SizeConfigStrategy:  [get] result is null or recycled.
10-25 18:36:07.901 31059 31166 V ListServiceUtils: checkInListByUid start module:custom-icc uid:10171  time 626676520458us
10-25 18:36:07.902  1463 29610 D MMListService: checkInListByUid end module:custom-icc uid:10171 time 626676520873
10-25 18:36:07.902 31059 31166 V ListServiceUtils: checkInListByUid end module:custom-icc uid:10171  time 626676521033us
10-25 18:36:07.902 31059 31166 D ListServiceUtils: checkInListByUid module:custom-icc uid:10171 cost 575us return 1
10-25 18:36:07.902 31059 31166 D JpegEncoderExtImpl: use ICC 4.0
10-25 18:36:07.902 31059 31166 D JpegEncoderExtImpl: OplusWriteICCProfile, write exif_data JPEG_APP2  offset:514
10-25 18:36:07.902  1463 29610 D MMListService: getListValueByUid module:image-processing, uid:10171
10-25 18:36:07.902 31059 31166 V ListServiceUtils: checkInListByUid module:image-processing uid:10171 cost 175us return (null)
10-25 18:36:07.902 31059 31166 V JpegEncoderExtImpl: Resolution: 30 x 30,support: 0;
10-25 18:36:07.904 31059 31166 W ThumbnailCache:  [getBitmap] return null when get bitmap from all cache,type:MEMORY_AND_DISK key=LocalMediaCacheKey(path=/local/item/image/16957, dateModifiedInSec=1760273220, mimeType=image/jpeg, cropParams=NoCrop), codecType:null
10-25 18:36:07.914  6364  6834 D MediaProvider: Open with FUSE. FilePath: /storage/emulated/0/DCIM/Camera/IMG20251012144659.jpg. Uid: 10171. Media Capabilities Uid: 0. ShouldRedact: false. ShouldTranscode: false
10-25 18:36:07.934 31059 31166 D skia    : stream getLength() supported, buffer addr 0x7bed9eb000 length 3712896
10-25 18:36:07.936 31059 31166 D skia    : LoadInputStreamToMem va 0x7bed9eb000  size 3712896
10-25 18:36:07.938 31059 31166 D libjpeg-alpha: Huffman Builder run in subthread
10-25 18:36:07.947 31059 31166 D libjpeg-alpha: Tile Decoder (#thread:4, size:768 768 768 624x592, alignment:256x16)
10-25 18:36:07.948 31059  2504 D libjpeg-alpha: Huffman Builder binding core: failed (Invalid argument)
10-25 18:36:07.948 31059  2508 D libjpeg-alpha: Tile Decoder binding core: failed (Invalid argument)
10-25 18:36:07.983 31059 31166 W SizeConfigStrategy:  [get] result is null or recycled.
10-25 18:36:07.992 31059 31166 V ListServiceUtils: checkInListByUid start module:custom-icc uid:10171  time 626676611177us
10-25 18:36:07.992  1463 29610 D MMListService: checkInListByUid end module:custom-icc uid:10171 time 626676611702
10-25 18:36:07.993 31059 31166 V ListServiceUtils: checkInListByUid end module:custom-icc uid:10171  time 626676612374us
10-25 18:36:07.993 31059 31166 D ListServiceUtils: checkInListByUid module:custom-icc uid:10171 cost 1196us return 1
10-25 18:36:07.993 31059 31166 E ListServiceUtils: checkInListByUid module:custom-icc uid:10171 cost 1196us return 1
10-25 18:36:07.993 31059 31166 D JpegEncoderExtImpl: use ICC 4.0
10-25 18:36:07.993 31059 31166 D JpegEncoderExtImpl: OplusWriteICCProfile, write exif_data JPEG_APP2  offset:514
10-25 18:36:07.994  1463 29610 D MMListService: getListValueByUid module:image-processing, uid:10171
10-25 18:36:07.994 31059 31166 V ListServiceUtils: checkInListByUid module:image-processing uid:10171 cost 740us return (null)
10-25 18:36:07.994 31059 31166 V JpegEncoderExtImpl: Resolution: 359 x 288,support: 0;
10-25 18:36:07.999 31059 31166 W BitmapUtils:  [enlargeCropRect], recommendRect is null or empty, return calculateSquareCropRect!
10-25 18:36:08.000 31059 31166 W SizeConfigStrategy:  [get] result is null or recycled.
10-25 18:36:08.006 31059 31166 V ListServiceUtils: checkInListByUid start module:custom-icc uid:10171  time 626676624970us
10-25 18:36:08.006  1463 29610 D MMListService: checkInListByUid end module:custom-icc uid:10171 time 626676625477
10-25 18:36:08.006 31059 31166 V ListServiceUtils: checkInListByUid end module:custom-icc uid:10171  time 626676625669us
10-25 18:36:08.006 31059 31166 D ListServiceUtils: checkInListByUid module:custom-icc uid:10171 cost 698us return 1
10-25 18:36:08.006 31059 31166 D JpegEncoderExtImpl: use ICC 4.0
10-25 18:36:08.006 31059 31166 D JpegEncoderExtImpl: OplusWriteICCProfile, write exif_data JPEG_APP2  offset:514
10-25 18:36:08.006  1463 29610 D MMListService: getListValueByUid module:image-processing, uid:10171
10-25 18:36:08.007 31059 31166 V ListServiceUtils: checkInListByUid module:image-processing uid:10171 cost 187us return (null)
10-25 18:36:08.007 31059 31166 V JpegEncoderExtImpl: Resolution: 30 x 30,support: 0;
10-25 18:36:08.009 31059 31166 W ThumbnailCache:  [getBitmap] return null when get bitmap from all cache,type:MEMORY_AND_DISK key=LocalMediaCacheKey(path=/local/item/image/16956, dateModifiedInSec=1760273206, mimeType=image/jpeg, cropParams=NoCrop), codecType:null
10-25 18:36:08.014  3600  3824 V bt_stack: [VERBOSE1:btm_ble_gap.cc(2613)] btm_ble_process_adv_addr: bda=24:**:**:**:7f:8d addr_type=1
10-25 18:36:08.014  3600  3824 I bt_btm  : LogMsg: btm_ble_process_adv_pkt_cont
10-25 18:36:08.014  3600  3824 I bt_btif : LogMsg: bta_dm_observe_results_cb
10-25 18:36:08.014  3600  3824 I bt_btif : LogMsg: btif_ble_scanner_update_COD 24:28:95:db:7f:8d cod is 0x000000
10-25 18:36:08.014  3600  3824 I bt_btif : LogMsg: btif_ble_scanner_update_COD cod in config 0x001f00, status=0
10-25 18:36:08.015  3600  3824 I bt_btif : LogMsg: btif_ble_scanner_update_COD invalid cod 0x0, use cod 0x1f00 in config
10-25 18:36:08.015  3600  3734 I bt_btif : LogMsg: bta_scan_results_cb_impl : type 0 channel 0
10-25 18:36:08.015  3600  3734 I bt_btif : LogMsg: bta_scan_results_cb_impl: HAL bt_gatt_callbacks->scanner->scan_result_cb
10-25 18:36:08.015  3600  3734 D BtGatt.GattService: onScanResult() - eventType=0x0, addressType=1, address=24:28:95:DB:7F:8D, primaryPhy=1, secondaryPhy=1, advertisingSid=0x2, txPower=127, rssi=-53, periodicAdvInt=0x0, originalAddress=24:28:95:DB:7F:8D, type=0, channel=0
10-25 18:36:08.015  3600  3734 D BtGatt.GattService: Legacy scan, non legacy result; skip.
10-25 18:36:08.020  6364  6834 D MediaProvider: Open with FUSE. FilePath: /storage/emulated/0/DCIM/Camera/IMG20251012144645.jpg. Uid: 10171. Media Capabilities Uid: 0. ShouldRedact: false. ShouldTranscode: false
10-25 18:36:08.029 31059 31166 D skia    : SkJpegCodec::onGetPixels +
10-25 18:36:08.042 31059 31166 D skia    : stream getLength() supported, buffer addr 0x7bed9fc000 length 3644032
10-25 18:36:08.045 31059 31166 D skia    : LoadInputStreamToMem va 0x7bed9fc000  size 3644032
10-25 18:36:08.046 31059 31166 D libjpeg-alpha: Huffman Builder run in subthread
10-25 18:36:08.047 31059  2510 D libjpeg-alpha: Huffman Builder binding core: failed (Invalid argument)
10-25 18:36:08.055 31059 31166 D libjpeg-alpha: Tile Decoder (#thread:4, size:768 768 768 608x560, alignment:256x16)
10-25 18:36:08.056 31059  2511 D libjpeg-alpha: Tile Decoder binding core: failed (Invalid argument)
10-25 18:36:08.080 31059 31166 D skia    : SkJpegCodec::onGetPixels -
10-25 18:36:08.086 31059 31166 W SizeConfigStrategy:  [get] result is null or recycled.
10-25 18:36:08.098 31059 31166 W SizeConfigStrategy:  [get] result is null or recycled.
10-25 18:36:08.099 31059 31166 V ListServiceUtils: checkInListByUid start module:custom-icc uid:10171  time 626676718603us
10-25 18:36:08.100  1463 29610 D MMListService: checkInListByUid end module:custom-icc uid:10171 time 626676719086
10-25 18:36:08.100 31059 31166 V ListServiceUtils: checkInListByUid end module:custom-icc uid:10171  time 626676719599us
10-25 18:36:08.100 31059 31166 D ListServiceUtils: checkInListByUid module:custom-icc uid:10171 cost 995us return 1
10-25 18:36:08.100 31059 31166 D JpegEncoderExtImpl: use ICC 4.0
10-25 18:36:08.100 31059 31166 D JpegEncoderExtImpl: OplusWriteICCProfile, write exif_data JPEG_APP2  offset:514
10-25 18:36:08.101  1463 29610 D MMListService: getListValueByUid module:image-processing, uid:10171
10-25 18:36:08.101 31059 31166 V ListServiceUtils: checkInListByUid module:image-processing uid:10171 cost 608us return (null)
10-25 18:36:08.101 31059 31166 V JpegEncoderExtImpl: Resolution: 374 x 288,support: 0;
10-25 18:36:08.107 31059 31166 W BitmapUtils:  [enlargeCropRect], recommendRect is null or empty, return calculateSquareCropRect!
10-25 18:36:08.113 31059 31166 V ListServiceUtils: checkInListByUid start module:custom-icc uid:10171  time 626676732511us
10-25 18:36:08.114  1463 29610 D MMListService: checkInListByUid end module:custom-icc uid:10171 time 626676732966
10-25 18:36:08.114 31059 31166 V ListServiceUtils: checkInListByUid end module:custom-icc uid:10171  time 626676733201us
10-25 18:36:08.114 31059 31166 D ListServiceUtils: checkInListByUid module:custom-icc uid:10171 cost 688us return 1
10-25 18:36:08.114 31059 31166 D JpegEncoderExtImpl: use ICC 4.0
10-25 18:36:08.114 31059 31166 D JpegEncoderExtImpl: OplusWriteICCProfile, write exif_data JPEG_APP2  offset:514
10-25 18:36:08.114  1463 29610 D MMListService: getListValueByUid module:image-processing, uid:10171
10-25 18:36:08.114 31059 31166 V ListServiceUtils: checkInListByUid module:image-processing uid:10171 cost 337us return (null)
10-25 18:36:08.114 31059 31166 V JpegEncoderExtImpl: Resolution: 30 x 30,support: 0;
10-25 18:36:08.117 31059 31166 W ThumbnailCache:  [getBitmap] return null when get bitmap from all cache,type:MEMORY_AND_DISK key=LocalMediaCacheKey(path=/local/item/image/16955, dateModifiedInSec=1760273196, mimeType=image/jpeg, cropParams=NoCrop), codecType:null
10-25 18:36:08.129  6364  6834 D MediaProvider: Open with FUSE. FilePath: /storage/emulated/0/DCIM/Camera/IMG20251012144634.jpg. Uid: 10171. Media Capabilities Uid: 0. ShouldRedact: false. ShouldTranscode: false
10-25 18:36:08.138 31059 31166 W SizeConfigStrategy:  [get] result is null or recycled.
10-25 18:36:08.154 31059 31166 D skia    : stream getLength() supported, buffer addr 0x7bed9c2000 length 3880320
10-25 18:36:08.156 31059 31166 D skia    : LoadInputStreamToMem va 0x7bed9c2000  size 3880320
10-25 18:36:08.158 31059 31166 D libjpeg-alpha: Huffman Builder run in subthread
10-25 18:36:08.159 31059  2515 D libjpeg-alpha: Huffman Builder binding core: failed (Invalid argument)
10-25 18:36:08.167 31059 31166 D libjpeg-alpha: Tile Decoder (#thread:4, size:768 768 768 624x608, alignment:256x16)
10-25 18:36:08.168 31059  2519 D libjpeg-alpha: Tile Decoder binding core: failed (Invalid argument)
10-25 18:36:08.206 31059 31166 V ListServiceUtils: checkInListByUid start module:custom-icc uid:10171  time 626676824910us
10-25 18:36:08.206  1463 29610 D MMListService: checkInListByUid end module:custom-icc uid:10171 time 626676825456
10-25 18:36:08.207 31059 31166 V ListServiceUtils: checkInListByUid end module:custom-icc uid:10171  time 626676825935us
10-25 18:36:08.207 31059 31166 D ListServiceUtils: checkInListByUid module:custom-icc uid:10171 cost 1024us return 1
10-25 18:36:08.207 31059 31166 E ListServiceUtils: checkInListByUid module:custom-icc uid:10171 cost 1024us return 1
10-25 18:36:08.207 31059 31166 D JpegEncoderExtImpl: use ICC 4.0
10-25 18:36:08.207 31059 31166 D JpegEncoderExtImpl: OplusWriteICCProfile, write exif_data JPEG_APP2  offset:514
10-25 18:36:08.207  1463 29610 D MMListService: getListValueByUid module:image-processing, uid:10171
10-25 18:36:08.207 31059 31166 V ListServiceUtils: checkInListByUid module:image-processing uid:10171 cost 425us return (null)
10-25 18:36:08.207 31059 31166 V JpegEncoderExtImpl: Resolution: 349 x 288,support: 0;
10-25 18:36:08.213 31059 31166 W BitmapUtils:  [enlargeCropRect], recommendRect is null or empty, return calculateSquareCropRect!
10-25 18:36:08.214 31059 31166 W SizeConfigStrategy:  [get] result is null or recycled.
10-25 18:36:08.221 31059 31166 V ListServiceUtils: checkInListByUid start module:custom-icc uid:10171  time 626676840730us
10-25 18:36:08.222  1463 29610 D MMListService: checkInListByUid end module:custom-icc uid:10171 time 626676841206
10-25 18:36:08.222 31059 31166 V ListServiceUtils: checkInListByUid end module:custom-icc uid:10171  time 626676841529us
10-25 18:36:08.222 31059 31166 D ListServiceUtils: checkInListByUid module:custom-icc uid:10171 cost 798us return 1
10-25 18:36:08.222 31059 31166 D JpegEncoderExtImpl: use ICC 4.0
10-25 18:36:08.222 31059 31166 D JpegEncoderExtImpl: OplusWriteICCProfile, write exif_data JPEG_APP2  offset:514
10-25 18:36:08.222  1463 29610 D MMListService: getListValueByUid module:image-processing, uid:10171
10-25 18:36:08.222 31059 31166 V ListServiceUtils: checkInListByUid module:image-processing uid:10171 cost 224us return (null)
10-25 18:36:08.223 31059 31166 V JpegEncoderExtImpl: Resolution: 30 x 30,support: 0;
10-25 18:36:08.225 31059 31166 W ThumbnailCache:  [getBitmap] return null when get bitmap from all cache,type:MEMORY_AND_DISK key=LocalMediaCacheKey(path=/local/item/image/16954, dateModifiedInSec=1760273156, mimeType=image/jpeg, cropParams=NoCrop), codecType:null
10-25 18:36:08.235  6364  6834 D MediaProvider: Open with FUSE. FilePath: /storage/emulated/0/DCIM/Camera/IMG20251012144555.jpg. Uid: 10171. Media Capabilities Uid: 0. ShouldRedact: false. ShouldTranscode: false
10-25 18:36:08.256 31059 31166 D skia    : stream getLength() supported, buffer addr 0x7bed9be000 length 3896320
10-25 18:36:08.262 31059 31166 D skia    : LoadInputStreamToMem va 0x7bed9be000  size 3896320
10-25 18:36:08.263 31059 31166 D libjpeg-alpha: Huffman Builder run in subthread
10-25 18:36:08.264 31059  2520 D libjpeg-alpha: Huffman Builder binding core: failed (Invalid argument)
10-25 18:36:08.272 31059 31166 D libjpeg-alpha: Tile Decoder (#thread:4, size:768 768 768 576x592, alignment:256x16)
10-25 18:36:08.274 31059  2524 D libjpeg-alpha: Tile Decoder binding core: failed (Invalid argument)
10-25 18:36:08.300 31059 31166 W SizeConfigStrategy:  [get] result is null or recycled.
10-25 18:36:08.309 31059 31166 V ListServiceUtils: checkInListByUid start module:custom-icc uid:10171  time 626676928453us
10-25 18:36:08.310  1463 29610 D MMListService: checkInListByUid end module:custom-icc uid:10171 time 626676928942
10-25 18:36:08.310 31059 31166 V ListServiceUtils: checkInListByUid end module:custom-icc uid:10171  time 626676929384us
10-25 18:36:08.310 31059 31166 D ListServiceUtils: checkInListByUid module:custom-icc uid:10171 cost 930us return 1
10-25 18:36:08.310 31059 31166 D JpegEncoderExtImpl: use ICC 4.0
10-25 18:36:08.310 31059 31166 D JpegEncoderExtImpl: OplusWriteICCProfile, write exif_data JPEG_APP2  offset:514
10-25 18:36:08.310  1463 29610 D MMListService: getListValueByUid module:image-processing, uid:10171
10-25 18:36:08.310 31059 31166 V ListServiceUtils: checkInListByUid module:image-processing uid:10171 cost 264us return (null)
10-25 18:36:08.310 31059 31166 V JpegEncoderExtImpl: Resolution: 355 x 288,support: 0;
10-25 18:36:08.316 31059 31166 W BitmapUtils:  [enlargeCropRect], recommendRect is null or empty, return calculateSquareCropRect!
10-25 18:36:08.316 31059 31166 W SizeConfigStrategy:  [get] result is null or recycled.
10-25 18:36:08.322 31059 31166 V ListServiceUtils: checkInListByUid start module:custom-icc uid:10171  time 626676941346us
10-25 18:36:08.322  1463 29610 D MMListService: checkInListByUid end module:custom-icc uid:10171 time 626676941802
10-25 18:36:08.323 31059 31166 V ListServiceUtils: checkInListByUid end module:custom-icc uid:10171  time 626676941984us
10-25 18:36:08.323 31059 31166 D ListServiceUtils: checkInListByUid module:custom-icc uid:10171 cost 637us return 1
10-25 18:36:08.323 31059 31166 D JpegEncoderExtImpl: use ICC 4.0
10-25 18:36:08.323 31059 31166 D JpegEncoderExtImpl: OplusWriteICCProfile, write exif_data JPEG_APP2  offset:514
10-25 18:36:08.323  1463 29610 D MMListService: getListValueByUid module:image-processing, uid:10171
10-25 18:36:08.323 31059 31166 V ListServiceUtils: checkInListByUid module:image-processing uid:10171 cost 190us return (null)
10-25 18:36:08.323 31059 31166 V JpegEncoderExtImpl: Resolution: 30 x 30,support: 0;
10-25 18:36:08.325 31059 31166 W ThumbnailCache:  [getBitmap] return null when get bitmap from all cache,type:MEMORY_AND_DISK key=LocalMediaCacheKey(path=/local/item/image/16953, dateModifiedInSec=1760273142, mimeType=image/jpeg, cropParams=NoCrop), codecType:null
10-25 18:36:08.335  6364  6834 D MediaProvider: Open with FUSE. FilePath: /storage/emulated/0/DCIM/Camera/IMG20251012144540.jpg. Uid: 10171. Media Capabilities Uid: 0. ShouldRedact: false. ShouldTranscode: false
10-25 18:36:08.341 31059 31166 W SizeConfigStrategy:  [get] result is null or recycled.
10-25 18:36:08.356 31059 31166 D skia    : stream getLength() supported, buffer addr 0x7bed9b7000 length 3924992
10-25 18:36:08.359 31059 31166 D skia    : LoadInputStreamToMem va 0x7bed9b7000  size 3924992
10-25 18:36:08.361 31059 31166 D libjpeg-alpha: Huffman Builder run in subthread
10-25 18:36:08.362 31059  2525 D libjpeg-alpha: Huffman Builder binding core: failed (Invalid argument)
10-25 18:36:08.370 31059 31166 D libjpeg-alpha: Tile Decoder (#thread:4, size:768 768 768 544x688, alignment:256x16)
10-25 18:36:08.371 31059  2526 D libjpeg-alpha: Tile Decoder binding core: failed (Invalid argument)
10-25 18:36:08.408 31059 31166 V ListServiceUtils: checkInListByUid start module:custom-icc uid:10171  time 626677027533us
10-25 18:36:08.409  1463 29610 D MMListService: checkInListByUid end module:custom-icc uid:10171 time 626677028131
10-25 18:36:08.409 31059 31166 V ListServiceUtils: checkInListByUid end module:custom-icc uid:10171  time 626677028435us
10-25 18:36:08.409 31059 31166 D ListServiceUtils: checkInListByUid module:custom-icc uid:10171 cost 900us return 1
10-25 18:36:08.409 31059 31166 D JpegEncoderExtImpl: use ICC 4.0
10-25 18:36:08.409 31059 31166 D JpegEncoderExtImpl: OplusWriteICCProfile, write exif_data JPEG_APP2  offset:514
10-25 18:36:08.410  1463 29610 D MMListService: getListValueByUid module:image-processing, uid:10171
10-25 18:36:08.410 31059 31166 V ListServiceUtils: checkInListByUid module:image-processing uid:10171 cost 471us return (null)
10-25 18:36:08.410 31059 31166 V JpegEncoderExtImpl: Resolution: 303 x 288,support: 0;
10-25 18:36:08.416 31059 31166 W BitmapUtils:  [enlargeCropRect], recommendRect is null or empty, return calculateSquareCropRect!
10-25 18:36:08.416 31059 31166 W SizeConfigStrategy:  [get] result is null or recycled.
10-25 18:36:08.422 31059 31166 V ListServiceUtils: checkInListByUid start module:custom-icc uid:10171  time 626677041539us
10-25 18:36:08.423  1463 29610 D MMListService: checkInListByUid end module:custom-icc uid:10171 time 626677042305
10-25 18:36:08.423 31059 31166 V ListServiceUtils: checkInListByUid end module:custom-icc uid:10171  time 626677042745us
10-25 18:36:08.423 31059 31166 D ListServiceUtils: checkInListByUid module:custom-icc uid:10171 cost 1204us return 1
10-25 18:36:08.423 31059 31166 E ListServiceUtils: checkInListByUid module:custom-icc uid:10171 cost 1204us return 1
10-25 18:36:08.423 31059 31166 D JpegEncoderExtImpl: use ICC 4.0
10-25 18:36:08.423 31059 31166 D JpegEncoderExtImpl: OplusWriteICCProfile, write exif_data JPEG_APP2  offset:514
10-25 18:36:08.424  1463 29610 D MMListService: getListValueByUid module:image-processing, uid:10171
10-25 18:36:08.424 31059 31166 V ListServiceUtils: checkInListByUid module:image-processing uid:10171 cost 147us return (null)
10-25 18:36:08.424 31059 31166 V JpegEncoderExtImpl: Resolution: 30 x 30,support: 0;
10-25 18:36:08.426 31059 31166 W ThumbnailCache:  [getBitmap] return null when get bitmap from all cache,type:MEMORY_AND_DISK key=LocalMediaCacheKey(path=/local/item/image/16952, dateModifiedInSec=1760272867, mimeType=image/jpeg, cropParams=NoCrop), codecType:null
10-25 18:36:08.436  6364  6834 D MediaProvider: Open with FUSE. FilePath: /storage/emulated/0/DCIM/Camera/IMG20251012144106.jpg. Uid: 10171. Media Capabilities Uid: 0. ShouldRedact: false. ShouldTranscode: false
10-25 18:36:08.452 31059 31166 D skia    : stream getLength() supported, buffer addr 0x7bedbf8000 length 1560960
10-25 18:36:08.454 31059 31166 D skia    : LoadInputStreamToMem va 0x7bedbf8000  size 1560960
10-25 18:36:08.456 31059 31166 D libjpeg-alpha: Huffman Builder run in subthread
10-25 18:36:08.457 31059  2530 D libjpeg-alpha: Huffman Builder binding core: failed (Invalid argument)
10-25 18:36:08.463 31059 31166 D libjpeg-alpha: Tile Decoder (#thread:4, size:768 512 512 656x624, alignment:256x16)
10-25 18:36:08.464 31059  2533 D libjpeg-alpha: Tile Decoder binding core: failed (Invalid argument)
10-25 18:36:08.485 31059 31166 W SizeConfigStrategy:  [get] result is null or recycled.
10-25 18:36:08.492 31059 31166 V ListServiceUtils: checkInListByUid start module:custom-icc uid:10171  time 626677111634us
10-25 18:36:08.493  1463 29610 D MMListService: checkInListByUid end module:custom-icc uid:10171 time 626677112178
10-25 18:36:08.493 31059 31166 V ListServiceUtils: checkInListByUid end module:custom-icc uid:10171  time 626677112595us
10-25 18:36:08.493 31059 31166 D ListServiceUtils: checkInListByUid module:custom-icc uid:10171 cost 960us return 1
10-25 18:36:08.493 31059 31166 D JpegEncoderExtImpl: use ICC 4.0
10-25 18:36:08.493 31059 31166 D JpegEncoderExtImpl: OplusWriteICCProfile, write exif_data JPEG_APP2  offset:514
10-25 18:36:08.493  1463 29610 D MMListService: getListValueByUid module:image-processing, uid:10171
10-25 18:36:08.494 31059 31166 V ListServiceUtils: checkInListByUid module:image-processing uid:10171 cost 200us return (null)
10-25 18:36:08.494 31059 31166 V JpegEncoderExtImpl: Resolution: 288 x 288,support: 0;
10-25 18:36:08.499 31059 31166 V ListServiceUtils: checkInListByUid start module:custom-icc uid:10171  time 626677118431us
10-25 18:36:08.500  1463 29610 D MMListService: checkInListByUid end module:custom-icc uid:10171 time 626677118880
10-25 18:36:08.500 31059 31166 V ListServiceUtils: checkInListByUid end module:custom-icc uid:10171  time 626677119228us
10-25 18:36:08.500 31059 31166 D ListServiceUtils: checkInListByUid module:custom-icc uid:10171 cost 796us return 1
10-25 18:36:08.500 31059 31166 D JpegEncoderExtImpl: use ICC 4.0
10-25 18:36:08.500 31059 31166 D JpegEncoderExtImpl: OplusWriteICCProfile, write exif_data JPEG_APP2  offset:514
