10-25 18:36:58.480  1216  1426 D VRR [OTI-HW]: rate range: min {id=0, hwcId=0, resolution=1080x2400, refreshRate=60.00 Hz, dpi=409.43x409.13, group=0} cur {id=0, hwcId=0, resolution=1080x2400, refreshRate=60.00 Hz, dpi=409.43x409.13, group=0} max {id=0, hwcId=0, resolution=1080x2400, refreshRate=60.00 Hz, dpi=409.43x409.13, group=0}
10-25 18:36:58.490  1479  4760 D CcuCtrlAe: [dequeCcuAeStat] m_sensorIdx:0 magic_is_ready:140 query_magic:140 duration_us:0.000000 aeOutputVa:0x7a98d14000 ridx:0 req/key/cwv_y_le/cwv_y_se:143/143/958/960
10-25 18:36:58.507 22248 22248 I Quality : Skipped: false 1 cost 21.334332 refreshRate 16557820 bit true processName com.makeyourhomeai
10-25 18:36:58.511  1785  2806 D SensorService: 0xb400007bd4f31f00 removeFd fd=896
10-25 18:36:58.511  1785  2806 D SensorService: SensorDevice::activate: ident=0xb400007bd4f31f00, handle=0x00000011, enabled=0, count=2
10-25 18:36:58.512  1785  3350 D SensorService: ~SensorEventConnection(0xb400007bd4f31f00)
10-25 18:36:58.512  1785  3350 D SensorService: removing connection 0xb400007bd4f31f00 for sensor[0].handle=0x00000001
10-25 18:36:58.512  1785  3350 D SensorService: removing connection 0xb400007bd4f31f00 for sensor[1].handle=0x00000004
10-25 18:36:58.512  1785  3350 D SensorService: removing connection 0xb400007bd4f31f00 for sensor[2].handle=0x00000011
10-25 18:36:58.512  1785  3350 D SensorService: removing connection 0xb400007bd4f31f00 for sensor[3].handle=0x00000013
10-25 18:36:58.512  1785  3350 D SensorService: removing connection 0xb400007bd4f31f00 for sensor[4].handle=0x0000001b
10-25 18:36:58.512  1785  3350 D SensorService: removing connection 0xb400007bd4f31f00 for sensor[5].handle=0x00000048
10-25 18:36:58.512  1785  3350 D SensorService: removing connection 0xb400007bd4f31f00 for sensor[6].handle=0x000003e9
10-25 18:36:58.512  1785  3350 D SensorService: removing connection 0xb400007bd4f31f00 for sensor[7].handle=0x01000052
10-25 18:36:58.512  1785  3350 D SensorService: removing connection 0xb400007bd4f31f00 for sensor[8].handle=0x01000054
10-25 18:36:58.512  1785  3350 D SensorService: removing connection 0xb400007bd4f31f00 for sensor[9].handle=0x01000056
10-25 18:36:58.525  1109  1144 I sensors-hal-OriginChannel: wise light debug, data[1].type is 65627,data[1].sensor is 91:[629.000000,,200.000000,,17.000000,0.000000,1281040645815741]
10-25 18:36:58.535  1785  6098 D SensorService: SensorDevice::batch: ident=0xb400007bd4e74d80, handle=0x00000011, flags=0, period_ns=1000000 timeout=0
10-25 18:36:58.535  1785  6098 D SensorService: SensorDevice::activate: ident=0xb400007bd4e74d80, handle=0x00000011, enabled=1, count=2
10-25 18:36:58.535  1785  6098 D SensorService: 0xb400007bd4e74d80 addFd fd=885
10-25 18:36:58.554  1479  4760 D CcuCtrlAe: [dequeCcuAeStat] m_sensorIdx:0 magic_is_ready:142 query_magic:142 duration_us:1302.000000 aeOutputVa:0x7a98d14000 ridx:0 req/key/cwv_y_le/cwv_y_se:144/145/958/960
10-25 18:36:58.622  1479  4760 D CcuCtrlAe: [dequeCcuAeStat] m_sensorIdx:0 magic_is_ready:144 query_magic:144 duration_us:3827.000000 aeOutputVa:0x7a98d14000 ridx:0 req/key/cwv_y_le/cwv_y_se:147/147/958/959
10-25 18:36:58.654 22248 22248 I Quality : Skipped: false 3 cost 52.550953 refreshRate 16557774 bit true processName com.makeyourhomeai
10-25 18:36:58.688  1479  4760 D CcuCtrlAe: [dequeCcuAeStat] m_sensorIdx:0 magic_is_ready:146 query_magic:146 duration_us:2185.000000 aeOutputVa:0x7a98d14000 ridx:0 req/key/cwv_y_le/cwv_y_se:149/149/958/960
10-25 18:36:58.698  1479 21076 I mtkcam-FeatureSettingPolicy: [evaluateCaptureSetting] (0xb400007aacfc8a20) capture req#:149
10-25 18:36:58.703  1122  1259 I libPowerHal: camerahalserver: cpu_ctrl set cpu freq: 2000000 -1 2400000 -1
10-25 18:36:58.722  1122  1259 I libPowerHal: [PD] camerahalserver update cmd:2020000 param:1
10-25 18:36:58.731  1122  1259 I libPowerHal: [PD] camerahalserver update cmd:2004100 param:0
10-25 18:36:58.755  1479  4760 D CcuCtrlAe: [dequeCcuAeStat] m_sensorIdx:0 magic_is_ready:148 query_magic:148 duration_us:2089.000000 aeOutputVa:0x7a98d14000 ridx:0 req/key/cwv_y_le/cwv_y_se:151/151/959/961
10-25 18:36:58.779 18506 18506 D wpa_supplicant: nl80211: Scan included frequencies: 2412 2417 2422 2427 2432 2437 2442 2447 2452 2457 2462 2467 2472 5180 5200 5220 5240 5260 5280 5300 5320 5745 5765 5785 5805 5825
10-25 18:36:58.822  1479  4760 D CcuCtrlAe: [dequeCcuAeStat] m_sensorIdx:0 magic_is_ready:150 query_magic:150 duration_us:2734.000000 aeOutputVa:0x7a98d14000 ridx:0 req/key/cwv_y_le/cwv_y_se:152/153/959/961
10-25 18:36:58.853  1479  4760 D CcuCtrlAe: [dequeCcuAeStat] m_sensorIdx:0 magic_is_ready:150 query_magic:150 duration_us:0.000000 aeOutputVa:0x7a98d14000 ridx:0 req/key/cwv_y_le/cwv_y_se:152/153/959/961
10-25 18:36:58.887  1479  4780 I MtkCam/P2/CaptureNode: [queue] P2C cam 0: (0xb400007a9cdcc900) R/F Num: 149/149
10-25 18:36:58.889  1479  4760 D CcuCtrlAe: [dequeCcuAeStat] m_sensorIdx:0 magic_is_ready:151 query_magic:151 duration_us:2601.000000 aeOutputVa:0x7a98d14000 ridx:0 req/key/cwv_y_le/cwv_y_se:154/155/959/961
10-25 18:36:58.915  1320  1454 D epo     : mtk_epo_is_expired: EPO start time: 1761343200, EPO start time: Sat Oct 25 00:00:00 2025
10-25 18:36:58.916  1320  1432 W gps_controlller: gps_control_event_hdlr: mnld version: MTK_MNLD_6_0_0_20040301
10-25 18:36:58.917  1320  1432 D mnl_common: mnl_utl_load_property: dev_dsp/dev_dsp2/dev_gps : /dev/stpgps none UseCallback,init_speed/link_speed: 38400 921600
10-25 18:36:58.919  1320  1432 D mnl2hal : mnl2hal_update_gnss_name: mnl2hal_update_gnss_name, str=MTK_MNLD_6_0_0_20040301,MNL_VER_22051902ALPS05_6.7o_00, len=54
10-25 18:36:58.926  1109  1144 I sensors-hal-OriginChannel: wise light debug, data[2].type is 65627,data[2].sensor is 91:[627.000000,,200.000000,,15.000000,0.000000,1281041046524415]
10-25 18:36:58.932  1100  2907 D android.hardware.gnss-service.mediatek: update_gnss_name: length=54, name=MTK_MNLD_6_0_0_20040301,MNL_VER_22051902ALPS05_6.7o_00
10-25 18:36:58.957  1479  4760 D CcuCtrlAe: [dequeCcuAeStat] m_sensorIdx:0 magic_is_ready:153 query_magic:153 duration_us:559.000000 aeOutputVa:0x7a98d14000 ridx:0 req/key/cwv_y_le/cwv_y_se:156/157/960/962
10-25 18:36:59.024  1479  4760 D CcuCtrlAe: [dequeCcuAeStat] m_sensorIdx:0 magic_is_ready:155 query_magic:155 duration_us:2045.000000 aeOutputVa:0x7a98d14000 ridx:0 req/key/cwv_y_le/cwv_y_se:158/159/960/963
10-25 18:36:59.031  1479 13586 D AISPQSelector: [PQ][PQEngineInterface] DpEngineAALCongTile(1) scenario inFrameWidth = 65538, inFrameHeight = 4000
10-25 18:36:59.031  1479 13586 D AISPQSelector: [PQ][PQEngineInterface] DpEngineAALCongTile(1) scenario inFrameWidth = 65538, inFrameHeight = 4000
10-25 18:36:59.032  1479 13586 D AISPQSelector: [PQ][PQEngineInterface] DpEngineAALCongTile(1) scenario inFrameWidth = 65538, inFrameHeight = 4000
10-25 18:36:59.032  1479 13586 D AISPQSelector: [PQ][PQEngineInterface] DpEngineAALCongTile(1) scenario inFrameWidth = 65538, inFrameHeight = 4000
10-25 18:36:59.033  1479 13586 D AISPQSelector: [PQ][PQEngineInterface] DpEngineAALCongTile(1) scenario inFrameWidth = 65538, inFrameHeight = 4000
10-25 18:36:59.033  1479 13586 D AISPQSelector: [PQ][PQEngineInterface] DpEngineAALCongTile(1) scenario inFrameWidth = 65538, inFrameHeight = 4000
10-25 18:36:59.034  1479 13586 D AISPQSelector: [PQ][PQEngineInterface] DpEngineAALCongTile(1) scenario inFrameWidth = 65538, inFrameHeight = 4000
10-25 18:36:59.035  1479 13586 D AISPQSelector: [PQ][PQEngineInterface] DpEngineAALCongTile(1) scenario inFrameWidth = 65538, inFrameHeight = 4000
10-25 18:36:59.087  1479 13586 D AISPQSelector: [PQ][PQEngineInterface] DpEngineAALCongTile(0) scenario inFrameWidth = 65538, inFrameHeight = 4000
10-25 18:36:59.087  1479 13586 D AISPQSelector: [PQ][PQEngineInterface] DpEngineAALCongTile(0) scenario inFrameWidth = 65538, inFrameHeight = 4000
10-25 18:36:59.087  1479 13586 D AISPQSelector: [PQ][PQEngineInterface] DpEngineAALCongTile(0) scenario inFrameWidth = 65538, inFrameHeight = 4000
10-25 18:36:59.087  1479 13586 D AISPQSelector: [PQ][PQEngineInterface] DpEngineAALCongTile(0) scenario inFrameWidth = 65538, inFrameHeight = 4000
10-25 18:36:59.088  1479 13586 D AISPQSelector: [PQ][PQEngineInterface] DpEngineAALCongTile(0) scenario inFrameWidth = 65538, inFrameHeight = 4000
10-25 18:36:59.089  1479 13586 D AISPQSelector: [PQ][PQEngineInterface] DpEngineAALCongTile(0) scenario inFrameWidth = 65538, inFrameHeight = 4000
10-25 18:36:59.089  1479 13586 D AISPQSelector: [PQ][PQEngineInterface] DpEngineAALCongTile(0) scenario inFrameWidth = 65538, inFrameHeight = 4000
10-25 18:36:59.090  1479 13586 D AISPQSelector: [PQ][PQEngineInterface] DpEngineAALCongTile(0) scenario inFrameWidth = 65538, inFrameHeight = 4000
10-25 18:36:59.090  1479  4797 W TRS     : DpIsp: 0xb400007a63f2bc80, scenario 11, startStream 29ms, 0, 0, 0, 0, 0, 0, 0, 0, 29
10-25 18:36:59.091  1479  4760 D CcuCtrlAe: [dequeCcuAeStat] m_sensorIdx:0 magic_is_ready:157 query_magic:157 duration_us:0.000000 aeOutputVa:0x7a98d14000 ridx:0 req/key/cwv_y_le/cwv_y_se:160/161/961/963
10-25 18:36:59.118  1479  4781 D PQ      : [PQ][PQDREHistogramAdaptor(0)] dumpBufferPool, ID[0], bufferAddress[b400007a5d9d2000], userId[0x1000100000000], isAvailable[1], time diff with last worktime(ms)[22908254]
10-25 18:36:59.119  1479  4814 I MtkCam/P2/CaptureProcessor: [onCompleted] P2C cam 0 MWFrame:#149 MWReq:#149, frame 149-0 : (0xb400007a7bc17080) erased a completed request, request count:0, R/F Num:149/149
10-25 18:36:59.119  1479  4993 E OplusJpegNode: [updateOffsetTimeOrig] offsetDateTime(900200c3) Entry is Empty (updateOffsetTimeOrig){#87:vendor/mediatek/proprietary/hardware/mtkcam3/pipeline/hwnode/p1/../../../oplus/pipeline/hwnode/JpegNode/v2.0/OplusJpegNodeImp.h}
10-25 18:36:59.119  1479  4993 I mtkcam/exif: [init] mpExifParam(0xb400007a5ff44188) ImageSize(2448x3264) FNumber(1700/1000) FocalLegth(4710/1000) AWBMode(0) Strobe(0) AEMeterMode(2) Brightness(49) AEExpBias(0)
10-25 18:36:59.120  1479  4993 I mtkcam/exif: [sendCommand] Set: ID_AAA(0x0004), Size(63848), Addr(0xb400007a629b5e00)
10-25 18:36:59.120  1479  4993 I mtkcam/exif: [sendCommand] Set: ID_SHAD_TABLE(0x1000), Size(61456), Addr(0xb400007a608af080)
10-25 18:36:59.120  1479  4993 I mtkcam/exif: [sendCommand] Set: ID_ISP(0x0008), Size(65356), Addr(0xb400007a60525280)
10-25 18:36:59.121  1479  4993 I mtkcam/exif: [sendCommand] Set: ID_COMMON(0x0010), Size(104), Addr(0xb400007aad6e7b90)
10-25 18:36:59.128  1479  4993 D JpgEncHal:  Src Addr:0x7a3ebb4000, 0x7a3e7e4000, srcFD 524 525, width/height:[2448, 3264], format:3
10-25 18:36:59.133  1479  4993 W JpgEncv4l2: index: 0, type: 10, memory: 4, length: 2, sequence: 0, ts: 0.000000, byteused: 0, flag: 0x4000, reserved2: [0,0], planes_bytesused:[0,0], planes_length:[7990272,3995136], planes_data_offset:[0,0], planes_m_fd[0,0]
10-25 18:36:59.133  1479  4993 W JpgEncv4l2: index: 1, type: 10, memory: 4, length: 2, sequence: 0, ts: 0.000000, byteused: 0, flag: 0x4000, reserved2: [0,0], planes_bytesused:[0,0], planes_length:[7990272,3995136], planes_data_offset:[0,0], planes_m_fd[0,0]
10-25 18:36:59.133  1479  4993 W JpgEncv4l2: index: 2, type: 10, memory: 4, length: 2, sequence: 0, ts: 0.000000, byteused: 0, flag: 0x4000, reserved2: [0,0], planes_bytesused:[0,0], planes_length:[7990272,3995136], planes_data_offset:[0,0], planes_m_fd[0,0]
10-25 18:36:59.134  1479  4993 W JpgEncv4l2: index: 3, type: 10, memory: 4, length: 2, sequence: 0, ts: 0.000000, byteused: 0, flag: 0x4000, reserved2: [0,0], planes_bytesused:[0,0], planes_length:[7990272,3995136], planes_data_offset:[0,0], planes_m_fd[0,0]
10-25 18:36:59.134  1479  4993 W JpgEncv4l2: index: 4, type: 10, memory: 4, length: 2, sequence: 0, ts: 0.000000, byteused: 0, flag: 0x4000, reserved2: [0,0], planes_bytesused:[0,0], planes_length:[7990272,3995136], planes_data_offset:[0,0], planes_m_fd[0,0]
10-25 18:36:59.134  1479  4993 W JpgEncv4l2: index: 0, type: 9, memory: 4, length: 1, sequence: 0, ts: 0.000000, byteused: 0, flag: 0x4000, reserved2: [0,0], planes_bytesused:[0], planes_length:[12071168], planes_data_offset:[0], planes_m_fd[0]
10-25 18:36:59.134  1479  4993 W JpgEncv4l2: index: 1, type: 9, memory: 4, length: 1, sequence: 0, ts: 0.000000, byteused: 0, flag: 0x4000, reserved2: [0,0], planes_bytesused:[0], planes_length:[12071168], planes_data_offset:[0], planes_m_fd[0]
10-25 18:36:59.134  1479  4993 W JpgEncv4l2: index: 2, type: 9, memory: 4, length: 1, sequence: 0, ts: 0.000000, byteused: 0, flag: 0x4000, reserved2: [0,0], planes_bytesused:[0], planes_length:[12071168], planes_data_offset:[0], planes_m_fd[0]
10-25 18:36:59.134  1479  4993 W JpgEncv4l2: index: 3, type: 9, memory: 4, length: 1, sequence: 0, ts: 0.000000, byteused: 0, flag: 0x4000, reserved2: [0,0], planes_bytesused:[0], planes_length:[12071168], planes_data_offset:[0], planes_m_fd[0]
10-25 18:36:59.134  1479  4993 W JpgEncv4l2: index: 4, type: 9, memory: 4, length: 1, sequence: 0, ts: 0.000000, byteused: 0, flag: 0x4000, reserved2: [0,0], planes_bytesused:[0], planes_length:[12071168], planes_data_offset:[0], planes_m_fd[0]
10-25 18:36:59.149  1327 13723 E gralloc4: Attempt to call unlock*() on an unlocked buffer (0xb400007104157980)
10-25 18:36:59.149  1327 13723 E Gralloc4: unlock(0xb400007104157980) failed with 2
10-25 18:36:59.159  1479  4760 D CcuCtrlAe: [dequeCcuAeStat] m_sensorIdx:0 magic_is_ready:159 query_magic:159 duration_us:2299.000000 aeOutputVa:0x7a98d14000 ridx:0 req/key/cwv_y_le/cwv_y_se:162/163/961/963
10-25 18:36:59.163 22248  4676 D OplusCamera2StatisticsManager: addCaptureInfo, eventMap: {exp_value=33328000, halLevel=3, iso_value=1550, flash_trigger=0, face_count=0, cameraId=0, rear_front=rear, touchxy_value=0,0, pkgName=com.makeyourhomeai, zoom_value=1.0, apLevel=2}
10-25 18:36:59.200  1479  4805 D OcamMeta: [getMotionState] 
10-25 18:36:59.228  1479  4760 D CcuCtrlAe: [dequeCcuAeStat] m_sensorIdx:0 magic_is_ready:161 query_magic:161 duration_us:0.000000 aeOutputVa:0x7a98d14000 ridx:0 req/key/cwv_y_le/cwv_y_se:164/165/962/964
10-25 18:36:59.244  1320  1434 D epo     : mtk_epo_is_expired: EPO start time: 1761343200, EPO start time: Sat Oct 25 00:00:00 2025
10-25 18:36:59.293  1479  4760 D CcuCtrlAe: [dequeCcuAeStat] m_sensorIdx:0 magic_is_ready:163 query_magic:163 duration_us:0.000000 aeOutputVa:0x7a98d14000 ridx:0 req/key/cwv_y_le/cwv_y_se:166/167/962/964
10-25 18:36:59.311  1320  4983 D mnld    : nmea_reader_update_time: nmea_reader_update_time: timestamp = 1761410220014, second = 1761410220000, msec = 14
10-25 18:36:59.342  1122  1259 I libPowerHal: camerahalserver: cpu_ctrl set cpu freq: 2000000 -1 2400000 -1
10-25 18:36:59.347  1479  4780 W MtkCam/streambuf: [markUserStatus] Hal:Meta:P2:Dynamic:0x10000001e:0xb400007a5d2ec220 producer:0x15 released w/o using -> ERROR buffer - user status:0x8:0x8
10-25 18:36:59.348  1479  4780 W MtkCam/streambuf: [markUserStatus] App:Meta:DynamicP2:0x100000027:0xb400007a5d2eb0a0 producer:0x15 released w/o using -> ERROR buffer - user status:0x8:0x8
10-25 18:36:59.348  1479  4780 W MtkCam/streambuf: [markUserStatus] s0:d0:App:YCrCb_420_SP:0|HW_TEXTURE:0:0xb400007a8081af00 producer:0x15 released w/o using -> ERROR buffer - user status:0x8:0x8
10-25 18:36:59.348  1479  4780 W MtkCam/streambuf: [markUserStatus] App:Meta:FD:0x100000029:0xb400007a5d2eb420 producer:0x16 released w/o using -> ERROR buffer - user status:0x8:0x8
10-25 18:36:59.348  1479  4780 W MtkCam/streambuf: [markUserStatus] Hal:Meta:P2:Dynamic:0x10000001e:0xb400007a5d2eff60 producer:0x15 released w/o using -> ERROR buffer - user status:0x8:0x8
10-25 18:36:59.348  1479  4780 W MtkCam/streambuf: [markUserStatus] App:Meta:DynamicP2:0x100000027:0xb400007a5d2ed020 producer:0x15 released w/o using -> ERROR buffer - user status:0x8:0x8
10-25 18:36:59.348  1479  4780 W MtkCam/streambuf: [markUserStatus] s0:d0:App:YCrCb_420_SP:0|HW_TEXTURE:0:0xb400007a8081b180 producer:0x15 released w/o using -> ERROR buffer - user status:0x8:0x8
10-25 18:36:59.348  1479  4780 W MtkCam/streambuf: [markUserStatus] App:Meta:FD:0x100000029:0xb400007a5d2ee1a0 producer:0x16 released w/o using -> ERROR buffer - user status:0x8:0x8
10-25 18:36:59.353  1479 19796 D ltm_algo: [ltm_stop] data_addr: 0xb400007a89600000
10-25 18:36:59.354  1479  4780 W MtkCam/streambuf: [markUserStatus] Hal:Meta:P2:Dynamic:0x10000001e:0xb400007a6aeca1a0 producer:0x15 released w/o using -> ERROR buffer - user status:0x8:0x8
10-25 18:36:59.354  1479  4780 W MtkCam/streambuf: [markUserStatus] App:Meta:DynamicP2:0x100000027:0xb400007a6aec6ee0 producer:0x15 released w/o using -> ERROR buffer - user status:0x8:0x8
10-25 18:36:59.354  1479  4780 W MtkCam/streambuf: [markUserStatus] s0:d0:App:YCrCb_420_SP:0|HW_TEXTURE:0:0xb400007a9c35d880 producer:0x15 released w/o using -> ERROR buffer - user status:0x8:0x8
10-25 18:36:59.354  1479  4780 W MtkCam/streambuf: [markUserStatus] App:Meta:FD:0x100000029:0xb400007a6aec75e0 producer:0x16 released w/o using -> ERROR buffer - user status:0x8:0x8
10-25 18:36:59.354  1479  4780 W MtkCam/streambuf: [markUserStatus] Hal:Meta:P2:Dynamic:0x10000001e:0xb400007a9cd2bc20 producer:0x15 released w/o using -> ERROR buffer - user status:0x8:0x8
10-25 18:36:59.354  1479  4780 W MtkCam/streambuf: [markUserStatus] App:Meta:DynamicP2:0x100000027:0xb400007a9cd28ce0 producer:0x15 released w/o using -> ERROR buffer - user status:0x8:0x8
10-25 18:36:59.354  1479  4780 W MtkCam/streambuf: [markUserStatus] s0:d0:App:YCrCb_420_SP:0|HW_TEXTURE:0:0xb400007a6c04fd00 producer:0x15 released w/o using -> ERROR buffer - user status:0x8:0x8
10-25 18:36:59.354  1479  4780 W MtkCam/streambuf: [markUserStatus] App:Meta:FD:0x100000029:0xb400007a9cd2a720 producer:0x16 released w/o using -> ERROR buffer - user status:0x8:0x8
10-25 18:36:59.358 26711 26790 V SystemSensorManagerExtImpl: RegisterListener lsm6dsm ACCELEROMETER type:1 delay:20000us by com.google.android.location.fused.StepDetector
10-25 18:36:59.360  1785  5994 D SensorServiceUtils: setSamplingPeriodNs sensorType = 1, samplingPeriodNs = 20000000
10-25 18:36:59.360  1785  5994 D SensorServiceExtImpl: setSamplingPeriodNs SamplingPeriodNs =20000000
10-25 18:36:59.360  1785  5994 D SensorService: SensorDevice::batch: ident=0xb400007bd4e74f00, handle=0x00000001, flags=0, period_ns=20000000 timeout=0
10-25 18:36:59.360  1785  5994 D SensorService: 	>>> curr_period=20000000 min_period=20000000 curr_timeout=0 min_timeout=0
10-25 18:36:59.360  1785  5994 D SensorService: Calling batch handle==1 flags=0rate=20000000 timeout== 0
10-25 18:36:59.368  1785  5994 D SensorService: SensorDevice::activate: ident=0xb400007bd4e74f00, handle=0x00000001, enabled=1, count=4
10-25 18:36:59.374  1479 19796 I MtkCam/P2/CaptureProcessor: [onWaitFlush] P2C cam 0: (0xb400007a9cdcc970) flush +, bgPreRelease:0
10-25 18:36:59.375  1327  4320 I CameraLatencyHistogram:        40     80    120    160    200    240    280    320    360    inf (max ms)
10-25 18:36:59.377  1785  6098 I OplusCameraStateBroadcast: notifyCameraState packageName:com.makeyourhomeai cameraState:2 frontcamera:0
10-25 18:36:59.387  1320  1434 D epo     : mtk_epo_is_expired: EPO start time: 1761343200, EPO start time: Sat Oct 25 00:00:00 2025
10-25 18:36:59.390  1479  2077 I MtkCam/P2/CaptureProcessor: [onWaitFlush] P2C cam 0: (0xb400007a9cdcc970) flush +, bgPreRelease:0
10-25 18:36:59.391  1122  1259 I libPowerHal: [PD] camerahalserver update cmd:2020000 param:1
10-25 18:36:59.392  1479  5008 I MtkCam/ppl_context: [onLastStrongRef] + <4Cell/0> (0xb400007a9cb98740)
10-25 18:36:59.400  1491  1572 I MtkAgpsNative: Enter supl_conn_send_create_req
10-25 18:36:59.400  1491  1529 D agps    : [agps][n][CP] [MD_1] read  nbr_cell_info_dereg_cnf
10-25 18:36:59.400  1491  1529 D agps    : [agps][SUPL] MMI msg_id=[MSG_ID_SUPL_MMI_SUPL_FLOW_IND]
10-25 18:36:59.400  1491  1529 D agps    : [agps][n][CP] [MD_1] write  cp2_util_send_raw_data_req  type=[SUPL_FLOW_IND] len=139
10-25 18:36:59.411  1479  5008 I MtkCam/P2/CaptureProcessor: [onUninit] P2C cam 0: addr:0xb400007a9cdcc970, uniqueKey:183653521
10-25 18:36:59.420  1479  5008 I MtkCam/CapturePipe/RAWNode: [onUninit](0xb400007a63ec8600) uniqueKey:183653521
10-25 18:36:59.420  1479  5008 I MtkCam/CapturePipe/YUVNode: [onUninit](0xb400007a614d1400)(9) uniqueKey:183653521
10-25 18:36:59.420  1479  5008 I MtkCam/CapturePipe/MultiFrameNode: [onUninit](0xb400007a614d0e00) uniqueKey:183653521
10-25 18:36:59.420  1479  5008 I MtkCam/CapturePipe/RAWNode: [~RAWNode](0xb400007a63ec8600) dtor
10-25 18:36:59.420  1479  5008 I MtkCam/CapturePipe/MultiFrameNode: [~MultiFrameNode](0xb400007a614d0e00) dtor
10-25 18:36:59.420  1479  5008 I MtkCam/CapturePipe/YUVNode: [~YUVNode](0xb400007a614d1400) dtor
10-25 18:36:59.421  1479  5008 I MtkCam/P2/CaptureNode: [~P2CaptureNodeImp] P2C cam 0: (0xb400007a9cdcc900) dtor
10-25 18:36:59.422  1479  5008 I MtkCam/P2/CaptureProcessor: [~CaptureProcessor](0xb400007a9cdcc970) dtor
10-25 18:36:59.423  1785  6910 W SensorService: sensor 00000004 already enabled in connection 0xb400007c61a98600 (ignoring)
10-25 18:36:59.423  1785  6910 D SensorServiceUtils: setSamplingPeriodNs sensorType = 4, samplingPeriodNs = 20000000
10-25 18:36:59.423  1785  6910 D SensorServiceExtImpl: setSamplingPeriodNs SamplingPeriodNs =20000000
10-25 18:36:59.423  1785  6910 D SensorService: SensorDevice::batch: ident=0xb400007c61a98600, handle=0x00000004, flags=0, period_ns=20000000 timeout=0
10-25 18:36:59.423  1785  6910 D SensorService: 	>>> curr_period=10000000 min_period=20000000 curr_timeout=0 min_timeout=0
10-25 18:36:59.423  1785  6910 D SensorService: 	>>> actuating h/w BATCH 0x00000004 20000000 0
10-25 18:36:59.423  1109  1109 I sensors-hal-OriginChannel: batch: [4,20000000,0]
10-25 18:36:59.424  1785  6910 D SensorService: Calling batch handle==4 flags=0rate=20000000 timeout== 0
10-25 18:36:59.425  1785  6910 D SensorService: SensorDevice::activate: ident=0xb400007c61a98600, handle=0x00000004, enabled=1, count=1
10-25 18:36:59.427  1320  1434 D epo     : mtk_epo_is_expired: EPO start time: 1761343200, EPO start time: Sat Oct 25 00:00:00 2025
10-25 18:36:59.431  1479  2077 D SeninfDrv: [hal_csirx_phyA_power_on]power enable = 0, mipi port 8, CDPHY_RX_ANA_0 0x74710, CDPHY_RX_ANA_8 0x20000000
10-25 18:36:59.431  1479  2077 D SeninfDrv: [hal_csirx_phyA_power_on]power enable = 0, mipi port 9, CDPHY_RX_ANA_0 0x70710, CDPHY_RX_ANA_8 0x20000000
10-25 18:36:59.455  1479  5008 I MtkCam/ppl_plugin: [~PipelinePlugin] Join: dtor(0xb400007aace2b258)
10-25 18:36:59.455  1479  5008 I MtkCam/StreamingPipe/Pipe: [~StreamingFeaturePipe]destroy pipe(0xb400007a5ce0d200): SensorIndex=0
10-25 18:36:59.490  1785  3350 D SensorService: SensorDevice::batch: ident=0xb400007bd4f31f00, handle=0x00000001, flags=0, period_ns=80000000 timeout=0
10-25 18:36:59.490  1785  3350 D SensorService: 	>>> curr_period=20000000 min_period=20000000 curr_timeout=0 min_timeout=0
10-25 18:36:59.491  1785  3350 D SensorService: SensorDevice::activate: ident=0xb400007bd4f31f00, handle=0x00000001, enabled=1, count=5
10-25 18:36:59.492  1785  3350 D SensorService: SensorDevice::batch: ident=0xb400007bd4f31f00, handle=0x00000001, flags=0, period_ns=10000000 timeout=0
10-25 18:36:59.492  1785  3350 D SensorService: 	>>> curr_period=20000000 min_period=10000000 curr_timeout=0 min_timeout=0
10-25 18:36:59.495  1785  3350 D SensorServiceUtils: setSamplingPeriodNs sensorType = 14, samplingPeriodNs = 200000000
10-25 18:36:59.495  1785  3350 D SensorServiceExtImpl: setSamplingPeriodNs SamplingPeriodNs =200000000
10-25 18:36:59.495  1785  3350 D SensorService: SensorDevice::batch: ident=0xb400007bd4f31f00, handle=0x0000000e, flags=0, period_ns=200000000 timeout=0
10-25 18:36:59.495  1785  3350 D SensorService: 	>>> curr_period=9223372036854775807 min_period=200000000 curr_timeout=0 min_timeout=0
10-25 18:36:59.495  1785  3350 D SensorService: 	>>> actuating h/w BATCH 0x0000000e 200000000 0
10-25 18:36:59.497  1479  5008 I mtkcam-ppl_fbm: [~FrameBufferManagerImpl] + mDebuggeeCookie:0xb400007aace23378
10-25 18:36:59.501  1109  1109 I sensors-hal-FusionChannel: batch: [14,200000000,0]
10-25 18:36:59.501  1785  3350 D SensorService: Calling batch handle==14 flags=0rate=200000000 timeout== 0
10-25 18:36:59.501  1785  3350 D SensorService: SensorDevice::activate: ident=0xb400007bd4f31f00, handle=0x0000000e, enabled=1, count=1
10-25 18:36:59.501  1109  1109 I sensors-hal-OriginChannel: batch: [2,200000000,0]
10-25 18:36:59.512  1785  5984 D SensorService: SensorDevice::batch: ident=0xb400007bd4f31f00, handle=0x0000000e, flags=0, period_ns=20000000 timeout=0
10-25 18:36:59.512  1785  5984 D SensorService: 	>>> curr_period=200000000 min_period=20000000 curr_timeout=0 min_timeout=0
10-25 18:36:59.512  1785  5984 D SensorService: 	>>> actuating h/w BATCH 0x0000000e 20000000 0
10-25 18:36:59.512  1109  1109 I sensors-hal-FusionChannel: batch: [14,20000000,0]
10-25 18:36:59.512  1109  1109 I sensors-hal-OriginChannel: batch: [2,20000000,0]
10-25 18:36:59.515  1785  6910 D SensorService: SensorDevice::activate: ident=0xb400007c61a98600, handle=0x0000001b, enabled=0, count=2
10-25 18:36:59.517  1479  5008 I mtkcam-FeatureSettingPolicy: [~FeatureSettingPolicy] (0xb400007aacfc8a20) dtor
10-25 18:36:59.517  1785  3350 D SensorService: SensorDevice::batch: ident=0xb400007bd4f31f00, handle=0x00000010, flags=0, period_ns=80000000 timeout=0
10-25 18:36:59.518  1785  3350 D SensorService: SensorDevice::activate: ident=0xb400007bd4f31f00, handle=0x00000010, enabled=1, count=1
10-25 18:36:59.518  1122  1259 I libPowerHal: camerahalserver: cpu_ctrl set cpu freq: 2000000 -1 2400000 -1
10-25 18:36:59.518  1785  5984 D SensorService: SensorDevice::batch: ident=0xb400007bd4f31f00, handle=0x00000010, flags=0, period_ns=10000000 timeout=0
10-25 18:36:59.518  1122  1259 I libPowerHal: [PD] camerahalserver update cmd:3008200 param:-1
10-25 18:36:59.521  1785  3350 D SensorServiceUtils: setSamplingPeriodNs sensorType = 2, samplingPeriodNs = 200000000
10-25 18:36:59.521  1785  3350 D SensorServiceExtImpl: setSamplingPeriodNs SamplingPeriodNs =200000000
10-25 18:36:59.521  1785  3350 D SensorService: SensorDevice::batch: ident=0xb400007bd4f31f00, handle=0x00000002, flags=0, period_ns=200000000 timeout=0
10-25 18:36:59.521  1785  3350 D SensorService: 	>>> curr_period=9223372036854775807 min_period=200000000 curr_timeout=0 min_timeout=0
10-25 18:36:59.521  1785  3350 D SensorService: 	>>> actuating h/w BATCH 0x00000002 200000000 0
10-25 18:36:59.521  1785  3350 D SensorService: Calling batch handle==2 flags=0rate=200000000 timeout== 0
10-25 18:36:59.521  1785  3350 D SensorService: SensorDevice::activate: ident=0xb400007bd4f31f00, handle=0x00000002, enabled=1, count=1
10-25 18:36:59.522  1785  5984 D SensorService: SensorDevice::batch: ident=0xb400007bd4f31f00, handle=0x00000002, flags=0, period_ns=20000000 timeout=0
10-25 18:36:59.522  1785  5984 D SensorService: 	>>> curr_period=200000000 min_period=20000000 curr_timeout=0 min_timeout=0
10-25 18:36:59.522  1785  6910 D FusionLightExtImpl: activate activeClients size = 1, ident = 0xb400007c61a98600
10-25 18:36:59.522  1785  5984 D SensorService: 	>>> actuating h/w BATCH 0x00000002 20000000 0
10-25 18:36:59.522  1785  6910 D SensorService: SensorFusion::activate(mode=6, ident=0xb400007c61a98600, enabled=0)
10-25 18:36:59.522  1785  6910 D SensorService: SensorDevice::activate: ident=0xb400007c61a98600, handle=0x0000005b, enabled=0, count=2
10-25 18:36:59.522  1785  6910 D SensorService: 	>>> actuating h/w batch 0x0000005b 200000000 0
10-25 18:36:59.524  1785  6910 D SensorService: SensorDevice::activate: ident=0xb400007c61a98600, handle=0x00000004, enabled=0, count=1
10-25 18:36:59.524  1785  6910 D SensorService: SensorDevice::activate: ident=0xb400007c61a98600, handle=0x00000001, enabled=0, count=5
10-25 18:36:59.525  1785  6910 D SensorService: ~SensorEventConnection(0xb400007c61a98600)
10-25 18:36:59.525  1785  6910 D SensorService: removing connection 0xb400007c61a98600 for sensor[0].handle=0x00000001
10-25 18:36:59.525  1785  6910 D SensorService: removing connection 0xb400007c61a98600 for sensor[1].handle=0x00000002
10-25 18:36:59.525  1785  6910 D SensorService: removing connection 0xb400007c61a98600 for sensor[2].handle=0x0000000e
10-25 18:36:59.525  1785  6910 D SensorService: removing connection 0xb400007c61a98600 for sensor[3].handle=0x00000010
10-25 18:36:59.525  1785  6910 D SensorService: removing connection 0xb400007c61a98600 for sensor[4].handle=0x00000011
10-25 18:36:59.525  1785  6910 D SensorService: removing connection 0xb400007c61a98600 for sensor[5].handle=0x00000013
10-25 18:36:59.525  1785  6910 D SensorService: removing connection 0xb400007c61a98600 for sensor[6].handle=0x0000001b
10-25 18:36:59.525  1785  6910 D SensorService: removing connection 0xb400007c61a98600 for sensor[7].handle=0x00000048
10-25 18:36:59.525  1785  6910 D SensorService: removing connection 0xb400007c61a98600 for sensor[8].handle=0x000003e9
10-25 18:36:59.525  1785  6910 D SensorService: removing connection 0xb400007c61a98600 for sensor[9].handle=0x01000052
10-25 18:36:59.525  1785  6910 D SensorService: removing connection 0xb400007c61a98600 for sensor[10].handle=0x01000054
10-25 18:36:59.525  1785  6910 D SensorService: removing connection 0xb400007c61a98600 for sensor[11].handle=0x01000056
10-25 18:36:59.525  1109  1144 I sensors-hal-OriginChannel: wise light debug, data[0].type is 65627,data[0].sensor is 91:[634.000000,,200.000000,,17.000000,0.000000,1281041646446069]
10-25 18:36:59.526  1479  5008 I MtkCam/ppl_plugin: [~PipelinePlugin] Yuv: dtor(0xb400007aace29598)
10-25 18:36:59.526  1479  5008 I MtkCam/ppl_plugin: [~PipelinePlugin] Raw: dtor(0xb400007aace294f8)
10-25 18:36:59.526  1479  5008 I MtkCam/ppl_plugin: [~PipelinePlugin] MultiFrame: dtor(0xb400007aace278d8)
10-25 18:36:59.540  1479  2077 D mtkcam-dev3-utils: [~AppBufferHandleHolder] free buffer handle: 0xb400007aace78580
10-25 18:36:59.540  1479  2077 D mtkcam-dev3-utils: [~AppBufferHandleHolder] free buffer handle: 0xb400007a9c3b3400
10-25 18:36:59.540  1479  2077 D mtkcam-dev3-utils: [~AppBufferHandleHolder] free buffer handle: 0xb400007a7bce3900
10-25 18:36:59.540  1479  2077 D mtkcam-dev3-utils: [~AppBufferHandleHolder] free buffer handle: 0xb400007a9c3b1480
10-25 18:36:59.540  1479  2077 D mtkcam-dev3-utils: [~AppBufferHandleHolder] free buffer handle: 0xb400007a9c3b2b00
10-25 18:36:59.540  1479  2077 D mtkcam-dev3-utils: [~AppBufferHandleHolder] free buffer handle: 0xb400007a9cd09a00
10-25 18:36:59.540  1479  2077 D mtkcam-dev3-utils: [~AppBufferHandleHolder] free buffer handle: 0xb400007a9c3b1000
10-25 18:36:59.540  1479  2077 D mtkcam-dev3-utils: [~AppBufferHandleHolder] free buffer handle: 0xb400007a9c3b2500
10-25 18:36:59.540  1479  2077 D mtkcam-dev3-utils: [~AppBufferHandleHolder] free buffer handle: 0xb400007aace41e80
10-25 18:36:59.540  1479  2077 D mtkcam-dev3-utils: [~AppBufferHandleHolder] free buffer handle: 0xb400007a9cd09b80
10-25 18:36:59.540  1479  2077 I KEYFILE : [INFO   ] CustomerData.cpp:118 clearData() 0xb400007ab50b36c0
10-25 18:36:59.542  1785  5984 I OplusCameraStateBroadcast: notifyCameraState packageName:com.makeyourhomeai cameraState:3 frontcamera:0
10-25 18:36:59.549 22248  4673 D OplusCamera2StatisticsManager: addPreviewInfo, eventMap: {halLevel=3, preview_time=6099, face_count=0, cameraId=0, touchxy_value=0,0, pkgName=com.makeyourhomeai, apLevel=2}
10-25 18:36:59.550 22248  4673 D OplusCamera2StatisticsManager: addInfo, eventMap: {halLevel=3, cameraId=0, disconnectTime=1761410219548, pkgName=com.makeyourhomeai, connentTime=1761410213449, apLevel=2, timeCost=6099}
10-25 18:36:59.599  1216  1216 I BufferQueueDebug: [OplusPrivacyIconTopRight#77674](this:0xb4000079f17e99e8,id:-1,api:0,p:-1,c:1216) onDestructor()
10-25 18:36:59.610 22248  4290 W .makeyourhomeai: Cleared Reference was only reachable from finalizer (only reported once)
10-25 18:36:59.616  1327  4320 I Camera2ClientBase: Closed Camera 0. Client was: com.makeyourhomeai (PID 22248, UID 10617)
10-25 18:36:59.619  1327  4320 I Camera2ClientBase: Closed Camera 0. Client was: com.makeyourhomeai (PID 22248, UID 10617)
10-25 18:36:59.620  1216  1280 I SurfaceFlinger: [SF client] REMOVE (0xb400007a3015e700) for (22248:com.makeyourhomeai)
10-25 18:36:59.622  1216  1280 I SurfaceFlinger: [SF client] REMOVE (0xb400007a3015cfc0) for (22248:com.makeyourhomeai)
10-25 18:36:59.722  1491  1572 D agps    : [agps][n][Default] lpp_start_timer  timerID=LPP_TIMER_ID_SESSION_IDLE_TMR period=12000
10-25 18:36:59.725  1109  1144 I sensors-hal-OriginChannel: wise light debug, data[0].type is 65627,data[0].sensor is 91:[634.000000,,200.000000,,15.000000,0.000000,1281041846162761]
10-25 18:36:59.749 22248 22248 I Quality : Skipped: false 21 cost 352.8522 refreshRate 16557642 bit true processName com.makeyourhomeai
10-25 18:36:59.791 22248 22248 I Quality : Skipped: false 1 cost 30.667261 refreshRate 16557627 bit true processName com.makeyourhomeai
10-25 18:36:59.857 22248 22248 I Quality : Skipped: true 3 cost 63.4527 refreshRate 16557627 bit true processName com.makeyourhomeai
10-25 18:36:59.867  1491  1572 D agps    : [agps][n][Default] lpp_start_timer  timerID=LPP_TIMER_ID_SESSION_IDLE_TMR period=12000
10-25 18:36:59.868  1491  1529 D agps    : [agps] WARNING: [SUPL] [AGNSS] GNSS[0x400] Navigation Model: Number of Navigation Model satellite truncate 1+48 -> 48
10-25 18:36:59.889 22248 22248 I Quality : Skipped: false 1 cost 29.104168 refreshRate 16557781 bit true processName com.makeyourhomeai
10-25 18:36:59.895 22248 22248 D TextureViewImpl: SurfaceTexture available. Size: 1600x1200
10-25 18:36:59.897 22248 22248 D PreviewView: Preview transformation info updated. TransformationInfo{getCropRect=Rect(0, 0 - 1600, 1200), getRotationDegrees=90, getTargetRotation=-1, hasCameraTransform=true, getSensorToBufferTransform=Matrix{[1.0, 0.0, 0.0][0.0, 1.0, 0.0][0.0, 0.0, 1.0]}, getMirroring=false}
10-25 18:36:59.897 22248 22248 D PreviewTransform: Transformation info set: TransformationInfo{getCropRect=Rect(0, 0 - 1600, 1200), getRotationDegrees=90, getTargetRotation=-1, hasCameraTransform=true, getSensorToBufferTransform=Matrix{[1.0, 0.0, 0.0][0.0, 1.0, 0.0][0.0, 0.0, 1.0]}, getMirroring=false} 1600x1200 false
10-25 18:36:59.924  1109  1144 I sensors-hal-OriginChannel: wise light debug, data[0].type is 65627,data[0].sensor is 91:[639.000000,,200.000000,,15.000000,0.000000,1281042045859002]
10-25 18:37:00.010  6040  6437 D Utils   : setLastScrChangeTime: 1761410220008
10-25 18:37:00.299  1320  1454 W MNLD    : mnld_gps_output_data_handle: mnld send debug msg to app:$PMTK841,001,1.000000,-0.000554,33.362350,20,122,4659,4371,0,0,0,0.000000,0.130726,33.092400,33.092400*28
10-25 18:37:00.323  1491  1529 D agps    : [agps][SUPL] [AGNSS] GNSS[0x400] RTI data write to GNSS chip, total bad SV num = 11
10-25 18:37:00.356  1491  1529 D agps    : [agps][SUPL] [AGNSS] GNSS[0x400] UTC Model data write to GNSS chip
10-25 18:37:00.400  1320  1454 D mtk_lbs_utility: start_timer_check_ret: start_timer_check_ret ret=0
10-25 18:37:00.400  1320  1454 D MNLD    : mnld_main_thread: mnld_main_thread stop_timer return: 0
10-25 18:37:00.400  1320  1454 D mtk_lbs_utility: start_timer_check_ret: start_timer_check_ret ret=0
10-25 18:37:00.400  1320  1454 D MNLD    : mnld_main_thread: mnld_main_thread stop_timer return: 0
10-25 18:37:00.427 22248 22248 I Quality : Skipped: true 1 cost 21.020884 refreshRate 16558210 bit true processName com.makeyourhomeai
10-25 18:37:00.506 22248 22248 I Quality : Skipped: true 2 cost 33.8265 refreshRate 16558479 bit true processName com.makeyourhomeai
10-25 18:37:00.548 22248 22248 I Quality : Skipped: false 1 cost 25.679697 refreshRate 16559190 bit true processName com.makeyourhomeai
10-25 18:37:01.308  1320  4983 D mnld    : nmea_reader_update_time: nmea_reader_update_time: timestamp = 1761410222013, second = 1761410222000, msec = 13
10-25 18:37:01.313  1320  1454 W MNLD    : mnld_gps_output_data_handle: mnld send debug msg to app:$PMTK841,001,1.000000,-0.000554,33.521492,20,124,4436,4492,0,0,0,0.000000,0.159142,32.672333,-0.420067*37
10-25 18:37:02.100 22248 22248 I Quality : Skipped: false 1 cost 21.699783 refreshRate 16558262 bit true processName com.makeyourhomeai
10-25 18:37:02.107  1122  1259 I libPowerHal: [PD] system_server update cmd:2004100 param:2
10-25 18:37:02.151 22248 22248 I Quality : Skipped: false 1 cost 22.716404 refreshRate 16558499 bit true processName com.makeyourhomeai
10-25 18:37:02.247 22248 22248 I Quality : Skipped: false 1 cost 19.372377 refreshRate 16557557 bit true processName com.makeyourhomeai
10-25 18:37:02.300  3687  3696 E horae   : 0: back:30823,frame:30527,front:32208, 3, +(2366), 1 ,29200,34574,31601,31548,32200
10-25 18:37:02.475  1122  1259 I libPowerHal: [PD] system_server update cmd:2004100 param:2
10-25 18:37:02.480  1122  1259 I libPowerHal: [PD] system_server update cmd:2004100 param:2
10-25 18:37:02.482  1122  1259 I libPowerHal: system_server: cpu_ctrl set cpu freq: 1393000 -1 1274000 -1
10-25 18:37:02.523  1122  1259 I libPowerHal: [PD] system_server update cmd:2004100 param:2
10-25 18:37:02.845  1785  5984 I AppsFilter: interaction: PackageSetting{c02d127 com.makeyourhomeai/10617} -> PackageSetting{a28c1fa com.oplus.statistics.rom/10345} BLOCKED
10-25 18:37:02.930  1785  1785 D SensorService: SensorDevice::batch: ident=0xb400007bd4e76e80, handle=0x0000001d, flags=0, period_ns=1000000 timeout=0
10-25 18:37:02.931  1785  1785 D SensorService: SensorDevice::activate: ident=0xb400007bd4e76e80, handle=0x0000001d, enabled=1, count=1
10-25 18:37:02.935  1785  1785 D SensorService: 0xb400007bd4e76e80 addFd fd=812
10-25 18:37:03.243 22248 22248 I Quality : Skipped: false 1 cost 22.503738 refreshRate 16557408 bit true processName com.makeyourhomeai
10-25 18:37:03.312  1320  4983 D mnld    : nmea_reader_update_time: nmea_reader_update_time: timestamp = 1761410224014, second = 1761410224000, msec = 14
10-25 18:37:03.775  1122  1259 I libPowerHal: [PD] system_server update cmd:2004100 param:2
10-25 18:37:03.806 18506 18506 D wpa_supplicant: nl80211: Scan included frequencies: 2412 2417 2422 2427 2432 2437 2442 2447 2452 2457 2462 2467 2472 5180 5200 5220 5240 5260 5280 5300 5320 5500 5520 5540 5560 5580 5600 5620 5640 5660 5680 5700 5745 5765 5785 5805 5825
10-25 18:37:03.807 18506 18506 D wpa_supplicant: wlan0: BSS: Start scan result update 1200
10-25 18:37:04.025  1122  1259 I libPowerHal: [PD] system_server update cmd:2004100 param:2
10-25 18:37:04.245  1320  4983 D gps_controlller: mtk_gps_sys_suspend_extention_set: Clock extention set from mnl:enable->1, timeout->120000
10-25 18:37:04.337  1109  1144 I sensors-hal-OriginChannel: wise light debug, data[0].type is 65627,data[0].sensor is 91:[920.000000,,200.000000,,15.000000,0.000000,1281046446191868]
10-25 18:37:04.722 22248 22248 I Quality : Skipped: true 1 cost 26.767216 refreshRate 16562760 bit true processName com.makeyourhomeai
10-25 18:37:04.787 22248  4489 D ListServiceUtils: mListServiceUtils::init this 0xb400007becd178c0
10-25 18:37:04.829 22248  5072 I okhttp.OkHttpClient: --> POST https://api.stability.ai/v1/generation/stable-diffusion-xl-1024-v1-0/image-to-image
10-25 18:37:04.829 22248  5072 I okhttp.OkHttpClient: Content-Type: multipart/form-data; boundary=e39b1487-60a3-4cd1-85b3-a42b5dbd332a
10-25 18:37:04.832 22248  5072 I okhttp.OkHttpClient: Content-Length: 179098
10-25 18:37:04.832 22248  5072 I okhttp.OkHttpClient: Authorization: Bearer sk-GmrhCzfBj8FQPICcsC7VJckv49PttRT4Z3mNuNzBpf5t5gaZ
10-25 18:37:04.837 22248  5072 I okhttp.OkHttpClient: --e39b1487-60a3-4cd1-85b3-a42b5dbd332a
10-25 18:37:04.837 22248  5072 I okhttp.OkHttpClient: Content-Disposition: form-data; name="init_image_mode"
10-25 18:37:04.837 22248  5072 I okhttp.OkHttpClient: Content-Transfer-Encoding: binary
10-25 18:37:04.837 22248  5072 I okhttp.OkHttpClient: Content-Type: text/plain; charset=utf-8
10-25 18:37:04.837 22248  5072 I okhttp.OkHttpClient: Content-Length: 14
10-25 18:37:04.837 22248  5072 I okhttp.OkHttpClient: 
10-25 18:37:04.838 22248  5072 I okhttp.OkHttpClient: IMAGE_STRENGTH
10-25 18:37:04.838 22248  5072 I okhttp.OkHttpClient: --e39b1487-60a3-4cd1-85b3-a42b5dbd332a
10-25 18:37:04.838 22248  5072 I okhttp.OkHttpClient: Content-Disposition: form-data; name="init_image"; filename="temp_image_1761410224785.jpg"
10-25 18:37:04.838 22248  5072 I okhttp.OkHttpClient: Content-Type: image/jpeg
10-25 18:37:04.838 22248  5072 I okhttp.OkHttpClient: Content-Length: 177332
10-25 18:37:04.838 22248  5072 I okhttp.OkHttpClient: 
10-25 18:37:04.838 22248  5072 I okhttp.OkHttpClient: JFIF(ICC_PROFILE0mntrRGB XYZ acsp-	desctrXYZdgXYZxbXYZrTRC(gTRC(bTRC(wtptcprt<mlucenUSXsRGBXYZ o8XYZ bXYZ $paraffY
10-25 18:37:04.838 22248  5072 I okhttp.OkHttpClient: [XYZ -mlucenUS Google Inc. 2016C
10-25 18:37:04.838 22248  5072 I okhttp.OkHttpClient: 
10-25 18:37:04.838 22248  5072 I okhttp.OkHttpClient: 
10-25 18:37:04.838 22248  5072 I okhttp.OkHttpClient: C		"	
10-25 18:37:04.838 22248  5072 I okhttp.OkHttpClient: X!1AQ"aq2#BR3b$Cr4	%&ScsDt'56d5!1AQ"2aq3BR#b$4?awDJ@10p=FO4R&IO%cl ZRv26	Q?~I`@tvmI?y!2ST)|YLDm>
10-25 18:37:04.838 22248  5072 I okhttp.OkHttpClient: F)TeDNx73)5@&ySIA7L!1OMQnM1wdI<cVZ6*YA*`gFW)W44-yIHlXwN
10-25 18:37:04.838 22248  5072 I okhttp.OkHttpClient: A}~4UV9l=g*HR$N?j"
10-25 18:37:04.838 22248  5072 I okhttp.OkHttpClient: YQm+!-%P5'eGJ	VtP 9	PJD%)69cKOXes@M-W\6=	J`vUh
10-25 18:37:04.838 22248  5072 I okhttp.OkHttpClient: T$#AQ	&fNZrmSU1Ip+{5.HBDU+L;jT-DB$I^iIl(>_*[`9% H'RVAI^:WqD[H"Rj-P=#S#BIH%Zd-:L)6m)JJ=>*)b1N+B?x$<'B8-7nNc50)	T`>	qS*m8Ibw!l=BLi|J!iWv>tDQI$fvdD	S@$$SMNNLH;s(	(>8QtZ3~TV(Hw	H+P$,"rsQ$H="d@ DVI|a7m}+!$F[56P	us;O!S nP>djs4j$xu>*)JA/IQ`uG$F*HdOO?VRNSp'sS+*P4)Fu	RPT<r4JIGJ@3#:!$8ViWI;PJHL'Ru@|)vB	m d$9k*00'LmA ptQF#*;f)hl$@$$>5YDz)vaH)TF<4e
10-25 18:37:04.838 22248  5072 I okhttp.OkHttpClient: XQ0@D[8#|'7UM'`43JkJQ }(!BSTlF6Nt fH2:*-[FToSojG>28o IPg$4D(A o-K)'?*Z')R<yd2DgM+2+	8=jacT@9b-R p)xbE`:V"H-'RkIIOou+LDH!,fA*6I@NO.i`@<hd()N@V!)A`j~naZ0FOZ$GZBt*z(l%'T$c$e-H5%AJi
10-25 18:37:04.838 22248  5072 I okhttp.OkHttpClient: QLs5c0IX
10-25 18:37:04.838 22248  5072 I okhttp.OkHttpClient: 04CZUInBHL(taR433ZR|I~t@8]nw^+	
10-25 18:37:04.838 22248  5072 I okhttp.OkHttpClient: VZw )A"@O_E6p	DR`x7jXVT$@#'O<P e='b~gQ12?y=*8R`d
10-25 18:37:04.838 22248  5072 I okhttp.OkHttpClient: !P&u!^.j@ )'TRAR<;hFBv^w*VJH <],I'|IR*Nw?A:Sh!JrNqzx
10-25 18:37:04.838 22248  5072 I okhttp.OkHttpClient: 	C.7JOdEA:@,tRO`d}m^-*2	*L
10-25 18:37:04.838 22248  5072 I okhttp.OkHttpClient: Dscn23I#|~$IXOtARA	sG3QEPSI**B
10-25 18:37:04.838 22248  5072 I okhttp.OkHttpClient: +H#)o?:9@R3d
10-25 18:37:04.838 22248  5072 I okhttp.OkHttpClient: a)O+2_&-P$G19IROJ69N!X]+ek2T;u<F=i(( ja:)~BdM:kRHH#$=m4/Y15OCY`B33V\ue%+S~*q*"5JF9OZ2]An`7QLiXK}$lX:@F`@x bHQmZIiQ!3T@7i dI%98I\r&*-}pwIRkN)F1@#G/$.	BHs&h7cN0~|@5;bJNU1+"RT	K=I$4VdI?g4ipF+T\T%Dbul~UJHA}a<1	H=qN&CXr^:L~7JnA[rFDt7rR@kX!)#$T:y?:$6d1URihxH)t&	*rLm'P$"VAq#o+aT
10-25 18:37:04.838 22248  5072 I okhttp.OkHttpClient: #c9DHw3m<j@CG4ar@QN~r+)sc&A!E@Fb(ZI*%z4F*DzWuz;(H:&D!-J1Y#J<;"#zZ4d;AE'pU?('N$fQ^0[K:N8fEMW$g
10-25 18:37:04.838 22248  5072 I okhttp.OkHttpClient: T`O@1M)J$PR' jJH&v:PFD[2HN(&LH;sML7u
10-25 18:37:04.838 22248  5072 I okhttp.OkHttpClient: IT2(H2qZTTfN ,O>?V\!O>f.)H#c\dTB`A&q5%BDNE09Pn8($O<>E
10-25 18:37:04.838 22248  5072 I okhttp.OkHttpClient:  Du,i0X:$v0P
10-25 18:37:04.838 22248  5072 I okhttp.OkHttpClient: |)d(F$+
10-25 18:37:04.838 22248  5072 I okhttp.OkHttpClient: fc0\RpA<^;@.%E9Y9U!Z0R'T+	T(>|J4(gR	 hMBA9bb`O
10-25 18:37:04.838 22248  5072 I okhttp.OkHttpClient: ]`\c T!AJ"	~H a=sRmD@uA
10-25 18:37:04.838 22248  5072 I okhttp.OkHttpClient: &*LJRm $A"75@t/Jy9Rf&tww'Z.A $9*rfid= IX*#(A;VK$L
10-25 18:37:04.838 22248  5072 I okhttp.OkHttpClient: QTu$zR4`:
10-25 18:37:04.838 22248  5072 I okhttp.OkHttpClient: ]HO,EL&G+%#Z)FRgr VJ"qKJR 955:5$O*465 L?;$HeISOEY8``EaKDd|%IG**X
10-25 18:37:04.838 22248  5072 I okhttp.OkHttpClient: ^z_:b&c|+9Z3#LLlH	)|R1Z	QLjxF1*!;j[H@Pd9K3%=F$L`G?Ly^:D}(pH#$	3*I@?O$$2D&JlJdO%AQ;S[Z{d{Cq+uuJAE;xcxlj
10-25 18:37:04.838 22248  5072 I okhttp.OkHttpClient: AVzFawJN'nJJqK	wBd2_
10-25 18:37:04.838 22248  5072 I okhttp.OkHttpClient: DTrL9`Kt'A`P<!0s).,pym*MT$O,sH%$OI$;2S:mE'XygzP-r	>%L	kH	}K@
10-25 18:37:04.838 22248  5072 I okhttp.OkHttpClient: )+;m2Vd>Tu
10-25 18:37:04.838 22248  5072 I okhttp.OkHttpClient: :BTKi)N$r}LCeGB!s(eX'`|jq)N;^u@jN1'zV$sTA)~J*Rdb&'?E*B@0T>ZT}s	PG	m$++]/P\i$Y.i[rp1i[D$Vc% ~?8Ap27">5#A(@,A0Ha^V
10-25 18:37:04.838 22248  5072 I okhttp.OkHttpClient: Ra3'#D`Rv,:T$%;n,+ ;+)p_z|"Hi.:yORv)T	f>-Q);|hPS&`*X42 fG)$	4K<JO?:0i0="c"M0NO:yU<d4 QVc2i&@*0<RHt*amI*3L4DKH&YN
10-25 18:37:04.838 22248  5072 I okhttp.OkHttpClient: ytJGya$~uH 3JqIR#H4VX#X1)RqBgI	9TZ&ru[
10-25 18:37:04.838 22248  5072 I okhttp.OkHttpClient: #LxA0yfU:R*$UkSH~?&!%SUi(% '@)l|h Jf# w'oRV	5$W8-e!@yG!A!DdDQ58a jTu@,)NHiy2z,+B@'r}+LGBJd;~uOO\J	RI95%
10-25 18:37:04.838 22248  5072 I okhttp.OkHttpClient: 2	0zhDiHS:@A55,FH|s^9/%$%Z@T88gR}mS$kt>_Zi)LO644	S 	UII92a$u<JoA:wB		 D^T )t:)
10-25 18:37:04.839 22248  5072 I okhttp.OkHttpClient: XpTdZA
10-25 18:37:04.839 22248  5072 I okhttp.OkHttpClient: $ `) t	
10-25 18:37:04.839 22248  5072 I okhttp.OkHttpClient: TJlv,B9X+;D94c5@g7*
10-25 18:37:04.839 22248  5072 I okhttp.OkHttpClient: H1|*:OMA1rL ZNRRLy{7jJdn`xdCK 7a+	%`Q.BOD:]&"F'i
10-25 18:37:04.839 22248  5072 I okhttp.OkHttpClient: u&g53[u#DBsqo@,SLQ?jK*\&"(JT 5.$L2 lJbs^+7"78Vl"
10-25 18:37:04.839 22248  5072 I okhttp.OkHttpClient: Q9	R@Z	2"H8X*	D'" m,	8$r'fCNj]uqj 8M-!@(1:]o'I*);3>CD)ZRC=25)D#ji@#\=>W
10-25 18:37:04.839 22248  5072 I okhttp.OkHttpClient: 2{N4Lh$&K-dj;HAFmp9U9|Ht(^
10-25 18:37:04.839 22248  5072 I okhttp.OkHttpClient: DHOw#(VH!@j<A1"8A&G=>&B'`sP*$PV:O<z1'nl	'BZyE	:pA	`zO]#':ZMk
10-25 18:37:04.839 22248  5072 I okhttp.OkHttpClient: B"6P,(HA.Dxt s?IhA@6~U^CZH&"j
10-25 18:37:04.839 22248  5072 I okhttp.OkHttpClient: |Is!?Nr2@=  }"z!(/#t4PD*	h)qBU xE>4:A\UXqH=$Hi\HH"LL%j:bjq1PKR@$I'sb#NTfAjJt@D<
10-25 18:37:04.839 22248  5072 I okhttp.OkHttpClient: JBI3uT $N^4PuTPP{9Af%):"h1 gJ3*N4	#q].@!$
10-25 18:37:04.839 22248  5072 I okhttp.OkHttpClient: HLAepdx|JhdIRaJ
10-25 18:37:04.839 22248  5072 I okhttp.OkHttpClient: 'kqPLx|)m'JSO3DJ	TOOu}gQJL@Je~xLPxaJ#~I-(I+dAT$i"r69F^uKU$V>/\R	dJ!K\L)2+:Zo4:D($?/YeS<JJ4@*or0* (J$+|{WVs9czzR!P&H4>|VH"A`%g?z4eL$f|-i2*	Z?6N1PV5P+:fF0v#$93-f~AIm??u&
10-25 18:37:04.839 22248  5072 I okhttp.OkHttpClient: 
10-25 18:37:04.839 22248  5072 I okhttp.OkHttpClient: %@"8t)e:D72%&"&IO)"TRNyaFL7P2
10-25 18:37:04.839 22248  5072 I okhttp.OkHttpClient: 	S7xXU$R?VkHKbU4!<*%BVPH0bI"~94:%1Grv8]Mi>{sUu#-'Wz|>T
10-25 18:37:04.839 22248  5072 I okhttp.OkHttpClient: HQ_UVt}G4n2JbaXde-(%8@{0#/%RGI>r*p$S@1V'tAO#DjP3$RG -`G2$1
10-25 18:37:04.839 22248  5072 I okhttp.OkHttpClient: #V p6j
10-25 18:37:04.839 22248  5072 I okhttp.OkHttpClient: (RRcQB&A$#R+%(X9gjJ2;/J#&y"5#3H3RuH+R,f 5i.I6#YmEd):ctJ%ADs2OYBxA IzagN%Y0"
10-25 18:37:04.839 22248  5072 I okhttp.OkHttpClient: 9CaX+To;jdBd'"LHDQcY7Z'H;L*~#H>C`j#i
10-25 18:37:04.839 22248  5072 I okhttp.OkHttpClient: HjfZ<;#{@PL'eb+?k-#&T)<+99|9:[&T,vOSAY:YFr:It)z98v%A:@La;9D	<eXGqECf'1+Ii &&3U(M
10-25 18:37:04.839 22248  5072 I okhttp.OkHttpClient: J4e$&JPq	Oah&G & u jX%$v'J`]:)#PQ$8'^%@HNDFo^S*s{bcxAK@{0%DLTC!c@\0OZH.JTI
10-25 18:37:04.839 22248  5072 I okhttp.OkHttpClient: *T2'hI'30u%T@![~SH"D)e)$x8Rfc?{U52P|;6HJ	})!)O#/9 y
10-25 18:37:04.839 22248  5072 I okhttp.OkHttpClient: anC`/c2bf0qC:T\gdi
10-25 18:37:04.839 22248  5072 I okhttp.OkHttpClient: HN9nk3A))2pO"rgM4P$	iaSAqP $#*@0d(<)2U$ZjR
10-25 18:37:04.839 22248  5072 I okhttp.OkHttpClient: AhP!$sK-AN'yjN	 	1D;pj^IYB6cCp
10-25 18:37:04.839 22248  5072 I okhttp.OkHttpClient: 9q95&'T"|,:gxP)]mJY"s$P)uJ9d(10`N!03P[#FR3b
10-25 18:37:04.839 22248  5072 I okhttp.OkHttpClient: tO|Eqv'|iAiPB L{K*:<F3H#"TGH,!c||*A r,hR(<T8 I	"Jf?Y
10-25 18:37:04.839 22248  5072 I okhttp.OkHttpClient: ^RR L	dIWxBX.PRH$-wR4Y2T1QsRVY0v*\P
10-25 18:37:04.839 22248  5072 I okhttp.OkHttpClient: Z#U#^ZR2C`F%' R"RN`oI0:*\8AN)Q
10-25 18:37:04.839 22248  5072 I okhttp.OkHttpClient: DRQy}#yJ\DN~T{(9:R+ )9`VBN32za38gF"	1W*
10-25 18:37:04.839 22248  5072 I okhttp.OkHttpClient: v?RcS*&L@#.8=~u A`'j@$G/Ld10w84i 	1Ud%JcmZ~2o~jI!X t^k,0v	5rJ! Di`K%"A"38(~  (=G*{A^*Fwr,:dzR6D[ra0AlR.(jb~GR,HWC ~RrO(0
10-25 18:37:04.839 22248  5072 I okhttp.OkHttpClient: @"FrQ
