10-25 18:36:53.435  1479  4758 D AFAlgo  : [AF_Create][PointLight] dev 0.OK! id 0 state 1 data 0xb400007aace6d800 size 4216
10-25 18:36:53.435  1479  4758 D AFAlgo  : [AF_Create][Scene] dev 0.OK! id 0 state 1 data 0xb400007a9cdd5200 size 21800
10-25 18:36:53.435  1479  4758 D AFAlgo  : [AF_Create][SyncAF] dev 0.OK! id 0 state 1 data 0xb400007a9e152000 size 1048
10-25 18:36:53.435  1479  4758 D AFAlgo  : [AF_Create][ZoomEffect] dev 0.OK! id 0 state 1 data 0xb400007aacfd70e0 size 112
10-25 18:36:53.435  1479  4758 D AFAlgo  : [AF_Create][ZoomTrack] dev 0.OK! id 0 state 1 data 0xb400007aace27c80 size 132
10-25 18:36:53.435  1479  4758 D AFAlgo  : [AF_Create][Main] OK! id 0 state 1 data 0xb400007a6c60dfc0 size 147448
10-25 18:36:53.436  1479  4758 D AFAlgo  : [AF_Create][AISEG] dev 0.OK! id 0 state 1 data 0xb400007a9cbba200 size 198056
10-25 18:36:53.439  1785  2448 D SensorServiceUtils: setSamplingPeriodNs sensorType = 4, samplingPeriodNs = 20000000
10-25 18:36:53.439  1785  2448 D SensorServiceExtImpl: setSamplingPeriodNs SamplingPeriodNs =20000000
10-25 18:36:53.440  1785  2448 D SensorService: SensorDevice::batch: ident=0xb400007c61a98600, handle=0x00000004, flags=0, period_ns=20000000 timeout=0
10-25 18:36:53.440  1785  2448 D SensorService: 	>>> curr_period=9223372036854775807 min_period=20000000 curr_timeout=0 min_timeout=0
10-25 18:36:53.440  1785  2448 D SensorService: 	>>> actuating h/w BATCH 0x00000004 20000000 0
10-25 18:36:53.440  1109  1109 I sensors-hal-OriginChannel: batch: [4,20000000,0]
10-25 18:36:53.440  1785  2448 D SensorService: Calling batch handle==4 flags=0rate=20000000 timeout== 0
10-25 18:36:53.440  1785  2448 D SensorService: SensorDevice::activate: ident=0xb400007c61a98600, handle=0x00000004, enabled=1, count=1
10-25 18:36:53.442  1785  5994 D OplusAppListInterceptManager: shouldFilterTask::packageName = com.makeyourhomeai
10-25 18:36:53.444  1785 17813 D SensorServiceUtils: setSamplingPeriodNs sensorType = 1, samplingPeriodNs = 20000000
10-25 18:36:53.444  1785 17813 D SensorServiceExtImpl: setSamplingPeriodNs SamplingPeriodNs =20000000
10-25 18:36:53.444  1785 17813 D SensorService: SensorDevice::batch: ident=0xb400007c61a98600, handle=0x00000001, flags=0, period_ns=20000000 timeout=0
10-25 18:36:53.444  1785 17813 D SensorService: 	>>> curr_period=20000000 min_period=20000000 curr_timeout=2000000000 min_timeout=0
10-25 18:36:53.444  1785 17813 D SensorService: 	>>> actuating h/w BATCH 0x00000001 20000000 0
10-25 18:36:53.444  1109  1109 I sensors-hal-OriginChannel: batch: [1,20000000,0]
10-25 18:36:53.444 22248  4673 D OplusCamera2StatisticsManager: addPreviewInfo, eventMap: {halLevel=3, preview_time=618, cameraId=0, pkgName=com.makeyourhomeai, apLevel=2}
10-25 18:36:53.444  1785  5994 I OplusCameraStateBroadcast: notifyCameraState packageName:com.makeyourhomeai cameraState:0 frontcamera:0
10-25 18:36:53.444 22248  4673 D OplusCamera2StatisticsManager: addInfo, eventMap: {halLevel=3, cameraId=0, disconnectTime=1761410213444, pkgName=com.makeyourhomeai, connentTime=1761410212826, apLevel=2, timeCost=618}
10-25 18:36:53.446  1785 17813 D SensorService: Calling batch handle==1 flags=0rate=20000000 timeout== 0
10-25 18:36:53.447  1785 17813 D SensorService: SensorDevice::activate: ident=0xb400007c61a98600, handle=0x00000001, enabled=1, count=3
10-25 18:36:53.449  1785  6910 D SensorServiceUtils: adjustOplusFusionLightArgs opPackageName = android.frameworks.sensorservice@1.0::ISensorManager, samplingPeriodNs = 20000000 ns, type = 5.
10-25 18:36:53.449  1785  6910 D SensorServiceUtils: setSamplingPeriodNs sensorType = 5, samplingPeriodNs = 20000000
10-25 18:36:53.449  1785  6910 D SensorServiceExtImpl: setSamplingPeriodNs SamplingPeriodNs =20000000
10-25 18:36:53.449  1785  6910 D FusionLightExtImpl: setDelay ns = 200000000
10-25 18:36:53.449  1785  6910 D SensorService: SensorDevice::batch: ident=0xb400007c61a98600, handle=0x0000005b, flags=0, period_ns=200000000 timeout=0
10-25 18:36:53.449  1785  6910 D SensorService: 	>>> curr_period=200000000 min_period=200000000 curr_timeout=0 min_timeout=0
10-25 18:36:53.449  1785  6910 D SensorService: Calling batch handle==1001 flags=0rate=20000000 timeout== 0
10-25 18:36:53.449  1785  6910 D FusionLightExtImpl: activate activeClients size = 2, ident = 0xb400007c61a98600
10-25 18:36:53.449  1785  6910 D SensorService: SensorFusion::activate(mode=6, ident=0xb400007c61a98600, enabled=1)
10-25 18:36:53.449 22248  4673 D OplusCamera2StatisticsManager: addInfo, eventMap: {halLevel=3, cameraId=0, pkgName=com.makeyourhomeai, connentTime=1761410213449, apLevel=2}
10-25 18:36:53.449  1785  6910 D SensorService: SensorDevice::activate: ident=0xb400007c61a98600, handle=0x0000005b, enabled=1, count=2
10-25 18:36:53.453  1327  4320 I CameraDeviceClient: createStream : stream size is 1600 x 1200
10-25 18:36:53.458  1479 18737 I KEYFILE : [INFO   ] CustomMetadata.cpp:357 getSessionParam() m_activityName:com.makeyourhomeai.MainActivity,m_callerPkgName:,m_bIsSdkCam:0
10-25 18:36:53.519  1479 18737 W mtkcam-dev3: [0-session::checkStream] framework stream dataspace:0x08c20000 streamId:1 type:OUT (w,h) = (3264,2448) format:33 usage:0x3 dataSpace:8c20000 rotation:0 physicalCameraId: bufferSize:bce15e
10-25 18:36:53.520  1479 18737 I mtkcam-dev3-utils: [operator()] [addFrameDuration] format:34 size:1600x1200 min_duration:33333333, stall_duration:0
10-25 18:36:53.520  1479 18737 I mtkcam/oplus_aishutter: [getInstance] 0xb400007a9cc88420 , size :24 byte
10-25 18:36:53.520  1479 18737 I mtkcam-FeatureSettingPolicy: [FeatureSettingPolicy] (0xb400007aacfc8a20) ctor, openId(0), sensors_count(1), is_dual_cam(0)
10-25 18:36:53.521  1479 18737 I mtkcam-OplusPipelineModelSession: activityName: com.makeyourhomeai.MainActivity, packageName: com.makeyourhomeai, openId: 0
10-25 18:36:53.523  1785 17813 D SensorService: SensorDevice::batch: ident=0xb400007c61a98600, handle=0x0000001b, flags=0, period_ns=10000000 timeout=0
10-25 18:36:53.523  1479 18737 I mtkcam-FeatureSettingPolicy: [evaluateCaptureConfiguration] scenario(MTK_CAMERA_SCENARIO_CAPTURE_NORMAL) support feature:MTK_FEATURE_AINR(0x2000), feature combination:MTK_FEATURE_COMBINATION_AINR(0x320f0)
10-25 18:36:53.523  1479 18737 I MtkCam/ppl_plugin: [PipelinePlugin] MultiFrame: ctor(0xb400007aace278d8), hash:183653521
10-25 18:36:53.523  1479 18737 I MtkCam/ppl_plugin: [getInstance] MultiFrame: create plugin(0xb400007aace278d8), hash:183653521, uniqueKey:183653521, mInstances size:1
10-25 18:36:53.523  1479 18737 I MtkCam/ppl_plugin: [PipelinePlugin] Raw: ctor(0xb400007aace294f8), hash:183653521
10-25 18:36:53.523  1479 18737 I MtkCam/ppl_plugin: [getInstance] Raw: create plugin(0xb400007aace294f8), hash:183653521, uniqueKey:183653521, mInstances size:1
10-25 18:36:53.523  1479 18737 I MtkCam/ppl_plugin: [PipelinePlugin] Yuv: ctor(0xb400007aace29598), hash:183653521
10-25 18:36:53.523  1479 18737 I MtkCam/ppl_plugin: [getInstance] Yuv: create plugin(0xb400007aace29598), hash:183653521, uniqueKey:183653521, mInstances size:1
10-25 18:36:53.524  1479 18737 I mtkcam-FeatureSettingPolicy: [updateStreamConfiguration] scenario(MTK_CAMERA_SCENARIO_STREAMING_NORMAL) for (openId:0, scenario:51, config: #fixedMargin=0, #queue=0 ) support feature:NO_FEATURE_NORMAL(0), feature combination:MTK_FEATURE_COMBINATION_VIDEO_NORMAL(0x2400c01181020)
10-25 18:36:53.524  1479 18737 I mtkcam-FeatureSettingPolicy: [updateStreamConfiguration] dispStreamId[0x000000000], MdpTargetSize(1600x1200), stream detail: disp[0x000000000](1600x1200), rec[0xffffffffffffffff](0x0), extra[0xffffffffffffffff](0x0), extraSlow[0xffffffffffffffff](0x0);support features:0x2400c01181020, rrz ratio(1.000000), force4K(fps/size)=(0/0x0) .AppConfiguration(#sessionParams=3,operation=0,supportAIShutter:0) .AppImageStreamInfo(videoConsumer=0)
10-25 18:36:53.524  1479 18737 I mtkcam-FeatureSettingPolicy-Oplus: [reEvaluateStreamConfiguration] mNeedCaptureNoPreviewTag:0,mPackageName:com.makeyourhomeai,mActivityName:com.makeyourhomeai.MainActivity,SysCam:0,mDisEnabledFSC:0
10-25 18:36:53.524  1479 18737 I mtkcam-SensorSettingPolicy4cell: [OPLUS][getThirdCamScenarioId] match setting:com.makeyourhomeai
10-25 18:36:53.524  1479 18737 I mtkcam-SensorSettingPolicy4cell: [OPLUS][getThirdCamScenarioId] match setting(input):ThirdPkgName com.makeyourhomeai, camId 0, hasVideoConsumer 0, thirdOpMode 0x0, asepct_Ration 750,maxYuvSize.w 1600, maxYuvSize.h 1200, maxImageSize.w 3264, maxImageSize.h 2448
10-25 18:36:53.524  1479 18737 I mtkcam-SensorSettingPolicy4cell: [OPLUS][getThirdCamScenarioId] match setting(result):[ThirdCamSensorSettingMap],com.makeyourhomeai[1/7] [8:0,-1,-1,570,-1,-1,-1,1]
10-25 18:36:53.524  1479 18737 I mtkcam-SensorSettingPolicy4cell: select size(4000x3000)@30  sensorMode:1 hdrSensorMode:0 hdrHalMode:0 HfpsMode:0 staggerScenarios:0
10-25 18:36:53.524  1479 18737 I mtkcam-P1HwSettingPolicy: [configP1HwSetting] streamSize.w: 1600, streamSize.h: 1200, MinFrameDuration: 33333333
10-25 18:36:53.524  1479 18737 I OplusP1HwSettingPolicy: [oplusConfigRrzoSize] 3rdAppCam:com.makeyourhomeai[0] thirdActivityName:com.makeyourhomeai.MainActivity
10-25 18:36:53.524  1479 18737 I OplusP1HwSettingPolicy: [oplusConfigRrzoSize]get key: com.makeyourhomeai or com.makeyourhomeai.MainActivity fail! No customization in the current scene
10-25 18:36:53.524  1479 18737 I OplusP1HwSettingPolicy: config rrzo size: 1600/1200
10-25 18:36:53.524  1479 18737 I mtkcam-P1HwSettingPolicy: { .imgoAlloc={ format:0x2201 4000x3000 } .imgoDefaultRequest={ format:0x2201 4000x3000 } .imgoSeamlessRequest={ format:0 0x0 } .rrzoDefaultRequest={ format:0x2205 1600x1200 } .rssoSize=288x512 .pixelMode=2 .usingCamSV=0 }
10-25 18:36:53.524  1479 18737 I KEYFILE : [INFO   ] CustomCommon.cpp:195 CustomCommon() 0xb400007a9cade7a0
10-25 18:36:53.524  1122  1259 I libPowerHal: camerahalserver: cpu_ctrl set cpu freq: 2000000 -1 2400000 -1
10-25 18:36:53.525  1479 18737 I KEYFILE : [INFO   ] CustomCommon.cpp:203 ~CustomCommon() 0xb400007a9cade7a0
10-25 18:36:53.525  1479 18737 I KEYFILE : [INFO   ] CustomCommon.cpp:195 CustomCommon() 0xb400007a9cade7a0
10-25 18:36:53.526  1479 18737 I KEYFILE : [INFO   ] CustomCommon.cpp:203 ~CustomCommon() 0xb400007a9cade7a0
10-25 18:36:53.526  1479 18737 I KEYFILE : [INFO   ] CustomCommon.cpp:195 CustomCommon() 0xb400007a9cade7a0
10-25 18:36:53.526  1479 18737 I KEYFILE : [INFO   ] CustomCommon.cpp:203 ~CustomCommon() 0xb400007a9cade7a0
10-25 18:36:53.526  1479 18737 I BWC     : cam_id=0 sen_fps=30 sen_size=12000000 pd=927520 video=0 vb_ratio=0.062490 vb_time=2.083000 rawi=0 yuv=1 raw_bbp=1.252000 is_smvr=0
10-25 18:36:53.527  1479 18737 I MtkCam/ppl_context: [PipelineContext] <4Cell/0> (0xb400007a9cb98740)
10-25 18:36:53.528  1785 17813 D SensorService: SensorDevice::activate: ident=0xb400007c61a98600, handle=0x0000001b, enabled=1, count=2
10-25 18:36:53.528  1479 18737 I mtkcam-PipelineContextBuilder: [configContextLocked_P1Node] 0x100000001 4000x3000 ImgFormat:0x2201(BAYER10) BufPlanes(strides/sizeInBytes):[ 5008/15024000 ] startOffset:0 bufStep:0 t:0 maxBufNum:10 minInitBufNum:0 Hal:Image:P1:Fullraw_main1 AllocImgFormat:0x21(BLOB) AllocBufPlanes(strides/sizeInBytes):[ 15024000/15024000 ] Private{exist?0 id:0}
10-25 18:36:53.528  1479 18737 I NormalPipe: [CreateInsatnce] Caller:NormalPipe, pAllSensorInfo=0xb400007ab51bc000
10-25 18:36:53.528  1479 18737 I NormalPipe: [CreateInsatnce] IQ: supported isp clk:392000000
10-25 18:36:53.528  1479 18737 I NormalPipe: [CreateInsatnce] IQ: supported isp clk:624000000
10-25 18:36:53.528  1479 18737 I NormalPipe: [queryIQTable] vInData: sensorIdx(0) scenarioId(1) mipi_rate(411428000) img_crop_w(4000) img_crop_h(3000) tg_fps(300) raw_fps(300) raw_out_w(1600) off_bin(0) off_twin(0) pattern(0) FRZratio(0)
10-25 18:36:53.529  1479 18737 I mtkcam-PipelineContextBuilder: [configContextLocked_P2SNode] operation_mode=0 p2_type=1 p2_node_type=1 app_mode=0 fd=0x0 3dnr_mode=0x63 fsc_mode=0x0 eis_mode=0x0 eis_factor=100 stream_size=1600x1200 video=0x0 p2TpiMargin(1.000000), p2TpiMargin(1.000000), dsdnHint(1) mSecType(0) timestamp(626722050701355), reqFps(30) HDR10(0/0), DispStreamId(0x000000000), PQIdx(1)
10-25 18:36:53.529  1479 18737 I MtkCam/P2/CaptureProcessor: [CaptureProcessor](0xb400007a9cdcc970) ctor
10-25 18:36:53.529  1479 18737 I MtkCam/P2/CaptureNode: [P2CaptureNodeImp] : (0xb400007a9cdcc900) ctor, uniqueKey:183653521, supportedScenarioFeatures:0x100001008320f5, bgPreRelease:0, hidlIsp:0 sessionparam:0xb400007aadd3ecc8
10-25 18:36:53.529  1479 18737 D OPLUS-PipelineContextBuilder: [ConfigParam_FdNode] previewId 0, previewSize w*h:1600*1200
10-25 18:36:53.529  1479 18737 I MtkCam/ppl_context: [dump]     [IMAGE-APP-PROVIDER]0 1600x1200 OUT ImgFormat:0x11(NV21) BufPlanes(strides/sizeInBytes):[ 1600/1920000 1600/1039744 ] startOffset:0 bufStep:0 t:0/r:0 maxBuffers:12 d/s:0x00000000(UNKNOWN) s0:d0:App:YCrCb_420_SP:0|HW_TEXTURE AllocImgFormat:0x11(NV21) AllocBufPlanes(strides/sizeInBytes):[ 1600/1920000 1600/1039744 ] Real:0x11(YCrCb_420_SP) Request:0x22(IMPLEMENTATION_DEFINED) Override:0x11(YCrCb_420_SP) Hal-Client-usage:0x100(0|HW_TEXTURE) Hal-usage:0x20033(0|SW_READ_OFTEN|SW_WRITE_OFTEN|HW_CAMERA_WRITE) HalStream::(consumer/producer)Usage:0/0x20033 0xb400007a9cc1ca40 phy:-1
10-25 18:36:53.529  1479 18737 I MtkCam/ppl_context: [dump]     [IMAGE-APP-PROVIDER]0x1 3264x2448 OUT ImgFormat:0x2300(JPEG) BufPlanes(strides/sizeInBytes):[ 12378462/12378496 ] startOffset:0 bufStep:0 t:0/r:0 maxBuffers:6 d/s:0x08c20000(V0_JFIF|STANDARD_BT601_625|TRANSFER_SMPTE_170M|RANGE_FULL) s1:d0:App:BLOB:0|SW_READ_OFTEN AllocImgFormat:0x21(BLOB) AllocBufPlanes(strides/sizeInBytes):[ 12378462/12378496 ] Real:0x21(BLOB) Request:0x21(BLOB) Override:0x21(BLOB) Hal-Client-usage:0x3(0|SW_READ_OFTEN) Hal-usage:0x20033(0|SW_READ_OFTEN|SW_WRITE_OFTEN|HW_CAMERA_WRITE) HalStream::(consumer/producer)Usage:0/0x20033 0xb400007a9cc1c880 phy:-1
10-25 18:36:53.529  1479 18737 I MtkCam/ppl_context: [dump]     [IMAGE-HAL-RUNTIME ]0x100000001 4000x3000 ImgFormat:0x2201(BAYER10) BufPlanes(strides/sizeInBytes):[ 5008/15024000 ] startOffset:0 bufStep:0 t:0 maxBufNum:10 minInitBufNum:0 Hal:Image:P1:Fullraw_main1 AllocImgFormat:0x21(BLOB) AllocBufPlanes(strides/sizeInBytes):[ 15024000/15024000 ] Private{exist?0 id:0}
10-25 18:36:53.529  1479 18737 I MtkCam/ppl_context: [dump]     [IMAGE-HAL-POOL    ]0x100000003 1600x1200 ImgFormat:0x2205(FG_BAYER10) BufPlanes(strides/sizeInBytes):[ 3008/3609600 ] startOffset:0 bufStep:0 t:0 maxBufNum:12 minInitBufNum:0 Hal:Image:P1:Resizeraw_main1 AllocImgFormat:0x2205(FG_BAYER10) AllocBufPlanes(strides/sizeInBytes):[ 3008/3609600 ] Private{exist?0 id:0}
10-25 18:36:53.529  1479 18737 I MtkCam/ppl_context: [dump]     [IMAGE-HAL-POOL    ]0x100000005  288x512  ImgFormat:0x2400(STA_BYTE) BufPlanes(strides/sizeInBytes):[ 288/147456 ] startOffset:0 bufStep:0 t:0 maxBufNum:7 minInitBufNum:1 Hal:Image:RSSO_main1 AllocImgFormat:0x2400(STA_BYTE) AllocBufPlanes(strides/sizeInBytes):[ 288/147456 ] Private{exist?0 id:0}
10-25 18:36:53.529  1479 18737 I MtkCam/ppl_context: [dump]     [IMAGE-HAL-POOL    ]0x100000014  640x480  ImgFormat:0x14(YUY2) BufPlanes(strides/sizeInBytes):[ 1280/614400 ] startOffset:0 bufStep:0 t:0 maxBufNum:8 minInitBufNum:1 Hal:Image:P1FDYuv_main1 AllocImgFormat:0x14(YUY2) AllocBufPlanes(strides/sizeInBytes):[ 1280/614400 ] Private{exist?0 id:0}
10-25 18:36:53.529  1479 18737 I mtkcam-fbm_producer: [dump] Producer(0xb400007a6afb5b00) stream(0x100000003:Hal:Image:P1:Resizeraw_main1) pool(0xb400007aace76300) size(0) [Heap]{SB}
10-25 18:36:53.529  1479 18737 I mtkcam-fbm_pool: [dumpPool] logLevel:0 pIonDevice:0xb400007a9cb385b8 Max:2 Min:0 future:1 inUse:0 available:2
10-25 18:36:53.529  1479 18737 I mtkcam-fbm_pool: [dumpPool] Available Buffer: 0xb400007ab65f5200; 0xb400007ab65f5500; 
10-25 18:36:53.529  1479 18737 I mtkcam-fbm_producer: [dump] Producer(0xb400007aacfe1480) stream(0x100000004:Hal:Image:STT_main1) pool(0xb400007aace76480) size(0) [Heap]{SB}
10-25 18:36:53.529  1479 18737 I mtkcam-fbm_pool: [dumpPool] logLevel:0 pIonDevice:0xb400007a9cb38618 Max:11 Min:1 future:1 inUse:0 available:11
10-25 18:36:53.529  1479 18737 I mtkcam-fbm_pool: [dumpPool] Available Buffer: 0xb400007aadacf500; 0xb400007a9cdcd200; 0xb400007a9cdcd500; 0xb400007a9cdcd800; 0xb400007a9cdcdb00; 0xb400007a9cdcde00; 0xb400007a9cdce100; 0xb400007a9cdce400; 0xb400007a9cdce700; 0xb400007a9cdcea00; 0xb400007a9cdced00; 
10-25 18:36:53.529  1479 18737 I mtkcam-fbm_producer: [dump] Producer(0xb400007aacfe1e80) stream(0x100000005:Hal:Image:RSSO_main1) pool(0xb400007aace41700) size(0) [Heap]{SB}
10-25 18:36:53.529  1479 18737 I mtkcam-fbm_pool: [dumpPool] logLevel:0 pIonDevice:0xb400007a9cb38678 Max:1 Min:1 future:1 inUse:0 available:1
10-25 18:36:53.529  1479 18737 I mtkcam-fbm_pool: [dumpPool] Available Buffer: 0xb400007a630f8000; 
10-25 18:36:53.529  1479 18737 I mtkcam-fbm_producer: [dump] Producer(0xb400007aacfe1fc0) stream(0x100000014:Hal:Image:P1FDYuv_main1) pool(0xb400007aace41880) size(0) [Heap]{SB}
10-25 18:36:53.530  1479 18737 I mtkcam-fbm_pool: [dumpPool] logLevel:0 pIonDevice:0xb400007a9cb38738 Max:1 Min:1 future:1 inUse:0 available:1
10-25 18:36:53.530  1479 18737 I mtkcam-fbm_pool: [dumpPool] Available Buffer: 0xb400007a9cdcc000; 
10-25 18:36:53.534  1479  4777 I MtkCam/StreamingPipe/Pipe: [StreamingFeaturePipe]create pipe(0xb400007a5ce0d200): SensorIndex=0 sensorNum(1) dualMode(0),UsageMode=2 EisMode=0x0 3DNRMode=99 AISSMode=0 DSDN(mode/m/d/layer/p1ctrl/10bit)=(1/1/2/1/0/1) tsq=0 StreamingSize=1600x1200 Out(max/phy/large/fd/video)=(3/0/1/0x0/0x0) In(fps/p1Batch)=(30/1), secType=0 HDR10=(0/0)
10-25 18:36:53.545  1785  3350 I OplusCameraStateBroadcast: notifyCameraState packageName:com.makeyourhomeai cameraState:1 frontcamera:0
10-25 18:36:53.553  1479  4773 I MtkCam/P1NodeImp: [check_config] [Cam::0] Cam::0 Param[N:m0,p1,c3,q0,t0,b0,a0,i0,r0,w1,g0,s0,v10001000_B:p0,b0,t1,h0,u0,e1,l1,r1,f0,d0,q0,c0,f0,v0,s0,LL0,SSC0,SE0,ST0,SB0x0,O:1,OI:0] S(1,30,2,0,x0,4000x3000) R(0x2201-5008-15024000,1-0-1,1-0x2) D(b0,t1,h0) E(e1,l1,r1,u0,d0,q0,c0,f0,s0,p0,a0) M(m0x0,p0x1,c0x3,q0,t0,b1,a1,u1,d1,r0,i0,g0,s0,k0,v10001000,f0) Dm(1) Rc(0xb400007b94e49c40) Sh(0x0) SenCfg(1,0,1) Pool(IMG0x0,RRZ0x0,LCS0x0,RSS0x0,YUV0x0,CRZ10x0,CRZ20x0) MetaInAPP_0:0x80000000 MetaInHAL_1:0x100000018 MetaOutAPP_2:0x100000024 MetaOutHAL_3:0x10000001b ImgOutIMG_5:0x100000001(4000x3000)[0x2201] ImgOutRRZ_7:0x100000003(1600x1200)[0x2205] ImgOutLCS_8:0x100000004(680x510)[0x2401] ImgOutLCESHO_9:0x100000004(1548x1)[0x2401] ImgOutRSS_10:0x100000005(288x512)[0x2400] ImgOutYUVR1_14:0x100000014(640x480)[0x14] Meta(APP:3=3,HAL:5=5) RR(6) AA(0,0-4000x3000) TS(1) 
10-25 18:36:53.557  1479  4773 D SeninfDrv: [setSeninfVC]CSI2 Stream0(0x2b0011), Stream1(0x0), Stream2(0x2b0111), Stream3(0x0), Stream4(0x0), Stream0(0x0), Group0(0x100), Group1(0x400)
10-25 18:36:53.557  1479  4773 D SeninfDrv: [Efuse]CSI2A CDPHY_RX_ANA_2(0x44001111) CDPHY_RX_ANA_3(0x2001111) CDPHY_RX_ANA_4(0x1010)
10-25 18:36:53.557  1479  4773 D SeninfDrv: [Efuse]CSI2B CDPHY_RX_ANA_2(0x44001010) CDPHY_RX_ANA_3(0x2001111) CDPHY_RX_ANA_4(0x0)
10-25 18:36:53.559  1479  4773 D HW_INTEG: [191217] Integration = (0x1, 0, resolution 12000000)
10-25 18:36:53.582  1479  4773 D CcuMemMgr: [allocateSystemMem] memory of CPU reference allocation success: share_fd(307), va(0x7a98d14000), mva(0x47800000), size(8388608), cached(1)
10-25 18:36:53.583  1479  4773 D CcuMemMgr: [allocateSystemMem] memory of CCU ctrl allocation success: share_fd(308), va(0x7aa0216000), mva(0x47400000), size(4194304), cached(0)
10-25 18:36:53.591  1479  4773 D CcuMemMgr: [allocateSystemMem] processing CPU reference alignment, align_size(400000) mva(47800000) mva_align(47800000) occup(0)
10-25 18:36:53.591  1479  4773 I CcuDrv  : CcuDrv[init] +: logBufMva[0](0x47400000), logBufMva[1](0x47500000), logBufVa[0](0x7aa0216000), logBufVa[1](0x7aa0316000)
10-25 18:36:53.601  1479  4777 I MtkCam/StreamingPipe/Pipe: [prepareGeneralPipe]create & init DIPStream(0xb400007a9cd38420) -- secTag(0), #P2EnqueDepth(3), #subFrame(2), #SMVRBatchNum(0)
10-25 18:36:53.601  1479  4777 I MtkCam/StreamingPipe/TPI_MGR_Plugin: [createSession]+ sensor(#1:main=0) mask=[0x0002400c01181020] size(raw:1600x1200 app:1600x1200) margin(1.000)
10-25 18:36:53.601  1479  4777 I MtkCam/ppl_plugin: [PipelinePlugin] Join: ctor(0xb400007aace2b258), hash:0
10-25 18:36:53.601  1479  4777 I MtkCam/ppl_plugin: [getInstance] Join: create plugin(0xb400007aace2b258), hash:0, uniqueKey:0, mInstances size:1
10-25 18:36:53.610  1479  4777 I OcamAsync: (4777)[OcamAsync] set packname:com.makeyourhomeai, mOplusCamera:0, m_operationMode:0, m_captureMode:0X0
10-25 18:36:53.611  1479  4777 I OCAM_PREVIEW: OcamPreview Global_PME:0xb400007a6ae95560
10-25 18:36:53.612  1479  4777 I OCAM_PREVIEW3: OcamPreview3 Global_PME:0xb400007a5f396be0
10-25 18:36:53.612  1479  4777 I MtkCam/TPI_S_FB: [getConfigSetting] max out size(1600x1200), StreamingSize (1600x1200), AllSensorSize is 1, first sensor is 0, Timestamp: 626722050701355
10-25 18:36:53.612  1479  4777 D OcamMeta: [getConfigSetting] run=1 order=101 sessionMeta=0xb400007aacfddc28
10-25 18:36:53.612  1479  4777 D OcamMeta: [getConfigSetting] mMaxOutSize = 1600x1200
10-25 18:36:53.612  1479  4777 I MtkCam/StreamingPipe/TPI_MGR_Plugin: [createPluginSession]negotiate[ID:9]+ prop.mFeatures[0x0002000000000000][THIRD_PARTY_PREVIEW] match=1 isDualPlugin=0
10-25 18:36:53.612  1479  4777 I OCAM_PREVIEW: (4777)[sodAndTrackCofigDecision] sod and track config enable(track:0, sod:0), eis corp ratio(x:0.820000, y0.820000)bSwitch = 1, mOpenID = 0, isVideo4k = 0
10-25 18:36:53.612  1479  4777 I MtkCam/StreamingPipe/TPI_MGR_Plugin: [createPluginSession]negotiate[ID:10]+ prop.mFeatures[0x0002000000000000][THIRD_PARTY_PREVIEW3] match=1 isDualPlugin=0
10-25 18:36:53.612  1479  4777 I MtkCam/StreamingPipe/TPI_MGR_Plugin: [createPluginSession]negotiate[ID:12]+ prop.mFeatures[0x0000000000004000][OCAM_PURE3RD_BOKEH_PREVIEW] match=0 isDualPlugin=1
10-25 18:36:53.612  1479  4777 I MtkCam/StreamingPipe/SMVRHal: [init]SMVR enable=0 size=(1600x1200) p1=1 p2=1->1 recover=0
10-25 18:36:53.621  1785 17813 W SensorService: sensor 00000004 already enabled in connection 0xb400007c61a98600 (ignoring)
10-25 18:36:53.621  1785 17813 D SensorService: SensorDevice::batch: ident=0xb400007c61a98600, handle=0x00000004, flags=0, period_ns=10000000 timeout=0
10-25 18:36:53.621  1785 17813 D SensorService: 	>>> curr_period=20000000 min_period=10000000 curr_timeout=0 min_timeout=0
10-25 18:36:53.622  1479  4777 I MtkCam/P2/StreamingProcessor: [needReConfig] P2S cam 0: re-config=0, EISMode(0=>0), EISFactor(100=>100), Size(1600x1200=>1600x1200)
10-25 18:36:53.622  1479  4777 E camerahalserver: The DSDNstream.w is 1600, DSDNstream.h is 1200 (OplusGetDSDNStream){#47:vendor/mediatek/proprietary/hardware/mtkcam3/pipeline/hwnode/../../oplus/pipeline/hwnode/p2/OplusP2_StreamingProcessor.cpp}
10-25 18:36:53.622  1479  4808 I MtkCam/P2/CaptureProcessor: [onInit] P2C cam 0: (0xb400007a9cdcc970) uniqueKey:183653521
10-25 18:36:53.623  1479  4808 I MtkCam/CapturePipe/RAWNode: [RAWNode](0xb400007a63ec8600) ctor
10-25 18:36:53.623  1479  4808 I MtkCam/CapturePipe/MultiFrameNode: [MultiFrameNode](0xb400007a614d0e00) ctor
10-25 18:36:53.623  1479  4808 I MtkCam/CapturePipe/YUVNode: [YUVNode](0xb400007a614d1400) ctor
10-25 18:36:53.623  1479  4808 I KEYFILE : [INFO   ] CustomCommon.cpp:195 CustomCommon() 0xb400007a9caded90
10-25 18:36:53.623  1785 17813 D SensorService: SensorDevice::activate: ident=0xb400007c61a98600, handle=0x00000004, enabled=1, count=1
10-25 18:36:53.625  1479  4808 I KEYFILE : [INFO   ] CustomCommon.cpp:203 ~CustomCommon() 0xb400007a9caded90
10-25 18:36:53.625  1479  4808 I MtkCam/CapturePipe/MultiFrameNode: [onInit](0xb400007a614d0e00) uniqueKey:183653521
10-25 18:36:53.625  1479  4805 I MtkCam/SingletonCache: table<const char *NSCam::NSTPIUtil::t() [T = ocam_async_data]>=0x7b05ff5358 getCache(0:KEY_OCAM_ASD_META_TO_AYSNC)=0xb400007a6c0a50d8 user(1)=OcamMeta
10-25 18:36:53.625  1479  4805 I MtkCam/SingletonCache: table<const char *NSCam::NSTPIUtil::t() [T = ocam_async_data]>=0x7b05ff5358 getCache(0:KEY_OCAM_ASD_ASYNC_TO_META)=0xb400007a6aeeff18 user(1)=OcamMeta
10-25 18:36:53.625  1479  4808 I MtkCam/CapturePipe/YUVNode: [onInit](0xb400007a614d1400)(9) uniqueKey:183653521
10-25 18:36:53.625  1479  4805 D OcamMeta: [init] [sat param] Active Array(0, 0)(4000x3000)
10-25 18:36:53.625  1479  4808 I MtkCam/CapturePipe/RAWNode: [onInit](0xb400007a63ec8600) uniqueKey:183653521
10-25 18:36:53.647  1479  4773 I LMVTuning: [LMVTuning][Cam::0]LMV(1/0xb400007b94e22d50@0xb400007aad64a300),SGG2(1@0xb400007ab509d370),isHalBypassControl(1)
10-25 18:36:53.648  1479  4773 I FlickerHal: setTGInfo(): m_sensorDev(1) tgInfo(1) width(4000) height(3000)
10-25 18:36:53.648  1479  4773 I FlickerHal: setSensorMode(): m_sensorDev(1) sensorMode(1) width(4000) height(3000)
10-25 18:36:53.649  1479  4773 D CamCalCamCal: ver0923 needInterpolate4000K:1, 4000K: UnitR:386, UnitG:512, UnitB:232, New Unit Max=512
10-25 18:36:53.649  1479  4773 D CamCalCamCal: ver0923 needInterpolate4000K:1, 4000K: GoldenR:392, GoldenG:512, GoldenB:231, New Golden Max=512
10-25 18:36:53.649  1479  4773 D AfAssist: PD INFO 22174001 9395001 21093002 21093001
10-25 18:36:53.649  1479  4773 D AfAssist: [parseStep3] cali raw size = (4000, 3000)
10-25 18:36:53.649  1479  4773 D VPUAfAssist: [initAfAssist VPU PD] pd:22174001 vpupd:22174001 header:0xC8302008 (21463001) en:1 log:0 dump:0 sum:1 bin:1 skip:0 u1d:0 b:50,50
10-25 18:36:53.652  1479  4820 E AeCalcCtrl: Err:   698: [modifyHistogramWinConfig] error, zoom window and sensor domain is not align, zoom_domain:0/0, sensor_domain:4000/3000
10-25 18:36:53.654  1479  4773 D tsf_core: [tsf_core][TsfCoreSetEnvInfo]APPTSF_FR(8434001),MTKTSFERRCODE_FR(8435001),MTKTSF_FR(8435001),MTKTSFTYPE_FR(8435001),TSF_CORE_IF_FR(8434001),TSF_CORE_FR(8434001),UNPACK_LUT_FR(5393001)!
10-25 18:36:53.655  1479  4773 I FlickerPlatformAdapter: setWindowInfo(): sensorDev(1) sensorId(5654594) tg(1) tgImg(4000,3000) configImg(3997,2975) offset(0,20) win(666,990) dma(106920)
10-25 18:36:53.680  1479  4760 D isp_tuning_custom_oplus: SetMappingInfo_Custom AppPackageName = com.makeyourhomeai, AppMenuName = common, FB = 1, supernightMode is no_supernight menu3: ultra_highres_off, asd_value is default 
10-25 18:36:53.680  1479  4760 D isp_tuning_custom_oplus: SetMappingInfo_Custom AppPackageName = com.makeyourhomeai,AppMenuName = common,FB = 1,supernightMode is no_supernight,menu[1] is hdr_auto,m_EApp_Custom 12,asd_value is default 
10-25 18:36:53.680  1479  4830 D CamCalCamCal: ver0923 needInterpolate4000K:1, 4000K: UnitR:386, UnitG:512, UnitB:232, New Unit Max=512
10-25 18:36:53.680  1479  4830 D CamCalCamCal: ver0923 needInterpolate4000K:1, 4000K: GoldenR:392, GoldenG:512, GoldenB:231, New Golden Max=512
10-25 18:36:53.680  1479  4830 D AFAlgo  : [initAF][0] ver. 6(main) 6464(build) 2022040210(base) 20210303(header) 8042003(exif) 2021111701(hb) 2022092702(pl) 202206011(scene) 202004301(adaptor) 202003092(sync) 202106081(mf)
10-25 18:36:53.680  1479  4760 I FlickerAlgo: [DoCmdInit] type(0) line_length(1200) column_length(2970) window_width(666) pclk(115200000.000000) block_height(0) green_only(0) shift_sum(1)
10-25 18:36:53.682  1479  4760 I FlickerHal: init_algo(): sensorDev(1) sensorId(5654594) sensorMode(2) sensorType(0) initFreq(60) ratio(1) clkFreq(115200000) pixelsInLine(1200) imgH(2975) winH(990) winW(666) mUsers(1) period(2 ms)
10-25 18:36:53.683  1479  4773 D ltm_algo: [ltm_start] data_addr: 0xb400007a89600000
10-25 18:36:53.686  1479  4773 I MtkCam/P1NodeImp: [hardwareOps_start] [Cam::0] End - Cam::0 Sensor(4000x3000)(31250000ns) Raw(1,0x2)-Proc(4000x3000)-Pure(4000x3000) Bin(4000x3000) SizeChangedAfterBin=0 TG(0:0) DTwin(1@0)=0 LSM(1) QLV(2) Ratio(6) SensorCfg(i:0 4000x3000 s:1 b:0 c:1, h:0 f:30 t:0 d:0) ConfigPort[7]:(0x29f) InitParam[R:0 B:10 D:1 Nd:0 Ul:0 Pb:1 Rc:x3 Dt:0 Iq:2 F(DataPattern:x0 OffBin:x0 SensorNum:x0 Fus:0 RAW:x0)]AE(Ep:16669 Afe:16368 Ep_se:0 Afe_se:0 Ep_me:0 Afe_me:0 Ep_vse:0 Afe_vse:0)
10-25 18:36:53.711  1479  4830 E ResultPool: [magic2IndexRingBuffer] ReqMagic is Negative:-1, SubsampleCount:1, m_rResultPool(0xb400007a6afa8008) (magic2IndexRingBuffer){#1742:vendor/mediatek/proprietary/hardware/mtkcam/aaa/source/common/hal3a/v3.0/ResultPool/ResultPool.cpp}
10-25 18:36:53.711  1479  4830 E ResultPool: [magic2IndexRingBuffer] ReqMagic is Negative:-1, SubsampleCount:1, m_rResultPool(0xb400007a6afa8008) (magic2IndexRingBuffer){#1742:vendor/mediatek/proprietary/hardware/mtkcam/aaa/source/common/hal3a/v3.0/ResultPool/ResultPool.cpp}
10-25 18:36:53.721  1479  4828 D AfAssist: [setPDBlockInfo] raw size = (4000, 3000), full raw size = (4000, 3000),full raw offset = (0, 0)
10-25 18:36:53.757  1479  4760 D CcuCtrlAe: [dequeCcuAeStat] m_sensorIdx:0 magic_is_ready:1 query_magic:1 duration_us:0.000000 aeOutputVa:0x7a98d14000 ridx:0 req/key/cwv_y_le/cwv_y_se:2/1/854/1013
10-25 18:36:53.757  1479  4760 E ltm_mgr : [calculateLTM_Metering]Get ISPResult(0xb400007a9cbf3700) Fail at MagicNum(1) Instead(2) (calculateLTM_Metering){#494:vendor/mediatek/proprietary/hardware/mtkcam/aaa/source/isp_6s/isp_tuning/paramctrl/ltm_mgr/ltm_mgr.cpp}
10-25 18:36:53.790  1479  4760 E ltm_mgr : [calculateLTM_Metering]Get ISPResult(0xb400007a9c3bb040) Fail at MagicNum(1) Instead(3) (calculateLTM_Metering){#494:vendor/mediatek/proprietary/hardware/mtkcam/aaa/source/isp_6s/isp_tuning/paramctrl/ltm_mgr/ltm_mgr.cpp}
10-25 18:36:53.825  1479  4804 W MtkCam/StreamingPipe/RSCNode: [prepareRSCEnqueData]sensor(0) Frame 1 rsso(prev/curr)=(0x0_0x0,0xb400007a5fda2b00_288x217)
10-25 18:36:53.893  1479  4760 D CcuCtrlAe: [dequeCcuAeStat] m_sensorIdx:0 magic_is_ready:3 query_magic:4 duration_us:3001.000000 aeOutputVa:0x7a98d14000 ridx:0 req/key/cwv_y_le/cwv_y_se:6/5/730/875
10-25 18:36:53.927  1479  4760 D CcuCtrlAe: [dequeCcuAeStat] m_sensorIdx:0 magic_is_ready:5 query_magic:5 duration_us:2567.000000 aeOutputVa:0x7a98d14000 ridx:0 req/key/cwv_y_le/cwv_y_se:8/7/637/759
10-25 18:36:53.994  1479  4760 D CcuCtrlAe: [dequeCcuAeStat] m_sensorIdx:0 magic_is_ready:7 query_magic:7 duration_us:2443.000000 aeOutputVa:0x7a98d14000 ridx:0 req/key/cwv_y_le/cwv_y_se:10/9/598/707
10-25 18:36:54.094  1479  4760 D CcuCtrlAe: [dequeCcuAeStat] m_sensorIdx:0 magic_is_ready:9 query_magic:10 duration_us:3001.000000 aeOutputVa:0x7a98d14000 ridx:0 req/key/cwv_y_le/cwv_y_se:12/11/543/633
10-25 18:36:54.128  1479  4760 D CcuCtrlAe: [dequeCcuAeStat] m_sensorIdx:0 magic_is_ready:11 query_magic:11 duration_us:2830.000000 aeOutputVa:0x7a98d14000 ridx:0 req/key/cwv_y_le/cwv_y_se:14/13/512/589
10-25 18:36:54.161  1479  4760 D CcuCtrlAe: [dequeCcuAeStat] m_sensorIdx:0 magic_is_ready:11 query_magic:12 duration_us:3001.000000 aeOutputVa:0x7a98d14000 ridx:0 req/key/cwv_y_le/cwv_y_se:14/13/512/589
10-25 18:36:54.200  1479  4805 D OcamMeta: [getMotionState] 
10-25 18:36:54.294  1479  4760 D CcuCtrlAe: [dequeCcuAeStat] m_sensorIdx:0 magic_is_ready:16 query_magic:16 duration_us:2485.000000 aeOutputVa:0x7a98d14000 ridx:0 req/key/cwv_y_le/cwv_y_se:19/18/460/512
10-25 18:36:54.297  1216  1281 I BufferQueueDebug: [OplusPrivacyIconTopRight#77674](this:0xb4000079f17e99e8,id:-1,api:0,p:-1,c:-1) BufferQueue core=(1216:/system/bin/surfaceflinger)
10-25 18:36:54.362  1479  4760 D CcuCtrlAe: [dequeCcuAeStat] m_sensorIdx:0 magic_is_ready:18 query_magic:18 duration_us:2619.000000 aeOutputVa:0x7a98d14000 ridx:0 req/key/cwv_y_le/cwv_y_se:21/20/443/487
10-25 18:36:54.395  1479  4760 D CcuCtrlAe: [dequeCcuAeStat] m_sensorIdx:0 magic_is_ready:18 query_magic:19 duration_us:3001.000000 aeOutputVa:0x7a98d14000 ridx:0 req/key/cwv_y_le/cwv_y_se:21/20/443/487
10-25 18:36:54.433  1122  1259 I libPowerHal: [PD] camerahalserver update cmd:3008200 param:96
10-25 18:36:54.462  1479  4760 D CcuCtrlAe: [dequeCcuAeStat] m_sensorIdx:0 magic_is_ready:21 query_magic:21 duration_us:1322.000000 aeOutputVa:0x7a98d14000 ridx:0 req/key/cwv_y_le/cwv_y_se:24/23/410/444
10-25 18:36:54.528  1479  4760 D CcuCtrlAe: [dequeCcuAeStat] m_sensorIdx:0 magic_is_ready:23 query_magic:23 duration_us:2662.000000 aeOutputVa:0x7a98d14000 ridx:0 req/key/cwv_y_le/cwv_y_se:26/25/407/440
10-25 18:36:54.595  1479  4760 D CcuCtrlAe: [dequeCcuAeStat] m_sensorIdx:0 magic_is_ready:25 query_magic:25 duration_us:2885.000000 aeOutputVa:0x7a98d14000 ridx:0 req/key/cwv_y_le/cwv_y_se:28/27/392/419
10-25 18:36:54.662  1479  4760 D CcuCtrlAe: [dequeCcuAeStat] m_sensorIdx:0 magic_is_ready:27 query_magic:27 duration_us:1425.000000 aeOutputVa:0x7a98d14000 ridx:0 req/key/cwv_y_le/cwv_y_se:30/29/391/419
10-25 18:36:54.725  1109  1144 I sensors-hal-OriginChannel: wise light debug, data[2].type is 65627,data[2].sensor is 91:[813.000000,,200.000000,,14.000000,0.000000,1281036846412457]
10-25 18:36:54.730  1479  4760 D CcuCtrlAe: [dequeCcuAeStat] m_sensorIdx:0 magic_is_ready:29 query_magic:29 duration_us:38.000000 aeOutputVa:0x7a98d14000 ridx:0 req/key/cwv_y_le/cwv_y_se:31/31/394/422
10-25 18:36:54.796  1479  4760 D CcuCtrlAe: [dequeCcuAeStat] m_sensorIdx:0 magic_is_ready:31 query_magic:31 duration_us:1762.000000 aeOutputVa:0x7a98d14000 ridx:0 req/key/cwv_y_le/cwv_y_se:34/33/395/422
10-25 18:36:54.863  1479  4760 D CcuCtrlAe: [dequeCcuAeStat] m_sensorIdx:0 magic_is_ready:33 query_magic:33 duration_us:1774.000000 aeOutputVa:0x7a98d14000 ridx:0 req/key/cwv_y_le/cwv_y_se:36/35/395/423
10-25 18:36:54.932  1479  4760 D CcuCtrlAe: [dequeCcuAeStat] m_sensorIdx:0 magic_is_ready:35 query_magic:35 duration_us:0.000000 aeOutputVa:0x7a98d14000 ridx:0 req/key/cwv_y_le/cwv_y_se:37/37/391/418
10-25 18:36:54.958 26711  4869 V SystemSensorManagerExtImpl: RegisterListener lsm6dsm ACCELEROMETER type:1 delay:20000us by com.google.android.location.collectionlib.SensorScanner$SensorEventListenerAdapter
10-25 18:36:54.961  1785  5994 D SensorServiceUtils: setSamplingPeriodNs sensorType = 1, samplingPeriodNs = 20000000
10-25 18:36:54.961  1785  5994 D SensorServiceExtImpl: setSamplingPeriodNs SamplingPeriodNs =20000000
10-25 18:36:54.961  1785  5994 D SensorService: SensorDevice::batch: ident=0xb400007c61a98d80, handle=0x00000001, flags=0, period_ns=20000000 timeout=0
10-25 18:36:54.961  1785  5994 D SensorService: 	>>> curr_period=20000000 min_period=20000000 curr_timeout=0 min_timeout=0
10-25 18:36:54.961  1785  5994 D SensorService: Calling batch handle==1 flags=0rate=20000000 timeout== 0
10-25 18:36:54.968  1785  5994 D SensorService: SensorDevice::activate: ident=0xb400007c61a98d80, handle=0x00000001, enabled=1, count=4
10-25 18:36:54.998  1479  4760 D CcuCtrlAe: [dequeCcuAeStat] m_sensorIdx:0 magic_is_ready:37 query_magic:37 duration_us:0.000000 aeOutputVa:0x7a98d14000 ridx:0 req/key/cwv_y_le/cwv_y_se:40/39/393/420
10-25 18:36:55.065  1479  4760 D CcuCtrlAe: [dequeCcuAeStat] m_sensorIdx:0 magic_is_ready:39 query_magic:39 duration_us:0.000000 aeOutputVa:0x7a98d14000 ridx:0 req/key/cwv_y_le/cwv_y_se:41/41/393/421
10-25 18:36:55.133  1479  4760 D CcuCtrlAe: [dequeCcuAeStat] m_sensorIdx:0 magic_is_ready:41 query_magic:41 duration_us:234.000000 aeOutputVa:0x7a98d14000 ridx:0 req/key/cwv_y_le/cwv_y_se:43/43/397/426
10-25 18:36:55.199  1479  4760 D CcuCtrlAe: [dequeCcuAeStat] m_sensorIdx:0 magic_is_ready:43 query_magic:43 duration_us:0.000000 aeOutputVa:0x7a98d14000 ridx:0 req/key/cwv_y_le/cwv_y_se:45/45/404/437
10-25 18:36:55.264  1479  4760 D CcuCtrlAe: [dequeCcuAeStat] m_sensorIdx:0 magic_is_ready:45 query_magic:45 duration_us:1028.000000 aeOutputVa:0x7a98d14000 ridx:0 req/key/cwv_y_le/cwv_y_se:47/47/420/462
10-25 18:36:55.297  1479  4760 D CcuCtrlAe: [dequeCcuAeStat] m_sensorIdx:0 magic_is_ready:46 query_magic:46 duration_us:2004.000000 aeOutputVa:0x7a98d3eab0 ridx:1 req/key/cwv_y_le/cwv_y_se:49/48/429/479
10-25 18:36:55.331  1479  4760 D CcuCtrlAe: [dequeCcuAeStat] m_sensorIdx:0 magic_is_ready:47 query_magic:47 duration_us:504.000000 aeOutputVa:0x7a98d14000 ridx:0 req/key/cwv_y_le/cwv_y_se:50/49/464/526
10-25 18:36:55.400  1479  4760 D isp_tuning_custom_oplus: CameraHWConfiguration.config get FullSizePreviewMapping fail, isNeedFullSizePreviewMappingFlag will be false!
10-25 18:36:55.400  1479  4760 D CcuCtrlAe: [dequeCcuAeStat] m_sensorIdx:0 magic_is_ready:49 query_magic:49 duration_us:0.000000 aeOutputVa:0x7a98d14000 ridx:0 req/key/cwv_y_le/cwv_y_se:52/51/530/604
10-25 18:36:55.465  1479  4760 D CcuCtrlAe: [dequeCcuAeStat] m_sensorIdx:0 magic_is_ready:51 query_magic:51 duration_us:480.000000 aeOutputVa:0x7a98d14000 ridx:0 req/key/cwv_y_le/cwv_y_se:53/53/485/548
10-25 18:36:55.534  1479  4760 D CcuCtrlAe: [dequeCcuAeStat] m_sensorIdx:0 magic_is_ready:53 query_magic:53 duration_us:0.000000 aeOutputVa:0x7a98d14000 ridx:0 req/key/cwv_y_le/cwv_y_se:55/55/396/444
10-25 18:36:55.604  1479  4760 D CcuCtrlAe: [dequeCcuAeStat] m_sensorIdx:0 magic_is_ready:55 query_magic:55 duration_us:0.000000 aeOutputVa:0x7a98d14000 ridx:0 req/key/cwv_y_le/cwv_y_se:57/57/200/207
10-25 18:36:55.667  1479  4760 D CcuCtrlAe: [dequeCcuAeStat] m_sensorIdx:0 magic_is_ready:57 query_magic:57 duration_us:0.000000 aeOutputVa:0x7a98d14000 ridx:0 req/key/cwv_y_le/cwv_y_se:60/59/143/143
10-25 18:36:55.738  1479  4760 D CcuCtrlAe: [dequeCcuAeStat] m_sensorIdx:0 magic_is_ready:59 query_magic:59 duration_us:0.000000 aeOutputVa:0x7a98d14000 ridx:0 req/key/cwv_y_le/cwv_y_se:61/61/261/262
10-25 18:36:55.800  1479  4760 D CcuCtrlAe: [dequeCcuAeStat] m_sensorIdx:0 magic_is_ready:61 query_magic:61 duration_us:1124.000000 aeOutputVa:0x7a98d14000 ridx:0 req/key/cwv_y_le/cwv_y_se:64/63/448/449
10-25 18:36:55.869  1479  4760 D CcuCtrlAe: [dequeCcuAeStat] m_sensorIdx:0 magic_is_ready:63 query_magic:63 duration_us:0.000000 aeOutputVa:0x7a98d14000 ridx:0 req/key/cwv_y_le/cwv_y_se:66/65/550/552
10-25 18:36:55.935  1479  4760 D CcuCtrlAe: [dequeCcuAeStat] m_sensorIdx:0 magic_is_ready:65 query_magic:65 duration_us:0.000000 aeOutputVa:0x7a98d14000 ridx:0 req/key/cwv_y_le/cwv_y_se:67/67/600/601
10-25 18:36:56.001  1479  4760 D CcuCtrlAe: [dequeCcuAeStat] m_sensorIdx:0 magic_is_ready:67 query_magic:67 duration_us:0.000000 aeOutputVa:0x7a98d14000 ridx:0 req/key/cwv_y_le/cwv_y_se:70/69/679/681
10-25 18:36:56.069  1479  4760 D CcuCtrlAe: [dequeCcuAeStat] m_sensorIdx:0 magic_is_ready:69 query_magic:69 duration_us:2347.000000 aeOutputVa:0x7a98d14000 ridx:0 req/key/cwv_y_le/cwv_y_se:71/71/795/796
10-25 18:36:56.125  1109  1144 I sensors-hal-OriginChannel: wise light debug, data[2].type is 65627,data[2].sensor is 91:[637.000000,,200.000000,,17.000000,0.000000,1281038246406726]
10-25 18:36:56.136  1479  4760 D CcuCtrlAe: [dequeCcuAeStat] m_sensorIdx:0 magic_is_ready:71 query_magic:71 duration_us:1363.000000 aeOutputVa:0x7a98d14000 ridx:0 req/key/cwv_y_le/cwv_y_se:74/73/874/876
10-25 18:36:56.197  1216  1426 D VRR [OTI-HW]: rate range: min {id=0, hwcId=0, resolution=1080x2400, refreshRate=60.00 Hz, dpi=409.43x409.13, group=0} cur {id=0, hwcId=0, resolution=1080x2400, refreshRate=60.00 Hz, dpi=409.43x409.13, group=0} max {id=0, hwcId=0, resolution=1080x2400, refreshRate=60.00 Hz, dpi=409.43x409.13, group=0}
10-25 18:36:56.200  1479  4779 I MtkCam/P1NodeImp: [generateOplusAppMeta] The OplusOperationMode is 0
10-25 18:36:56.200  1479  4760 I FlashHal-oplus: setControlLed(): controlLed(0), mControlLed(0) (0:off, 2:first led, 3:second led)
10-25 18:36:56.203  1479  4760 D CcuCtrlAe: [dequeCcuAeStat] m_sensorIdx:0 magic_is_ready:73 query_magic:73 duration_us:1232.000000 aeOutputVa:0x7a98d14000 ridx:0 req/key/cwv_y_le/cwv_y_se:76/75/854/855
10-25 18:36:56.270  1479  4760 D CcuCtrlAe: [dequeCcuAeStat] m_sensorIdx:0 magic_is_ready:75 query_magic:75 duration_us:2590.000000 aeOutputVa:0x7a98d14000 ridx:0 req/key/cwv_y_le/cwv_y_se:78/77/870/872
10-25 18:36:56.337  1479  4760 D CcuCtrlAe: [dequeCcuAeStat] m_sensorIdx:0 magic_is_ready:77 query_magic:77 duration_us:1883.000000 aeOutputVa:0x7a98d14000 ridx:0 req/key/cwv_y_le/cwv_y_se:80/79/868/870
10-25 18:36:56.400  1479  4802 D isp_tuning_custom_oplus: CameraHWConfiguration.config get FullSizePreviewMapping fail, isNeedFullSizePreviewMappingFlag will be false!
10-25 18:36:56.405  1479  4760 D CcuCtrlAe: [dequeCcuAeStat] m_sensorIdx:0 magic_is_ready:79 query_magic:79 duration_us:625.000000 aeOutputVa:0x7a98d14000 ridx:0 req/key/cwv_y_le/cwv_y_se:82/81/862/863
10-25 18:36:56.472  1479  4760 D CcuCtrlAe: [dequeCcuAeStat] m_sensorIdx:0 magic_is_ready:81 query_magic:81 duration_us:2046.000000 aeOutputVa:0x7a98d14000 ridx:0 req/key/cwv_y_le/cwv_y_se:84/83/850/852
10-25 18:36:56.540  1479  4760 D CcuCtrlAe: [dequeCcuAeStat] m_sensorIdx:0 magic_is_ready:83 query_magic:83 duration_us:0.000000 aeOutputVa:0x7a98d14000 ridx:0 req/key/cwv_y_le/cwv_y_se:86/85/848/850
10-25 18:36:56.606  1479  4760 D CcuCtrlAe: [dequeCcuAeStat] m_sensorIdx:0 magic_is_ready:85 query_magic:85 duration_us:511.000000 aeOutputVa:0x7a98d14000 ridx:0 req/key/cwv_y_le/cwv_y_se:88/87/858/859
10-25 18:36:56.674  1479  4760 D CcuCtrlAe: [dequeCcuAeStat] m_sensorIdx:0 magic_is_ready:87 query_magic:87 duration_us:0.000000 aeOutputVa:0x7a98d14000 ridx:0 req/key/cwv_y_le/cwv_y_se:90/89/859/861
10-25 18:36:56.725  1109  1144 I sensors-hal-OriginChannel: wise light debug, data[0].type is 65627,data[0].sensor is 91:[637.000000,,200.000000,,17.000000,0.000000,1281038846170150]
10-25 18:36:56.743  1479  4760 D CcuCtrlAe: [dequeCcuAeStat] m_sensorIdx:0 magic_is_ready:89 query_magic:89 duration_us:0.000000 aeOutputVa:0x7a98d14000 ridx:0 req/key/cwv_y_le/cwv_y_se:91/91/862/863
10-25 18:36:56.777  4885  4885 E earchbox:search: Unknown bits set in runtime_flags: 0x40000000
10-25 18:36:56.804  8016  1610 I OplusFeedbackInfo: 0xb400007b9e551600 c2.mtk.vp9.decoder 720x1280 inputFps=0 outputFps=0 renderFps=0, discardFps=0
10-25 18:36:56.809  1479  4760 D CcuCtrlAe: [dequeCcuAeStat] m_sensorIdx:0 magic_is_ready:91 query_magic:91 duration_us:0.000000 aeOutputVa:0x7a98d14000 ridx:0 req/key/cwv_y_le/cwv_y_se:94/93/867/869
10-25 18:36:56.875  1479  4760 D CcuCtrlAe: [dequeCcuAeStat] m_sensorIdx:0 magic_is_ready:93 query_magic:93 duration_us:2488.000000 aeOutputVa:0x7a98d14000 ridx:0 req/key/cwv_y_le/cwv_y_se:96/95/873/875
10-25 18:36:56.926  1109  1144 I sensors-hal-OriginChannel: wise light debug, data[1].type is 65627,data[1].sensor is 91:[642.000000,,200.000000,,15.000000,0.000000,1281039046398631]
10-25 18:36:56.942  1479  4760 D CcuCtrlAe: [dequeCcuAeStat] m_sensorIdx:0 magic_is_ready:95 query_magic:95 duration_us:2477.000000 aeOutputVa:0x7a98d14000 ridx:0 req/key/cwv_y_le/cwv_y_se:98/97/875/877
10-25 18:36:57.009  1479  4760 D CcuCtrlAe: [dequeCcuAeStat] m_sensorIdx:0 magic_is_ready:97 query_magic:97 duration_us:1533.000000 aeOutputVa:0x7a98d14000 ridx:0 req/key/cwv_y_le/cwv_y_se:100/99/876/878
10-25 18:36:57.078  1479  4760 D CcuCtrlAe: [dequeCcuAeStat] m_sensorIdx:0 magic_is_ready:99 query_magic:99 duration_us:0.000000 aeOutputVa:0x7a98d14000 ridx:0 req/key/cwv_y_le/cwv_y_se:102/101/876/877
10-25 18:36:57.145  1479  4760 D CcuCtrlAe: [dequeCcuAeStat] m_sensorIdx:0 magic_is_ready:101 query_magic:101 duration_us:0.000000 aeOutputVa:0x7a98d14000 ridx:0 req/key/cwv_y_le/cwv_y_se:104/103/874/876
10-25 18:36:57.200  4885  4885 V GraphicsEnvironment: ANGLE GameManagerService for com.google.android.googlequicksearchbox: false
10-25 18:36:57.215  1479  4760 D CcuCtrlAe: [dequeCcuAeStat] m_sensorIdx:0 magic_is_ready:103 query_magic:103 duration_us:0.000000 aeOutputVa:0x7a98d14000 ridx:0 req/key/cwv_y_le/cwv_y_se:105/105/874/876
10-25 18:36:57.278  1479  4760 D CcuCtrlAe: [dequeCcuAeStat] m_sensorIdx:0 magic_is_ready:105 query_magic:105 duration_us:1949.000000 aeOutputVa:0x7a98d14000 ridx:0 req/key/cwv_y_le/cwv_y_se:107/107/876/878
10-25 18:36:57.325  1109  1144 I sensors-hal-OriginChannel: wise light debug, data[0].type is 65627,data[0].sensor is 91:[640.000000,,200.000000,,17.000000,0.000000,1281039446117890]
10-25 18:36:57.345  1479  4760 D CcuCtrlAe: [dequeCcuAeStat] m_sensorIdx:0 magic_is_ready:107 query_magic:107 duration_us:0.000000 aeOutputVa:0x7a98d14000 ridx:0 req/key/cwv_y_le/cwv_y_se:110/109/875/877
10-25 18:36:57.400  1479 13586 D AdaptCALTM: GetCustomParameters: No Nvram Content!
10-25 18:36:57.412  1479  4760 D CcuCtrlAe: [dequeCcuAeStat] m_sensorIdx:0 magic_is_ready:109 query_magic:109 duration_us:0.000000 aeOutputVa:0x7a98d14000 ridx:0 req/key/cwv_y_le/cwv_y_se:111/111/925/927
10-25 18:36:57.481  1479  4760 D CcuCtrlAe: [dequeCcuAeStat] m_sensorIdx:0 magic_is_ready:111 query_magic:111 duration_us:0.000000 aeOutputVa:0x7a98d14000 ridx:0 req/key/cwv_y_le/cwv_y_se:113/113/935/936
10-25 18:36:57.637 30634 30634 E Parcel  : Attempt to read from protected data in Parcel 0xb400007c6cefde00
10-25 18:36:57.637 30634 30634 E Parcel  : Attempt to read from protected data in Parcel 0xb400007c6cefde00
10-25 18:36:57.637 30634 30634 E Parcel  : Attempt to read from protected data in Parcel 0xb400007c6cefde00
10-25 18:36:57.637 30634 30634 E Parcel  : Attempt to read from protected data in Parcel 0xb400007c6cefde00
10-25 18:36:57.638  4885  4899 E Parcel  : Attempt to read from protected data in Parcel 0xb400007bfa74d200
10-25 18:36:57.638  4885  4899 E Parcel  : Attempt to read from protected data in Parcel 0xb400007bfa74d200
10-25 18:36:57.638  4885  4899 E Parcel  : Attempt to read from protected data in Parcel 0xb400007bfa74d200
10-25 18:36:57.638  4885  4899 E Parcel  : Attempt to read from protected data in Parcel 0xb400007bfa74d200
10-25 18:36:57.681  1479  4760 D CcuCtrlAe: [dequeCcuAeStat] m_sensorIdx:0 magic_is_ready:116 query_magic:116 duration_us:0.000000 aeOutputVa:0x7a98d14000 ridx:0 req/key/cwv_y_le/cwv_y_se:119/119/945/947
10-25 18:36:57.700  4930  4930 E ocess.gservices: Unknown bits set in runtime_flags: 0x40000000
10-25 18:36:57.748  1479  4760 D CcuCtrlAe: [dequeCcuAeStat] m_sensorIdx:0 magic_is_ready:118 query_magic:118 duration_us:2756.000000 aeOutputVa:0x7a98d14000 ridx:0 req/key/cwv_y_le/cwv_y_se:120/121/949/951
10-25 18:36:57.815  1479  4760 D CcuCtrlAe: [dequeCcuAeStat] m_sensorIdx:0 magic_is_ready:120 query_magic:120 duration_us:1686.000000 aeOutputVa:0x7a98d14000 ridx:0 req/key/cwv_y_le/cwv_y_se:123/123/948/950
10-25 18:36:57.886  1479  4760 D CcuCtrlAe: [dequeCcuAeStat] m_sensorIdx:0 magic_is_ready:122 query_magic:122 duration_us:0.000000 aeOutputVa:0x7a98d14000 ridx:0 req/key/cwv_y_le/cwv_y_se:124/125/950/952
10-25 18:36:57.925  1109  1144 I sensors-hal-OriginChannel: wise light debug, data[0].type is 65627,data[0].sensor is 91:[629.000000,,200.000000,,15.000000,0.000000,1281040046141863]
10-25 18:36:57.950  1479  4760 D CcuCtrlAe: [dequeCcuAeStat] m_sensorIdx:0 magic_is_ready:124 query_magic:124 duration_us:0.000000 aeOutputVa:0x7a98d14000 ridx:0 req/key/cwv_y_le/cwv_y_se:127/127/953/955
10-25 18:36:58.016  1479  4760 D CcuCtrlAe: [dequeCcuAeStat] m_sensorIdx:0 magic_is_ready:126 query_magic:126 duration_us:2304.000000 aeOutputVa:0x7a98d14000 ridx:0 req/key/cwv_y_le/cwv_y_se:129/129/954/956
10-25 18:36:58.084  1479  4760 D CcuCtrlAe: [dequeCcuAeStat] m_sensorIdx:0 magic_is_ready:128 query_magic:128 duration_us:2743.000000 aeOutputVa:0x7a98d14000 ridx:0 req/key/cwv_y_le/cwv_y_se:130/131/953/955
10-25 18:36:58.125  1109  1144 I sensors-hal-OriginChannel: wise light debug, data[0].type is 65627,data[0].sensor is 91:[636.000000,,200.000000,,15.000000,0.000000,1281040246165958]
10-25 18:36:58.151  1479  4760 D CcuCtrlAe: [dequeCcuAeStat] m_sensorIdx:0 magic_is_ready:130 query_magic:130 duration_us:2016.000000 aeOutputVa:0x7a98d14000 ridx:0 req/key/cwv_y_le/cwv_y_se:133/133/953/955
10-25 18:36:58.218  1479  4760 D CcuCtrlAe: [dequeCcuAeStat] m_sensorIdx:0 magic_is_ready:132 query_magic:132 duration_us:2040.000000 aeOutputVa:0x7a98d14000 ridx:0 req/key/cwv_y_le/cwv_y_se:135/135/955/957
10-25 18:36:58.286  1479  4760 D CcuCtrlAe: [dequeCcuAeStat] m_sensorIdx:0 magic_is_ready:134 query_magic:134 duration_us:1727.000000 aeOutputVa:0x7a98d14000 ridx:0 req/key/cwv_y_le/cwv_y_se:137/137/955/958
10-25 18:36:58.352  1479  4760 D CcuCtrlAe: [dequeCcuAeStat] m_sensorIdx:0 magic_is_ready:136 query_magic:136 duration_us:1149.000000 aeOutputVa:0x7a98d14000 ridx:0 req/key/cwv_y_le/cwv_y_se:139/139/955/957
10-25 18:36:58.395  1785  3350 D SensorService: SensorDevice::activate: ident=0xb400007c61a98d80, handle=0x00000001, enabled=0, count=4
10-25 18:36:58.395  1785  3350 D SensorService: 	>>> actuating h/w batch 0x00000001 20000000 0
10-25 18:36:58.397  1785  3350 D SensorService: ~SensorEventConnection(0xb400007c61a98d80)
10-25 18:36:58.397  1785  3350 D SensorService: removing connection 0xb400007c61a98d80 for sensor[0].handle=0x00000001
10-25 18:36:58.398  1785  3350 D SensorService: removing connection 0xb400007c61a98d80 for sensor[1].handle=0x00000004
10-25 18:36:58.398  1785  3350 D SensorService: removing connection 0xb400007c61a98d80 for sensor[2].handle=0x00000011
10-25 18:36:58.398  1785  3350 D SensorService: removing connection 0xb400007c61a98d80 for sensor[3].handle=0x00000013
10-25 18:36:58.398  1785  3350 D SensorService: removing connection 0xb400007c61a98d80 for sensor[4].handle=0x0000001b
10-25 18:36:58.398  1785  3350 D SensorService: removing connection 0xb400007c61a98d80 for sensor[5].handle=0x00000048
10-25 18:36:58.398  1785  3350 D SensorService: removing connection 0xb400007c61a98d80 for sensor[6].handle=0x000003e9
10-25 18:36:58.398  1785  3350 D SensorService: removing connection 0xb400007c61a98d80 for sensor[7].handle=0x01000052
10-25 18:36:58.398  1785  3350 D SensorService: removing connection 0xb400007c61a98d80 for sensor[8].handle=0x01000054
10-25 18:36:58.398  1785  3350 D SensorService: removing connection 0xb400007c61a98d80 for sensor[9].handle=0x01000056
10-25 18:36:58.420  1479  4760 D CcuCtrlAe: [dequeCcuAeStat] m_sensorIdx:0 magic_is_ready:138 query_magic:138 duration_us:1204.000000 aeOutputVa:0x7a98d14000 ridx:0 req/key/cwv_y_le/cwv_y_se:141/141/956/958
