10-25 18:36:18.157 31059 31166 D TBLMetadataRetriever: setTargetImageFormat: 1
10-25 18:36:18.170  6364  6834 D MediaProvider: Open with FUSE. FilePath: /storage/emulated/0/Android/media/com.whatsapp/WhatsApp/Media/WhatsApp Animated Gifs/VID-20250929-WA0009.mp4. Uid: 10171. Media Capabilities Uid: 0. ShouldRedact: false. ShouldTranscode: false
10-25 18:36:18.175 31059 31166 I TBLVideoThumbnailDecoder:  setDataSource, fileDescriptor : java.io.FileDescriptor@86ede0a
10-25 18:36:18.175 31059 31166 D TBLMetadataRetriever: setDataSource: fd = java.io.FileDescriptor@86ede0a
10-25 18:36:18.193 31059 31166 E ffmpeg_jni: avformat_find_stream_info end
10-25 18:36:18.194 31059 31166 D TBLMetadataRetriever: getCoverPicture: option CLOSEST_SYNC,dstWidth 288,dstHeight 509
10-25 18:36:18.216  1479  1593 D ULogGuard: Monitoring: 16 threads, 0 requests, 0 time-bombs; 30 guards. ResetFlags = 0x7
10-25 18:36:18.219 31059 31166 D TBLMetadataRetriever: rotateBitmap: rotation = 0, ori.getWidth = 288, ori.getHeight = 509
10-25 18:36:18.219 31059 31166 I TBLVideoThumbnailDecoder:  [close] retriever release
10-25 18:36:18.222 31059 31166 W SizeConfigStrategy:  [get] result is null or recycled.
10-25 18:36:18.224 31059 31166 V ListServiceUtils: checkInListByUid start module:custom-icc uid:10171  time 626686843537us
10-25 18:36:18.225  1463 29610 D MMListService: checkInListByUid end module:custom-icc uid:10171 time 626686843902
10-25 18:36:18.225 31059 31166 V ListServiceUtils: checkInListByUid end module:custom-icc uid:10171  time 626686844233us
10-25 18:36:18.225 31059 31166 D ListServiceUtils: checkInListByUid module:custom-icc uid:10171 cost 694us return 1
10-25 18:36:18.225 31059 31166 D JpegEncoderExtImpl: use ICC 4.0
10-25 18:36:18.225 31059 31166 D JpegEncoderExtImpl: OplusWriteICCProfile, write exif_data JPEG_APP2  offset:514
10-25 18:36:18.225  1463 29610 D MMListService: getListValueByUid module:image-processing, uid:10171
10-25 18:36:18.227 31059 31166 V ListServiceUtils: checkInListByUid module:image-processing uid:10171 cost 1536us return (null)
10-25 18:36:18.227 31059 31166 E ListServiceUtils: checkInListByUid module:image-processing uid:10171 cost 1536us return (null)
10-25 18:36:18.227 31059 31166 V JpegEncoderExtImpl: Resolution: 288 x 509,support: 0;
10-25 18:36:18.234 31059 31166 W BitmapUtils:  [enlargeCropRect], recommendRect is null or empty, return calculateSquareCropRect!
10-25 18:36:18.234 31059 31166 W SizeConfigStrategy:  [get] result is null or recycled.
10-25 18:36:18.245 31059 31166 V ListServiceUtils: checkInListByUid start module:custom-icc uid:10171  time 626686864489us
10-25 18:36:18.246  1463 29610 D MMListService: checkInListByUid end module:custom-icc uid:10171 time 626686864917
10-25 18:36:18.246 31059 31166 V ListServiceUtils: checkInListByUid end module:custom-icc uid:10171  time 626686865301us
10-25 18:36:18.246 31059 31166 D ListServiceUtils: checkInListByUid module:custom-icc uid:10171 cost 810us return 1
10-25 18:36:18.246 31059 31166 D JpegEncoderExtImpl: use ICC 4.0
10-25 18:36:18.246 31059 31166 D JpegEncoderExtImpl: OplusWriteICCProfile, write exif_data JPEG_APP2  offset:514
10-25 18:36:18.246  1463 29610 D MMListService: getListValueByUid module:image-processing, uid:10171
10-25 18:36:18.246 31059 31166 V ListServiceUtils: checkInListByUid module:image-processing uid:10171 cost 346us return (null)
10-25 18:36:18.246 31059 31166 V JpegEncoderExtImpl: Resolution: 30 x 30,support: 0;
10-25 18:36:18.249 31059 31166 W ThumbnailCache:  [getBitmap] return null when get bitmap from all cache,type:MEMORY_AND_DISK key=LocalMediaCacheKey(path=/local/item/image/16851, dateModifiedInSec=1759164035, mimeType=image/jpeg, cropParams=NoCrop), codecType:null
10-25 18:36:18.261  6364  6834 D MediaProvider: Open with FUSE. FilePath: /storage/emulated/0/Android/media/com.whatsapp/WhatsApp/Media/WhatsApp Images/IMG-20250929-WA0008.jpg. Uid: 10171. Media Capabilities Uid: 0. ShouldRedact: false. ShouldTranscode: false
10-25 18:36:18.266 31059 31166 W SizeConfigStrategy:  [get] result is null or recycled.
10-25 18:36:18.268 31059 31166 D skia    : stream getLength() supported, buffer addr 0x7d181f7000 length 80256
10-25 18:36:18.268 31059 31166 D skia    : LoadInputStreamToMem va 0x7d181f7000  size 80256
10-25 18:36:18.269 31059 31166 D libjpeg-alpha: Huffman Builder run in subthread
10-25 18:36:18.270 31059 31166 D libjpeg-alpha: Tile Decoder (#thread:3, size:256 256 204 x544, alignment:256x16)
10-25 18:36:18.271 31059  2959 D libjpeg-alpha: Huffman Builder binding core: failed (Invalid argument)
10-25 18:36:18.272 31059  2959 D libjpeg-alpha: Corrupt JPEG data: 7257 extraneous bytes before marker 0xc4
10-25 18:36:18.272 31059  2967 D libjpeg-alpha: Tile Decoder binding core: failed (Invalid argument)
10-25 18:36:18.272 31059  2967 D libjpeg-alpha: Inconsistent progression sequence for component 0 coefficient 0
10-25 18:36:18.272 31059  2964 D libjpeg-alpha: Inconsistent progression sequence for component 0 coefficient 0
10-25 18:36:18.273 31059  2981 D libjpeg-alpha: Inconsistent progression sequence for component 0 coefficient 0
10-25 18:36:18.276  3600  3824 V bt_stack: [VERBOSE1:btm_ble_gap.cc(2613)] btm_ble_process_adv_addr: bda=24:**:**:**:7f:8d addr_type=1
10-25 18:36:18.276  3600  3824 I bt_btm  : LogMsg: btm_ble_process_adv_pkt_cont
10-25 18:36:18.276  3600  3824 I bt_btif : LogMsg: bta_dm_observe_results_cb
10-25 18:36:18.276  3600  3824 I bt_btif : LogMsg: btif_ble_scanner_update_COD 24:28:95:db:7f:8d cod is 0x000000
10-25 18:36:18.276  3600  3824 I bt_btif : LogMsg: btif_ble_scanner_update_COD cod in config 0x001f00, status=0
10-25 18:36:18.276  3600  3824 I bt_btif : LogMsg: btif_ble_scanner_update_COD invalid cod 0x0, use cod 0x1f00 in config
10-25 18:36:18.276  3600  3734 I bt_btif : LogMsg: bta_scan_results_cb_impl : type 0 channel 0
10-25 18:36:18.276  3600  3734 I bt_btif : LogMsg: bta_scan_results_cb_impl: HAL bt_gatt_callbacks->scanner->scan_result_cb
10-25 18:36:18.277  3600  3734 D BtGatt.GattService: onScanResult() - eventType=0x0, addressType=1, address=24:28:95:DB:7F:8D, primaryPhy=1, secondaryPhy=1, advertisingSid=0x2, txPower=127, rssi=-71, periodicAdvInt=0x0, originalAddress=24:28:95:DB:7F:8D, type=0, channel=0
10-25 18:36:18.277  3600  3734 D BtGatt.GattService: Legacy scan, non legacy result; skip.
10-25 18:36:18.283 31059  2967 D libjpeg-alpha: Inconsistent progression sequence for component 0 coefficient 0
10-25 18:36:18.283 31059  2964 D libjpeg-alpha: Inconsistent progression sequence for component 0 coefficient 0
10-25 18:36:18.284 31059  2981 D libjpeg-alpha: Inconsistent progression sequence for component 0 coefficient 0
10-25 18:36:18.292 31059  2981 D libjpeg-alpha: Inconsistent progression sequence for component 0 coefficient 0
10-25 18:36:18.292 31059  2964 D libjpeg-alpha: Inconsistent progression sequence for component 0 coefficient 0
10-25 18:36:18.293 31059  2967 D libjpeg-alpha: Inconsistent progression sequence for component 0 coefficient 0
10-25 18:36:18.316 31059 31166 V ListServiceUtils: checkInListByUid start module:custom-icc uid:10171  time 626686935659us
10-25 18:36:18.317  1463 29610 D MMListService: checkInListByUid end module:custom-icc uid:10171 time 626686936351
10-25 18:36:18.317 31059 31166 V ListServiceUtils: checkInListByUid end module:custom-icc uid:10171  time 626686936670us
10-25 18:36:18.317 31059 31166 D ListServiceUtils: checkInListByUid module:custom-icc uid:10171 cost 1009us return 1
10-25 18:36:18.317 31059 31166 E ListServiceUtils: checkInListByUid module:custom-icc uid:10171 cost 1009us return 1
10-25 18:36:18.317 31059 31166 D JpegEncoderExtImpl: use ICC 4.0
10-25 18:36:18.317 31059 31166 D JpegEncoderExtImpl: OplusWriteICCProfile, write exif_data JPEG_APP2  offset:514
10-25 18:36:18.317  1463 29610 D MMListService: getListValueByUid module:image-processing, uid:10171
10-25 18:36:18.318 31059 31166 V ListServiceUtils: checkInListByUid module:image-processing uid:10171 cost 147us return (null)
10-25 18:36:18.318 31059 31166 V JpegEncoderExtImpl: Resolution: 288 x 644,support: 0;
10-25 18:36:18.325 31059 31166 W BitmapUtils:  [enlargeCropRect], recommendRect is null or empty, return calculateSquareCropRect!
10-25 18:36:18.326 31059 31166 W SizeConfigStrategy:  [get] result is null or recycled.
10-25 18:36:18.331 31059 31166 V ListServiceUtils: checkInListByUid start module:custom-icc uid:10171  time 626686950108us
10-25 18:36:18.331  1463 29610 D MMListService: checkInListByUid end module:custom-icc uid:10171 time 626686950602
10-25 18:36:18.331 31059 31166 V ListServiceUtils: checkInListByUid end module:custom-icc uid:10171  time 626686950742us
10-25 18:36:18.331 31059 31166 D ListServiceUtils: checkInListByUid module:custom-icc uid:10171 cost 633us return 1
10-25 18:36:18.331 31059 31166 D JpegEncoderExtImpl: use ICC 4.0
10-25 18:36:18.331 31059 31166 D JpegEncoderExtImpl: OplusWriteICCProfile, write exif_data JPEG_APP2  offset:514
10-25 18:36:18.331  1463 29610 D MMListService: getListValueByUid module:image-processing, uid:10171
10-25 18:36:18.332 31059 31166 V ListServiceUtils: checkInListByUid module:image-processing uid:10171 cost 109us return (null)
10-25 18:36:18.332 31059 31166 V JpegEncoderExtImpl: Resolution: 30 x 30,support: 0;
10-25 18:36:18.334 31059 31166 W ThumbnailCache:  [getBitmap] return null when get bitmap from all cache,type:MEMORY_AND_DISK key=LocalMediaCacheKey(path=/local/item/image/16852, dateModifiedInSec=1759164033, mimeType=image/jpeg, cropParams=NoCrop), codecType:null
10-25 18:36:18.345  6364  6834 D MediaProvider: Open with FUSE. FilePath: /storage/emulated/0/Android/media/com.whatsapp/WhatsApp/Media/WhatsApp Images/IMG-20250929-WA0007.jpg. Uid: 10171. Media Capabilities Uid: 0. ShouldRedact: false. ShouldTranscode: false
10-25 18:36:18.353 31059 31166 W SizeConfigStrategy:  [get] result is null or recycled.
10-25 18:36:18.355 31059 31166 D skia    : stream getLength() supported, buffer addr 0x7d181f6000 length 82944
10-25 18:36:18.355 31059 31166 D skia    : LoadInputStreamToMem va 0x7d181f6000  size 82944
10-25 18:36:18.356 31059 31166 D libjpeg-alpha: Huffman Builder run in subthread
10-25 18:36:18.357 31059 31166 D libjpeg-alpha: Tile Decoder (#thread:3, size:256 256 204 x544, alignment:256x16)
10-25 18:36:18.357 31059  2985 D libjpeg-alpha: Huffman Builder binding core: failed (Invalid argument)
10-25 18:36:18.357 31059  2985 D libjpeg-alpha: Corrupt JPEG data: 7627 extraneous bytes before marker 0xc4
10-25 18:36:18.358 31059  3006 D libjpeg-alpha: Tile Decoder binding core: failed (Invalid argument)
10-25 18:36:18.359 31059  3006 D libjpeg-alpha: Inconsistent progression sequence for component 0 coefficient 0
10-25 18:36:18.359 31059  2989 D libjpeg-alpha: Inconsistent progression sequence for component 0 coefficient 0
10-25 18:36:18.359 31059  2987 D libjpeg-alpha: Inconsistent progression sequence for component 0 coefficient 0
10-25 18:36:18.366 31059  2989 D libjpeg-alpha: Inconsistent progression sequence for component 0 coefficient 0
10-25 18:36:18.366 31059  2987 D libjpeg-alpha: Inconsistent progression sequence for component 0 coefficient 0
10-25 18:36:18.366 31059  3006 D libjpeg-alpha: Inconsistent progression sequence for component 0 coefficient 0
10-25 18:36:18.375 31059  2989 D libjpeg-alpha: Inconsistent progression sequence for component 0 coefficient 0
10-25 18:36:18.376 31059  2987 D libjpeg-alpha: Inconsistent progression sequence for component 0 coefficient 0
10-25 18:36:18.376 31059  3006 D libjpeg-alpha: Inconsistent progression sequence for component 0 coefficient 0
10-25 18:36:18.400 31059 31166 V ListServiceUtils: checkInListByUid start module:custom-icc uid:10171  time 626687019169us
10-25 18:36:18.400  1463 29610 D MMListService: checkInListByUid end module:custom-icc uid:10171 time 626687019668
10-25 18:36:18.401 31059 31166 V ListServiceUtils: checkInListByUid end module:custom-icc uid:10171  time 626687020349us
10-25 18:36:18.401 31059 31166 D ListServiceUtils: checkInListByUid module:custom-icc uid:10171 cost 1178us return 1
10-25 18:36:18.401 31059 31166 E ListServiceUtils: checkInListByUid module:custom-icc uid:10171 cost 1178us return 1
10-25 18:36:18.401 31059 31166 D JpegEncoderExtImpl: use ICC 4.0
10-25 18:36:18.401 31059 31166 D JpegEncoderExtImpl: OplusWriteICCProfile, write exif_data JPEG_APP2  offset:514
10-25 18:36:18.401  1463 29610 D MMListService: getListValueByUid module:image-processing, uid:10171
10-25 18:36:18.403 31059 31166 V ListServiceUtils: checkInListByUid module:image-processing uid:10171 cost 1464us return (null)
10-25 18:36:18.403 31059 31166 E ListServiceUtils: checkInListByUid module:image-processing uid:10171 cost 1464us return (null)
10-25 18:36:18.403 31059 31166 V JpegEncoderExtImpl: Resolution: 288 x 644,support: 0;
10-25 18:36:18.411 31059 31166 W BitmapUtils:  [enlargeCropRect], recommendRect is null or empty, return calculateSquareCropRect!
10-25 18:36:18.411 31059 31166 W SizeConfigStrategy:  [get] result is null or recycled.
10-25 18:36:18.416 31059 31166 V ListServiceUtils: checkInListByUid start module:custom-icc uid:10171  time 626687035249us
10-25 18:36:18.416  1463 29610 D MMListService: checkInListByUid end module:custom-icc uid:10171 time 626687035782
10-25 18:36:18.417 31059 31166 V ListServiceUtils: checkInListByUid end module:custom-icc uid:10171  time 626687036333us
10-25 18:36:18.417 31059 31166 D ListServiceUtils: checkInListByUid module:custom-icc uid:10171 cost 1081us return 1
10-25 18:36:18.417 31059 31166 E ListServiceUtils: checkInListByUid module:custom-icc uid:10171 cost 1081us return 1
10-25 18:36:18.417 31059 31166 D JpegEncoderExtImpl: use ICC 4.0
10-25 18:36:18.417 31059 31166 D JpegEncoderExtImpl: OplusWriteICCProfile, write exif_data JPEG_APP2  offset:514
10-25 18:36:18.417  1463 29610 D MMListService: getListValueByUid module:image-processing, uid:10171
10-25 18:36:18.418 31059 31166 V ListServiceUtils: checkInListByUid module:image-processing uid:10171 cost 584us return (null)
10-25 18:36:18.418 31059 31166 V JpegEncoderExtImpl: Resolution: 30 x 30,support: 0;
10-25 18:36:18.421 31059 31166 W ThumbnailCache:  [getBitmap] return null when get bitmap from all cache,type:MEMORY_AND_DISK key=LocalMediaCacheKey(path=/local/item/video/16849, dateModifiedInSec=1759163112, mimeType=video/mp4, cropParams=NoCrop), codecType:null
10-25 18:36:18.422 31059 31166 D TBLMetadataRetriever: setTargetImageFormat: 1
10-25 18:36:18.433  6364  6834 D MediaProvider: Open with FUSE. FilePath: /storage/emulated/0/Android/media/com.whatsapp/WhatsApp/Media/WhatsApp Video/VID-20250929-WA0006.mp4. Uid: 10171. Media Capabilities Uid: 0. ShouldRedact: false. ShouldTranscode: false
10-25 18:36:18.438 31059 31166 I TBLVideoThumbnailDecoder:  setDataSource, fileDescriptor : java.io.FileDescriptor@a318461
10-25 18:36:18.438 31059 31166 D TBLMetadataRetriever: setDataSource: fd = java.io.FileDescriptor@a318461
10-25 18:36:18.555 31059 31166 E ffmpeg_jni: avformat_find_stream_info end
10-25 18:36:18.558 31059 31166 D TBLMetadataRetriever: getCoverPicture: option CLOSEST_SYNC,dstWidth 511,dstHeight 288
10-25 18:36:18.564  1109  1143 W AString : ctor got NULL, using empty string instead
10-25 18:36:18.564  1109  1143 I sensors-hal-SensorSavedChannel: [-719,467,-594,23411,-118565,86016]==>gyro_temp.json
10-25 18:36:18.564  1109  1143 W AString : ctor got NULL, using empty string instead
10-25 18:36:18.565  1109  1143 I sensors-hal-SensorSavedChannel: [644,-10704,7307]==>gyro_bias.json
10-25 18:36:18.586 31059 31166 D TBLMetadataRetriever: rotateBitmap: rotation = 0, ori.getWidth = 511, ori.getHeight = 288
10-25 18:36:18.586 31059 31166 I TBLVideoThumbnailDecoder:  [close] retriever release
10-25 18:36:18.589 31059 31166 W SizeConfigStrategy:  [get] result is null or recycled.
10-25 18:36:18.591 31059 31166 V ListServiceUtils: checkInListByUid start module:custom-icc uid:10171  time 626687210659us
10-25 18:36:18.592  1463 29610 D MMListService: checkInListByUid end module:custom-icc uid:10171 time 626687211115
10-25 18:36:18.592 31059 31166 V ListServiceUtils: checkInListByUid end module:custom-icc uid:10171  time 626687211423us
10-25 18:36:18.592 31059 31166 D ListServiceUtils: checkInListByUid module:custom-icc uid:10171 cost 764us return 1
10-25 18:36:18.592 31059 31166 D JpegEncoderExtImpl: use ICC 4.0
10-25 18:36:18.592 31059 31166 D JpegEncoderExtImpl: OplusWriteICCProfile, write exif_data JPEG_APP2  offset:514
10-25 18:36:18.592  1463 29610 D MMListService: getListValueByUid module:image-processing, uid:10171
10-25 18:36:18.592 31059 31166 V ListServiceUtils: checkInListByUid module:image-processing uid:10171 cost 235us return (null)
10-25 18:36:18.593 31059 31166 V JpegEncoderExtImpl: Resolution: 511 x 288,support: 0;
10-25 18:36:18.600 31059 31166 W BitmapUtils:  [enlargeCropRect], recommendRect is null or empty, return calculateSquareCropRect!
10-25 18:36:18.600 31059 31166 W SizeConfigStrategy:  [get] result is null or recycled.
10-25 18:36:18.610 31059 31166 V ListServiceUtils: checkInListByUid start module:custom-icc uid:10171  time 626687229122us
10-25 18:36:18.610  1463 29610 D MMListService: checkInListByUid end module:custom-icc uid:10171 time 626687229669
10-25 18:36:18.611 31059 31166 V ListServiceUtils: checkInListByUid end module:custom-icc uid:10171  time 626687230241us
10-25 18:36:18.611 31059 31166 D ListServiceUtils: checkInListByUid module:custom-icc uid:10171 cost 1117us return 1
10-25 18:36:18.611 31059 31166 E ListServiceUtils: checkInListByUid module:custom-icc uid:10171 cost 1117us return 1
10-25 18:36:18.611 31059 31166 D JpegEncoderExtImpl: use ICC 4.0
10-25 18:36:18.611 31059 31166 D JpegEncoderExtImpl: OplusWriteICCProfile, write exif_data JPEG_APP2  offset:514
10-25 18:36:18.611  1463 29610 D MMListService: getListValueByUid module:image-processing, uid:10171
10-25 18:36:18.612 31059 31166 V ListServiceUtils: checkInListByUid module:image-processing uid:10171 cost 455us return (null)
10-25 18:36:18.612 31059 31166 V JpegEncoderExtImpl: Resolution: 30 x 30,support: 0;
10-25 18:36:18.615 31059 31166 W ThumbnailCache:  [getBitmap] return null when get bitmap from all cache,type:MEMORY_AND_DISK key=LocalMediaCacheKey(path=/local/item/video/16848, dateModifiedInSec=1759163108, mimeType=video/mp4, cropParams=NoCrop), codecType:null
10-25 18:36:18.617 31059 31166 D TBLMetadataRetriever: setTargetImageFormat: 1
10-25 18:36:18.628  6364  6834 D MediaProvider: Open with FUSE. FilePath: /storage/emulated/0/Android/media/com.whatsapp/WhatsApp/Media/WhatsApp Video/VID-20250929-WA0005.mp4. Uid: 10171. Media Capabilities Uid: 0. ShouldRedact: false. ShouldTranscode: false
10-25 18:36:18.634 31059 31166 I TBLVideoThumbnailDecoder:  setDataSource, fileDescriptor : java.io.FileDescriptor@2a56be0
10-25 18:36:18.634 31059 31166 D TBLMetadataRetriever: setDataSource: fd = java.io.FileDescriptor@2a56be0
10-25 18:36:18.669  1122  1137 D power@timer: [mtkPowerTimer] visRead:0
10-25 18:36:18.803 31059 31166 E ffmpeg_jni: avformat_find_stream_info end
10-25 18:36:18.806 31059 31166 D TBLMetadataRetriever: getCoverPicture: option CLOSEST_SYNC,dstWidth 511,dstHeight 288
10-25 18:36:18.834 31059 31166 D TBLMetadataRetriever: rotateBitmap: rotation = 0, ori.getWidth = 511, ori.getHeight = 288
10-25 18:36:18.835 31059 31166 I TBLVideoThumbnailDecoder:  [close] retriever release
10-25 18:36:18.838 31059 31166 W SizeConfigStrategy:  [get] result is null or recycled.
10-25 18:36:18.839  1785  3112 I OplusHansManager : uid=10603, pkg=it.quadronica.leghe can transition from M to F
10-25 18:36:18.839  1785  3112 I OplusHansManager : uid=10603, pkg=it.quadronica.leghe F enter(), M stay=10
10-25 18:36:18.840 31059 31166 V ListServiceUtils: checkInListByUid start module:custom-icc uid:10171  time 626687459810us
10-25 18:36:18.841  1463 29610 D MMListService: checkInListByUid end module:custom-icc uid:10171 time 626687460377
10-25 18:36:18.841 31059 31166 V ListServiceUtils: checkInListByUid end module:custom-icc uid:10171  time 626687460540us
10-25 18:36:18.841 31059 31166 D ListServiceUtils: checkInListByUid module:custom-icc uid:10171 cost 730us return 1
10-25 18:36:18.841 31059 31166 D JpegEncoderExtImpl: use ICC 4.0
10-25 18:36:18.841 31059 31166 D JpegEncoderExtImpl: OplusWriteICCProfile, write exif_data JPEG_APP2  offset:514
10-25 18:36:18.841  1463 29610 D MMListService: getListValueByUid module:image-processing, uid:10171
10-25 18:36:18.842 31059 31166 V ListServiceUtils: checkInListByUid module:image-processing uid:10171 cost 224us return (null)
10-25 18:36:18.842 31059 31166 V JpegEncoderExtImpl: Resolution: 511 x 288,support: 0;
10-25 18:36:18.843  1785  3112 I OplusHansManager : freeze uid: 10603 it.quadronica.leghe pids: [17580] scene: LcdOff
10-25 18:36:18.845  4477  4479 D IHansComunication: HansComunication::addUid-- 10603, persistent--0
10-25 18:36:18.845  4477  4479 D IHansComunication: HANS sendMessageToKernel: threadId = 519726677168, netLinkSetup = 1, type = PKG, targetUid = 10603, pkgCmd = ADD_ONE_UID
10-25 18:36:18.850 31059 31166 W BitmapUtils:  [enlargeCropRect], recommendRect is null or empty, return calculateSquareCropRect!
10-25 18:36:18.850 31059 31166 W SizeConfigStrategy:  [get] result is null or recycled.
10-25 18:36:18.859 31059 31166 V ListServiceUtils: checkInListByUid start module:custom-icc uid:10171  time 626687478570us
10-25 18:36:18.860  1463 29610 D MMListService: checkInListByUid end module:custom-icc uid:10171 time 626687478960
10-25 18:36:18.860 31059 31166 V ListServiceUtils: checkInListByUid end module:custom-icc uid:10171  time 626687479396us
10-25 18:36:18.860 31059 31166 D ListServiceUtils: checkInListByUid module:custom-icc uid:10171 cost 825us return 1
10-25 18:36:18.860 31059 31166 D JpegEncoderExtImpl: use ICC 4.0
10-25 18:36:18.860 31059 31166 D JpegEncoderExtImpl: OplusWriteICCProfile, write exif_data JPEG_APP2  offset:514
10-25 18:36:18.860  1463 29610 D MMListService: getListValueByUid module:image-processing, uid:10171
10-25 18:36:18.861 31059 31166 V ListServiceUtils: checkInListByUid module:image-processing uid:10171 cost 569us return (null)
10-25 18:36:18.861 31059 31166 V JpegEncoderExtImpl: Resolution: 30 x 30,support: 0;
10-25 18:36:18.865 31059 31166 W ThumbnailCache:  [getBitmap] return null when get bitmap from all cache,type:MEMORY_AND_DISK key=LocalMediaCacheKey(path=/local/item/video/16847, dateModifiedInSec=1759163013, mimeType=video/mp4, cropParams=NoCrop), codecType:null
10-25 18:36:18.866 31059 31166 D TBLMetadataRetriever: setTargetImageFormat: 1
10-25 18:36:18.875  6364  6834 D MediaProvider: Open with FUSE. FilePath: /storage/emulated/0/Android/media/com.whatsapp/WhatsApp/Media/WhatsApp Video/VID-20250929-WA0004.mp4. Uid: 10171. Media Capabilities Uid: 0. ShouldRedact: false. ShouldTranscode: false
10-25 18:36:18.880 31059 31166 I TBLVideoThumbnailDecoder:  setDataSource, fileDescriptor : java.io.FileDescriptor@3421e5b
10-25 18:36:18.881 31059 31166 D TBLMetadataRetriever: setDataSource: fd = java.io.FileDescriptor@3421e5b
10-25 18:36:19.041 31059 31166 E ffmpeg_jni: avformat_find_stream_info end
10-25 18:36:19.044 31059 31166 D TBLMetadataRetriever: getCoverPicture: option CLOSEST_SYNC,dstWidth 509,dstHeight 288
10-25 18:36:19.072 31059 31166 D TBLMetadataRetriever: rotateBitmap: rotation = 90, ori.getWidth = 509, ori.getHeight = 288
10-25 18:36:19.082 31059 31166 D TBLMetadataRetriever: rotateBitmap: cost time ms is 10
10-25 18:36:19.082 31059 31166 I TBLVideoThumbnailDecoder:  [close] retriever release
10-25 18:36:19.085 31059 31166 W SizeConfigStrategy:  [get] result is null or recycled.
10-25 18:36:19.087 31059 31166 V ListServiceUtils: checkInListByUid start module:custom-icc uid:10171  time 626687706300us
10-25 18:36:19.087  1463 29610 D MMListService: checkInListByUid end module:custom-icc uid:10171 time 626687706622
10-25 18:36:19.087 31059 31166 V ListServiceUtils: checkInListByUid end module:custom-icc uid:10171  time 626687706868us
10-25 18:36:19.088 31059 31166 D ListServiceUtils: checkInListByUid module:custom-icc uid:10171 cost 567us return 1
10-25 18:36:19.088 31059 31166 D JpegEncoderExtImpl: use ICC 4.0
10-25 18:36:19.088 31059 31166 D JpegEncoderExtImpl: OplusWriteICCProfile, write exif_data JPEG_APP2  offset:514
10-25 18:36:19.088  1463 29610 D MMListService: getListValueByUid module:image-processing, uid:10171
10-25 18:36:19.088 31059 31166 V ListServiceUtils: checkInListByUid module:image-processing uid:10171 cost 264us return (null)
10-25 18:36:19.088 31059 31166 V JpegEncoderExtImpl: Resolution: 288 x 509,support: 0;
10-25 18:36:19.096 31059 31166 W BitmapUtils:  [enlargeCropRect], recommendRect is null or empty, return calculateSquareCropRect!
10-25 18:36:19.096 31059 31166 W SizeConfigStrategy:  [get] result is null or recycled.
10-25 18:36:19.102 31059 31166 V ListServiceUtils: checkInListByUid start module:custom-icc uid:10171  time 626687721185us
10-25 18:36:19.102  1463 29610 D MMListService: checkInListByUid end module:custom-icc uid:10171 time 626687721599
10-25 18:36:19.103 31059 31166 V ListServiceUtils: checkInListByUid end module:custom-icc uid:10171  time 626687721942us
10-25 18:36:19.103 31059 31166 D ListServiceUtils: checkInListByUid module:custom-icc uid:10171 cost 756us return 1
10-25 18:36:19.103 31059 31166 D JpegEncoderExtImpl: use ICC 4.0
10-25 18:36:19.103 31059 31166 D JpegEncoderExtImpl: OplusWriteICCProfile, write exif_data JPEG_APP2  offset:514
10-25 18:36:19.103  1463 29610 D MMListService: getListValueByUid module:image-processing, uid:10171
10-25 18:36:19.103 31059 31166 V ListServiceUtils: checkInListByUid module:image-processing uid:10171 cost 257us return (null)
10-25 18:36:19.103 31059 31166 V JpegEncoderExtImpl: Resolution: 30 x 30,support: 0;
10-25 18:36:19.105 31059 31166 W ThumbnailCache:  [getBitmap] return null when get bitmap from all cache,type:MEMORY_AND_DISK key=LocalMediaCacheKey(path=/local/item/image/16846, dateModifiedInSec=1759162637, mimeType=image/jpeg, cropParams=NoCrop), codecType:null
10-25 18:36:19.117  6364  6834 D MediaProvider: Open with FUSE. FilePath: /storage/emulated/0/DCIM/Camera/IMG20250929181713.jpg. Uid: 10171. Media Capabilities Uid: 0. ShouldRedact: false. ShouldTranscode: false
10-25 18:36:19.122 31059 31166 W SizeConfigStrategy:  [get] result is null or recycled.
10-25 18:36:19.142 31059 31166 D skia    : stream getLength() supported, buffer addr 0x7bed859000 length 5358464
10-25 18:36:19.150 31059 31166 D skia    : LoadInputStreamToMem va 0x7bed859000  size 5358464
10-25 18:36:19.152 31059 31166 D libjpeg-alpha: Huffman Builder run in subthread
10-25 18:36:19.153 31059 31166 D libjpeg-alpha: Tile Decoder (#thread:4, size:768 768 512 608x944, alignment:256x16)
10-25 18:36:19.153 31059  3034 D libjpeg-alpha: Huffman Builder binding core: failed (Invalid argument)
10-25 18:36:19.154 31059  3057 D libjpeg-alpha: Tile Decoder binding core: failed (Invalid argument)
10-25 18:36:19.212 31059 31166 V ListServiceUtils: checkInListByUid start module:custom-icc uid:10171  time 626687830872us
10-25 18:36:19.212  1463 29610 D MMListService: checkInListByUid end module:custom-icc uid:10171 time 626687831305
10-25 18:36:19.212 31059 31166 V ListServiceUtils: checkInListByUid end module:custom-icc uid:10171  time 626687831617us
10-25 18:36:19.212 31059 31166 D ListServiceUtils: checkInListByUid module:custom-icc uid:10171 cost 744us return 1
10-25 18:36:19.212 31059 31166 D JpegEncoderExtImpl: use ICC 4.0
10-25 18:36:19.212 31059 31166 D JpegEncoderExtImpl: OplusWriteICCProfile, write exif_data JPEG_APP2  offset:514
10-25 18:36:19.212  1463 29610 D MMListService: getListValueByUid module:image-processing, uid:10171
10-25 18:36:19.213 31059 31166 V ListServiceUtils: checkInListByUid module:image-processing uid:10171 cost 210us return (null)
10-25 18:36:19.213 31059 31166 V JpegEncoderExtImpl: Resolution: 288 x 404,support: 0;
10-25 18:36:19.218 31059 31166 W BitmapUtils:  [enlargeCropRect], recommendRect is null or empty, return calculateSquareCropRect!
10-25 18:36:19.218 31059 31166 W SizeConfigStrategy:  [get] result is null or recycled.
10-25 18:36:19.223 31059 31166 V ListServiceUtils: checkInListByUid start module:custom-icc uid:10171  time 626687842795us
10-25 18:36:19.224  1463 29610 D MMListService: checkInListByUid end module:custom-icc uid:10171 time 626687843226
10-25 18:36:19.224 31059 31166 V ListServiceUtils: checkInListByUid end module:custom-icc uid:10171  time 626687843549us
10-25 18:36:19.224 31059 31166 D ListServiceUtils: checkInListByUid module:custom-icc uid:10171 cost 753us return 1
10-25 18:36:19.224 31059 31166 D JpegEncoderExtImpl: use ICC 4.0
10-25 18:36:19.224 31059 31166 D JpegEncoderExtImpl: OplusWriteICCProfile, write exif_data JPEG_APP2  offset:514
10-25 18:36:19.224  1463 29610 D MMListService: getListValueByUid module:image-processing, uid:10171
10-25 18:36:19.224 31059 31166 V ListServiceUtils: checkInListByUid module:image-processing uid:10171 cost 192us return (null)
10-25 18:36:19.224 31059 31166 V JpegEncoderExtImpl: Resolution: 30 x 30,support: 0;
10-25 18:36:19.227 31059 31166 W ThumbnailCache:  [getBitmap] return null when get bitmap from all cache,type:MEMORY_AND_DISK key=LocalMediaCacheKey(path=/local/item/image/16843, dateModifiedInSec=1759137063, mimeType=image/jpeg, cropParams=NoCrop), codecType:null
10-25 18:36:19.237  6364  6834 D MediaProvider: Open with FUSE. FilePath: /storage/emulated/0/Android/media/com.whatsapp/WhatsApp/Media/WhatsApp Images/IMG-20250929-WA0000.jpeg. Uid: 10171. Media Capabilities Uid: 0. ShouldRedact: false. ShouldTranscode: false
10-25 18:36:19.248 31059 31166 W SizeConfigStrategy:  [get] result is null or recycled.
10-25 18:36:19.251 31059 31166 D skia    : SkJpegCodec::onGetPixels +
10-25 18:36:19.256 31059 31166 D skia    : stream getLength() supported, buffer addr 0x7bedcd1000 length 675456
10-25 18:36:19.257 31059 31166 D skia    : LoadInputStreamToMem va 0x7bedcd1000  size 675456
10-25 18:36:19.258 31059 31166 D libjpeg-alpha: Huffman Builder run in subthread
10-25 18:36:19.260 31059  3081 D libjpeg-alpha: Huffman Builder binding core: failed (Invalid argument)
10-25 18:36:19.265 31059 31166 D libjpeg-alpha: Tile Decoder (#thread:4, size:256 256 256 312x480, alignment:256x16)
10-25 18:36:19.267 31059  3093 D libjpeg-alpha: Tile Decoder binding core: failed (Invalid argument)
10-25 18:36:19.274 31059 31166 D skia    : SkJpegCodec::onGetPixels -
10-25 18:36:19.277 31059 31166 W SizeConfigStrategy:  [get] result is null or recycled.
10-25 18:36:19.290 31059 31166 W SizeConfigStrategy:  [get] result is null or recycled.
10-25 18:36:19.291 31059 31166 V ListServiceUtils: checkInListByUid start module:custom-icc uid:10171  time 626687910732us
10-25 18:36:19.292  1463 29610 D MMListService: checkInListByUid end module:custom-icc uid:10171 time 626687911214
10-25 18:36:19.292 31059 31166 V ListServiceUtils: checkInListByUid end module:custom-icc uid:10171  time 626687911817us
10-25 18:36:19.293 31059 31166 D ListServiceUtils: checkInListByUid module:custom-icc uid:10171 cost 1084us return 1
10-25 18:36:19.293 31059 31166 E ListServiceUtils: checkInListByUid module:custom-icc uid:10171 cost 1084us return 1
10-25 18:36:19.293 31059 31166 D JpegEncoderExtImpl: use ICC 4.0
10-25 18:36:19.293 31059 31166 D JpegEncoderExtImpl: OplusWriteICCProfile, write exif_data JPEG_APP2  offset:514
10-25 18:36:19.293  1463 29610 D MMListService: getListValueByUid module:image-processing, uid:10171
10-25 18:36:19.293 31059 31166 V ListServiceUtils: checkInListByUid module:image-processing uid:10171 cost 613us return (null)
10-25 18:36:19.294 31059 31166 V JpegEncoderExtImpl: Resolution: 288 x 512,support: 0;
10-25 18:36:19.301 31059 31166 W BitmapUtils:  [enlargeCropRect], recommendRect is null or empty, return calculateSquareCropRect!
10-25 18:36:19.306 31059 31166 V ListServiceUtils: checkInListByUid start module:custom-icc uid:10171  time 626687925799us
10-25 18:36:19.307  1463 29610 D MMListService: checkInListByUid end module:custom-icc uid:10171 time 626687926240
10-25 18:36:19.307 31059 31166 V ListServiceUtils: checkInListByUid end module:custom-icc uid:10171  time 626687926377us
10-25 18:36:19.307 31059 31166 D ListServiceUtils: checkInListByUid module:custom-icc uid:10171 cost 578us return 1
10-25 18:36:19.307 31059 31166 D JpegEncoderExtImpl: use ICC 4.0
10-25 18:36:19.307 31059 31166 D JpegEncoderExtImpl: OplusWriteICCProfile, write exif_data JPEG_APP2  offset:514
10-25 18:36:19.307  1463 29610 D MMListService: getListValueByUid module:image-processing, uid:10171
10-25 18:36:19.307 31059 31166 V ListServiceUtils: checkInListByUid module:image-processing uid:10171 cost 338us return (null)
10-25 18:36:19.307 31059 31166 V JpegEncoderExtImpl: Resolution: 30 x 30,support: 0;
10-25 18:36:19.310 31059 31166 W ThumbnailCache:  [getBitmap] return null when get bitmap from all cache,type:MEMORY_AND_DISK key=LocalMediaCacheKey(path=/local/item/image/16842, dateModifiedInSec=1759134479, mimeType=image/jpeg, cropParams=NoCrop), codecType:null
10-25 18:36:19.318  6364  6834 D MediaProvider: Open with FUSE. FilePath: /storage/emulated/0/DCIM/Camera/IMG20250929102756.jpg. Uid: 10171. Media Capabilities Uid: 0. ShouldRedact: false. ShouldTranscode: false
10-25 18:36:19.340 31059 31166 D skia    : stream getLength() supported, buffer addr 0x7bedab8000 length 2874880
10-25 18:36:19.343 31059 31166 D skia    : LoadInputStreamToMem va 0x7bedab8000  size 2874880
10-25 18:36:19.344 31059 31166 D libjpeg-alpha: Huffman Builder run in subthread
10-25 18:36:19.346 31059 31166 D libjpeg-alpha: Tile Decoder (#thread:4, size:1024 1024 1024 928x752, alignment:256x16)
10-25 18:36:19.346 31059  3162 D libjpeg-alpha: Huffman Builder binding core: failed (Invalid argument)
10-25 18:36:19.347 31059  3167 D libjpeg-alpha: Tile Decoder binding core: failed (Invalid argument)
10-25 18:36:19.411 31059 31166 W SizeConfigStrategy:  [get] result is null or recycled.
10-25 18:36:19.414 31059 31166 V ListServiceUtils: checkInListByUid start module:custom-icc uid:10171  time 626688032856us
10-25 18:36:19.414  1463 29610 D MMListService: checkInListByUid end module:custom-icc uid:10171 time 626688033302
10-25 18:36:19.414 31059 31166 V ListServiceUtils: checkInListByUid end module:custom-icc uid:10171  time 626688033667us
10-25 18:36:19.414 31059 31166 D ListServiceUtils: checkInListByUid module:custom-icc uid:10171 cost 810us return 1
10-25 18:36:19.414 31059 31166 D JpegEncoderExtImpl: use ICC 4.0
10-25 18:36:19.414 31059 31166 D JpegEncoderExtImpl: OplusWriteICCProfile, write exif_data JPEG_APP2  offset:514
10-25 18:36:19.415  1463 29610 D MMListService: getListValueByUid module:image-processing, uid:10171
10-25 18:36:19.415 31059 31166 V ListServiceUtils: checkInListByUid module:image-processing uid:10171 cost 359us return (null)
10-25 18:36:19.415 31059 31166 V JpegEncoderExtImpl: Resolution: 384 x 288,support: 0;
10-25 18:36:19.421 31059 31166 W BitmapUtils:  [enlargeCropRect], recommendRect is null or empty, return calculateSquareCropRect!
10-25 18:36:19.421 31059 31166 W SizeConfigStrategy:  [get] result is null or recycled.
10-25 18:36:19.429 31059 31166 V ListServiceUtils: checkInListByUid start module:custom-icc uid:10171  time 626688048256us
10-25 18:36:19.429  1463 29610 D MMListService: checkInListByUid end module:custom-icc uid:10171 time 626688048682
10-25 18:36:19.430 31059 31166 V ListServiceUtils: checkInListByUid end module:custom-icc uid:10171  time 626688049001us
10-25 18:36:19.430 31059 31166 D ListServiceUtils: checkInListByUid module:custom-icc uid:10171 cost 745us return 1
10-25 18:36:19.430 31059 31166 D JpegEncoderExtImpl: use ICC 4.0
10-25 18:36:19.430 31059 31166 D JpegEncoderExtImpl: OplusWriteICCProfile, write exif_data JPEG_APP2  offset:514
10-25 18:36:19.430  1463 29610 D MMListService: getListValueByUid module:image-processing, uid:10171
10-25 18:36:19.430 31059 31166 V ListServiceUtils: checkInListByUid module:image-processing uid:10171 cost 129us return (null)
10-25 18:36:19.430 31059 31166 V JpegEncoderExtImpl: Resolution: 30 x 30,support: 0;
10-25 18:36:19.433 31059 31166 W ThumbnailCache:  [getBitmap] return null when get bitmap from all cache,type:MEMORY_AND_DISK key=LocalMediaCacheKey(path=/local/item/image/16841, dateModifiedInSec=1759065013, mimeType=image/jpeg, cropParams=NoCrop), codecType:null
10-25 18:36:19.446  6364  6834 D MediaProvider: Open with FUSE. FilePath: /storage/emulated/0/Android/media/com.whatsapp/WhatsApp/Media/WhatsApp Images/IMG-20250928-WA0001.jpg. Uid: 10171. Media Capabilities Uid: 0. ShouldRedact: false. ShouldTranscode: false
10-25 18:36:19.454 31059 31166 D skia    : SkJpegCodec::onGetPixels +
10-25 18:36:19.456 31059 31166 D skia    : stream getLength() supported, buffer addr 0x7d12cf1000 length 129792
10-25 18:36:19.457 31059 31166 D skia    : LoadInputStreamToMem va 0x7d12cf1000  size 129792
10-25 18:36:19.458 31059 31166 D libjpeg-alpha: Huffman Builder run in subthread
10-25 18:36:19.459 31059 31166 D libjpeg-alpha: Tile Decoder (#thread:4, size:256 256 256 131x400, alignment:256x16)
10-25 18:36:19.461 31059  3168 D libjpeg-alpha: Huffman Builder binding core: failed (Invalid argument)
10-25 18:36:19.461 31059  3168 D libjpeg-alpha: Corrupt JPEG data: 13201 extraneous bytes before marker 0xc4
10-25 18:36:19.461 31059  3175 D libjpeg-alpha: Tile Decoder binding core: failed (Invalid argument)
10-25 18:36:19.462 31059  3175 D libjpeg-alpha: Inconsistent progression sequence for component 0 coefficient 0
10-25 18:36:19.462 31059  3179 D libjpeg-alpha: Inconsistent progression sequence for component 0 coefficient 0
10-25 18:36:19.462 31059  3180 D libjpeg-alpha: Inconsistent progression sequence for component 0 coefficient 0
10-25 18:36:19.462 31059  3173 D libjpeg-alpha: Inconsistent progression sequence for component 0 coefficient 0
10-25 18:36:19.471 31059  3173 D libjpeg-alpha: Inconsistent progression sequence for component 0 coefficient 0
10-25 18:36:19.471 31059  3180 D libjpeg-alpha: Inconsistent progression sequence for component 0 coefficient 0
10-25 18:36:19.471 31059  3179 D libjpeg-alpha: Inconsistent progression sequence for component 0 coefficient 0
10-25 18:36:19.471 31059  3175 D libjpeg-alpha: Inconsistent progression sequence for component 0 coefficient 0
10-25 18:36:19.481 31059  3180 D libjpeg-alpha: Inconsistent progression sequence for component 0 coefficient 0
10-25 18:36:19.481 31059  3173 D libjpeg-alpha: Inconsistent progression sequence for component 0 coefficient 0
10-25 18:36:19.481 31059  3179 D libjpeg-alpha: Inconsistent progression sequence for component 0 coefficient 0
10-25 18:36:19.481 31059  3175 D libjpeg-alpha: Inconsistent progression sequence for component 0 coefficient 0
10-25 18:36:19.488  3070  3461 I Athena  : CommonAction: 22,1602,140,1128,5120,78,455,0,885,1696,633,921,0.7096774,22
10-25 18:36:19.490 31059  3173 D libjpeg-alpha: Inconsistent progression sequence for component 0 coefficient 0
10-25 18:36:19.490 31059  3180 D libjpeg-alpha: Inconsistent progression sequence for component 0 coefficient 0
10-25 18:36:19.490 31059  3179 D libjpeg-alpha: Inconsistent progression sequence for component 0 coefficient 0
10-25 18:36:19.491 31059  3175 D libjpeg-alpha: Inconsistent progression sequence for component 0 coefficient 0
10-25 18:36:19.499 31059 31166 D skia    : SkJpegCodec::onGetPixels -
10-25 18:36:19.520 31059 31166 W SizeConfigStrategy:  [get] result is null or recycled.
10-25 18:36:19.522 31059 31166 V ListServiceUtils: checkInListByUid start module:custom-icc uid:10171  time 626688141153us
10-25 18:36:19.522  1463 29610 D MMListService: checkInListByUid end module:custom-icc uid:10171 time 626688141609
10-25 18:36:19.522 31059 31166 V ListServiceUtils: checkInListByUid end module:custom-icc uid:10171  time 626688141832us
10-25 18:36:19.522 31059 31166 D ListServiceUtils: checkInListByUid module:custom-icc uid:10171 cost 678us return 1
10-25 18:36:19.523 31059 31166 D JpegEncoderExtImpl: use ICC 4.0
10-25 18:36:19.523 31059 31166 D JpegEncoderExtImpl: OplusWriteICCProfile, write exif_data JPEG_APP2  offset:514
10-25 18:36:19.523  1463 29610 D MMListService: getListValueByUid module:image-processing, uid:10171
10-25 18:36:19.523 31059 31166 V ListServiceUtils: checkInListByUid module:image-processing uid:10171 cost 250us return (null)
10-25 18:36:19.523 31059 31166 V JpegEncoderExtImpl: Resolution: 288 x 512,support: 0;
10-25 18:36:19.530 31059 31166 W BitmapUtils:  [enlargeCropRect], recommendRect is null or empty, return calculateSquareCropRect!
10-25 18:36:19.530 31059 31166 W SizeConfigStrategy:  [get] result is null or recycled.
10-25 18:36:19.536 31059 31166 V ListServiceUtils: checkInListByUid start module:custom-icc uid:10171  time 626688155081us
10-25 18:36:19.536  1463 29610 D MMListService: checkInListByUid end module:custom-icc uid:10171 time 626688155395
10-25 18:36:19.536 31059 31166 V ListServiceUtils: checkInListByUid end module:custom-icc uid:10171  time 626688155684us
10-25 18:36:19.536 31059 31166 D ListServiceUtils: checkInListByUid module:custom-icc uid:10171 cost 602us return 1
10-25 18:36:19.536 31059 31166 D JpegEncoderExtImpl: use ICC 4.0
10-25 18:36:19.536 31059 31166 D JpegEncoderExtImpl: OplusWriteICCProfile, write exif_data JPEG_APP2  offset:514
10-25 18:36:19.537  1463 29610 D MMListService: getListValueByUid module:image-processing, uid:10171
10-25 18:36:19.537 31059 31166 V ListServiceUtils: checkInListByUid module:image-processing uid:10171 cost 434us return (null)
10-25 18:36:19.537 31059 31166 V JpegEncoderExtImpl: Resolution: 30 x 30,support: 0;
10-25 18:36:19.541 31059 31166 W ThumbnailCache:  [getBitmap] return null when get bitmap from all cache,type:MEMORY_AND_DISK key=LocalMediaCacheKey(path=/local/item/image/16840, dateModifiedInSec=1759005797, mimeType=image/jpeg, cropParams=NoCrop), codecType:null
10-25 18:36:19.546  7698  7810 I UTrace.Lib.UserUnlock: isUnlocked() result=true pkg=com.coloros.assistantscreen currentTime=1281001668 [base|com.coloros.assistantscreen|2.0.26-f348910]
10-25 18:36:19.548  7698  7803 I UTrace.Sdk.HLogConfigHelper: [PantaCardSdk|com.coloros.assistantscreen] doQueryHLogConfig() can't query log config [base|com.coloros.assistantscreen|2.0.26-f348910]
10-25 18:36:19.551  7698  7810 I UTrace.Sdk.SdkConfig: queryIfExpired() unchanged configData=SdkConfigData(isEnabled=false, overflow=FlowCtrl(window=1000, maxFlow=9223372036854775807), overflowPt=[], logsDebuggable=false, traceCacheMetrics=TraceCacheMetrics(maxPendingRecordsL1=1000, maxPendingRecordsL2=50, delayAddTraceList=500, spanNameCacheSize=600, dbCacheWindow=3600000, dbSendWindow=3600000, dbExpireWindow=21600000, dbDelaySend=300000), traceLogCtrl=TraceLogCtrl(intentUseInfo=false, codeUseInfo=true), hLogCtrl=null, bindWindow=3600000, expireTime=1761413779550) unlocked=true expireTime=(Sat Oct 25 19:36:19 GMT+02:00 2025) [base|com.coloros.assistantscreen|2.0.26-f348910]
10-25 18:36:19.556  6364  6834 D MediaProvider: Open with FUSE. FilePath: /storage/emulated/0/Android/media/com.whatsapp/WhatsApp/Media/WhatsApp Images/IMG-20250927-WA0015.jpg. Uid: 10171. Media Capabilities Uid: 0. ShouldRedact: false. ShouldTranscode: false
10-25 18:36:19.566 31059 31166 D skia    : stream getLength() supported, buffer addr 0x7d12cee000 length 141568
10-25 18:36:19.566 31059 31166 D skia    : LoadInputStreamToMem va 0x7d12cee000  size 141568
10-25 18:36:19.568 31059 31166 D libjpeg-alpha: Huffman Builder run in subthread
10-25 18:36:19.574 31059 31166 D libjpeg-alpha: Tile Decoder (#thread:3, size:256 256 223 x688, alignment:256x16)
10-25 18:36:19.575 31059  3185 D libjpeg-alpha: Huffman Builder binding core: failed (Invalid argument)
10-25 18:36:19.575 31059  3185 D libjpeg-alpha: Corrupt JPEG data: 14056 extraneous bytes before marker 0xc4
10-25 18:36:19.576 31059  3193 D libjpeg-alpha: Tile Decoder binding core: failed (Invalid argument)
10-25 18:36:19.576 31059  3193 D libjpeg-alpha: Inconsistent progression sequence for component 0 coefficient 0
10-25 18:36:19.576 31059  3204 D libjpeg-alpha: Inconsistent progression sequence for component 0 coefficient 0
10-25 18:36:19.577 31059  3213 D libjpeg-alpha: Inconsistent progression sequence for component 0 coefficient 0
10-25 18:36:19.590 31059  3213 D libjpeg-alpha: Inconsistent progression sequence for component 0 coefficient 0
10-25 18:36:19.590 31059  3204 D libjpeg-alpha: Inconsistent progression sequence for component 0 coefficient 0
10-25 18:36:19.590 31059  3193 D libjpeg-alpha: Inconsistent progression sequence for component 0 coefficient 0
10-25 18:36:19.601 31059  3213 D libjpeg-alpha: Inconsistent progression sequence for component 0 coefficient 0
10-25 18:36:19.601 31059  3204 D libjpeg-alpha: Inconsistent progression sequence for component 0 coefficient 0
10-25 18:36:19.601 31059  3193 D libjpeg-alpha: Inconsistent progression sequence for component 0 coefficient 0
10-25 18:36:19.641 31059 31166 V ListServiceUtils: checkInListByUid start module:custom-icc uid:10171  time 626688259976us
10-25 18:36:19.641  1463 29610 D MMListService: checkInListByUid end module:custom-icc uid:10171 time 626688260693
10-25 18:36:19.642 31059 31166 V ListServiceUtils: checkInListByUid end module:custom-icc uid:10171  time 626688261166us
10-25 18:36:19.642 31059 31166 D ListServiceUtils: checkInListByUid module:custom-icc uid:10171 cost 1188us return 1
10-25 18:36:19.642 31059 31166 E ListServiceUtils: checkInListByUid module:custom-icc uid:10171 cost 1188us return 1
10-25 18:36:19.642 31059 31166 D JpegEncoderExtImpl: use ICC 4.0
10-25 18:36:19.642 31059 31166 D JpegEncoderExtImpl: OplusWriteICCProfile, write exif_data JPEG_APP2  offset:514
10-25 18:36:19.642  1463 29610 D MMListService: getListValueByUid module:image-processing, uid:10171
10-25 18:36:19.642 31059 31166 V ListServiceUtils: checkInListByUid module:image-processing uid:10171 cost 273us retur