10-25 18:36:16.603 31059 31166 D JpegEncoderExtImpl: use ICC 4.0
10-25 18:36:16.603 31059 31166 D JpegEncoderExtImpl: OplusWriteICCProfile, write exif_data JPEG_APP2  offset:514
10-25 18:36:16.603  1463 29610 D MMListService: getListValueByUid module:image-processing, uid:10171
10-25 18:36:16.603 31059 31166 V ListServiceUtils: checkInListByUid module:image-processing uid:10171 cost 161us return (null)
10-25 18:36:16.603 31059 31166 V JpegEncoderExtImpl: Resolution: 30 x 30,support: 0;
10-25 18:36:16.606 31059 31166 W ThumbnailCache:  [getBitmap] return null when get bitmap from all cache,type:MEMORY_AND_DISK key=LocalMediaCacheKey(path=/local/item/image/16863, dateModifiedInSec=1759388431, mimeType=image/jpeg, cropParams=NoCrop), codecType:null
10-25 18:36:16.618  6364  6834 D MediaProvider: Open with FUSE. FilePath: /storage/emulated/0/DCIM/Camera/IMG20251002090029.jpg. Uid: 10171. Media Capabilities Uid: 0. ShouldRedact: false. ShouldTranscode: false
10-25 18:36:16.640 31059 31166 D skia    : stream getLength() supported, buffer addr 0x7bed984000 length 4134400
10-25 18:36:16.643 31059 31166 D skia    : LoadInputStreamToMem va 0x7bed984000  size 4134400
10-25 18:36:16.645 31059 31166 D libjpeg-alpha: Huffman Builder run in subthread
10-25 18:36:16.647 31059  2868 D libjpeg-alpha: Huffman Builder binding core: failed (Invalid argument)
10-25 18:36:16.651 31059 31166 D libjpeg-alpha: Tile Decoder (#thread:4, size:768 768 768 696x1008, alignment:256x16)
10-25 18:36:16.652 31059  2875 D libjpeg-alpha: Tile Decoder binding core: failed (Invalid argument)
10-25 18:36:16.732 31059 31166 W SizeConfigStrategy:  [get] result is null or recycled.
10-25 18:36:16.734 31059 31166 V ListServiceUtils: checkInListByUid start module:custom-icc uid:10171  time 626685353694us
10-25 18:36:16.735  1463 29610 D MMListService: checkInListByUid end module:custom-icc uid:10171 time 626685354177
10-25 18:36:16.736 31059 31166 V ListServiceUtils: checkInListByUid end module:custom-icc uid:10171  time 626685355077us
10-25 18:36:16.736 31059 31166 D ListServiceUtils: checkInListByUid module:custom-icc uid:10171 cost 1380us return 1
10-25 18:36:16.736 31059 31166 E ListServiceUtils: checkInListByUid module:custom-icc uid:10171 cost 1380us return 1
10-25 18:36:16.736 31059 31166 D JpegEncoderExtImpl: use ICC 4.0
10-25 18:36:16.736 31059 31166 D JpegEncoderExtImpl: OplusWriteICCProfile, write exif_data JPEG_APP2  offset:514
10-25 18:36:16.736  1463 29610 D MMListService: getListValueByUid module:image-processing, uid:10171
10-25 18:36:16.736 31059 31166 V ListServiceUtils: checkInListByUid module:image-processing uid:10171 cost 370us return (null)
10-25 18:36:16.736 31059 31166 V JpegEncoderExtImpl: Resolution: 288 x 384,support: 0;
10-25 18:36:16.746 31059 31166 W BitmapUtils:  [enlargeCropRect], recommendRect is null or empty, return calculateSquareCropRect!
10-25 18:36:16.746 31059 31166 W SizeConfigStrategy:  [get] result is null or recycled.
10-25 18:36:16.752 31059 31166 V ListServiceUtils: checkInListByUid start module:custom-icc uid:10171  time 626685371240us
10-25 18:36:16.752  1463 29610 D MMListService: checkInListByUid end module:custom-icc uid:10171 time 626685371679
10-25 18:36:16.753 31059 31166 V ListServiceUtils: checkInListByUid end module:custom-icc uid:10171  time 626685372332us
10-25 18:36:16.753 31059 31166 D ListServiceUtils: checkInListByUid module:custom-icc uid:10171 cost 1090us return 1
10-25 18:36:16.753 31059 31166 E ListServiceUtils: checkInListByUid module:custom-icc uid:10171 cost 1090us return 1
10-25 18:36:16.753 31059 31166 D JpegEncoderExtImpl: use ICC 4.0
10-25 18:36:16.753 31059 31166 D JpegEncoderExtImpl: OplusWriteICCProfile, write exif_data JPEG_APP2  offset:514
10-25 18:36:16.753  1463 29610 D MMListService: getListValueByUid module:image-processing, uid:10171
10-25 18:36:16.753 31059 31166 V ListServiceUtils: checkInListByUid module:image-processing uid:10171 cost 355us return (null)
10-25 18:36:16.754 31059 31166 V JpegEncoderExtImpl: Resolution: 30 x 30,support: 0;
10-25 18:36:16.756 31059 31166 W ThumbnailCache:  [getBitmap] return null when get bitmap from all cache,type:MEMORY_AND_DISK key=LocalMediaCacheKey(path=/local/item/video/16862, dateModifiedInSec=1759345178, mimeType=video/mp4, cropParams=NoCrop), codecType:null
10-25 18:36:16.757 31059 31166 D TBLMetadataRetriever: setTargetImageFormat: 1
10-25 18:36:16.769  6364  6834 D MediaProvider: Open with FUSE. FilePath: /storage/emulated/0/Android/media/com.whatsapp/WhatsApp/Media/WhatsApp Video/VID-20251001-WA0007.mp4. Uid: 10171. Media Capabilities Uid: 0. ShouldRedact: false. ShouldTranscode: false
10-25 18:36:16.773 31059 31166 I TBLVideoThumbnailDecoder:  setDataSource, fileDescriptor : java.io.FileDescriptor@1ffb731
10-25 18:36:16.773 31059 31166 D TBLMetadataRetriever: setDataSource: fd = java.io.FileDescriptor@1ffb731
10-25 18:36:16.840 31059 31166 E ffmpeg_jni: avformat_find_stream_info end
10-25 18:36:16.843 31059 31166 D TBLMetadataRetriever: getCoverPicture: option CLOSEST_SYNC,dstWidth 288,dstHeight 512
10-25 18:36:16.867 31059 31166 D TBLMetadataRetriever: rotateBitmap: rotation = 0, ori.getWidth = 288, ori.getHeight = 512
10-25 18:36:16.868 31059 31166 I TBLVideoThumbnailDecoder:  [close] retriever release
10-25 18:36:16.871 31059 31166 W SizeConfigStrategy:  [get] result is null or recycled.
10-25 18:36:16.874 31059 31166 V ListServiceUtils: checkInListByUid start module:custom-icc uid:10171  time 626685492876us
10-25 18:36:16.874  1463 29610 D MMListService: checkInListByUid end module:custom-icc uid:10171 time 626685493198
10-25 18:36:16.874 31059 31166 V ListServiceUtils: checkInListByUid end module:custom-icc uid:10171  time 626685493382us
10-25 18:36:16.874 31059 31166 D ListServiceUtils: checkInListByUid module:custom-icc uid:10171 cost 505us return 1
10-25 18:36:16.874 31059 31166 D JpegEncoderExtImpl: use ICC 4.0
10-25 18:36:16.874 31059 31166 D JpegEncoderExtImpl: OplusWriteICCProfile, write exif_data JPEG_APP2  offset:514
10-25 18:36:16.874  1463 29610 D MMListService: getListValueByUid module:image-processing, uid:10171
10-25 18:36:16.874 31059 31166 V ListServiceUtils: checkInListByUid module:image-processing uid:10171 cost 177us return (null)
10-25 18:36:16.874 31059 31166 V JpegEncoderExtImpl: Resolution: 288 x 512,support: 0;
10-25 18:36:16.882 31059 31166 W BitmapUtils:  [enlargeCropRect], recommendRect is null or empty, return calculateSquareCropRect!
10-25 18:36:16.890 31059 31166 V ListServiceUtils: checkInListByUid start module:custom-icc uid:10171  time 626685509605us
10-25 18:36:16.891  1463 29610 D MMListService: checkInListByUid end module:custom-icc uid:10171 time 626685510022
10-25 18:36:16.891 31059 31166 V ListServiceUtils: checkInListByUid end module:custom-icc uid:10171  time 626685510360us
10-25 18:36:16.891 31059 31166 D ListServiceUtils: checkInListByUid module:custom-icc uid:10171 cost 755us return 1
10-25 18:36:16.891 31059 31166 D JpegEncoderExtImpl: use ICC 4.0
10-25 18:36:16.891 31059 31166 D JpegEncoderExtImpl: OplusWriteICCProfile, write exif_data JPEG_APP2  offset:514
10-25 18:36:16.891  1463 29610 D MMListService: getListValueByUid module:image-processing, uid:10171
10-25 18:36:16.891 31059 31166 V ListServiceUtils: checkInListByUid module:image-processing uid:10171 cost 207us return (null)
10-25 18:36:16.891 31059 31166 V JpegEncoderExtImpl: Resolution: 30 x 30,support: 0;
10-25 18:36:16.894 31059 31166 W ThumbnailCache:  [getBitmap] return null when get bitmap from all cache,type:MEMORY_AND_DISK key=LocalMediaCacheKey(path=/local/item/image/16861, dateModifiedInSec=1759329450, mimeType=image/jpeg, cropParams=NoCrop), codecType:null
10-25 18:36:16.906  6364  6834 D MediaProvider: Open with FUSE. FilePath: /storage/emulated/0/Android/media/com.whatsapp/WhatsApp/Media/WhatsApp Images/IMG-20251001-WA0002.jpg. Uid: 10171. Media Capabilities Uid: 0. ShouldRedact: false. ShouldTranscode: false
10-25 18:36:16.915 31059 31166 D skia    : SkJpegCodec::onGetPixels +
10-25 18:36:16.916 31059 31166 D skia    : stream getLength() supported, buffer addr 0x7d1c324000 length 73344
10-25 18:36:16.916 31059 31166 D skia    : LoadInputStreamToMem va 0x7d1c324000  size 73344
10-25 18:36:16.917 31059 31166 D libjpeg-alpha: Huffman Builder run in subthread
10-25 18:36:16.919 31059  2876 D libjpeg-alpha: Huffman Builder binding core: failed (Invalid argument)
10-25 18:36:16.919 31059  2876 D libjpeg-alpha: Corrupt JPEG data: 8006 extraneous bytes before marker 0xc4
10-25 18:36:16.924 31059 31166 D libjpeg-alpha: Tile Decoder (#thread:4, size:256 256 256 131x400, alignment:256x16)
10-25 18:36:16.925 31059  2877 D libjpeg-alpha: Tile Decoder binding core: failed (Invalid argument)
10-25 18:36:16.925 31059  2877 D libjpeg-alpha: Inconsistent progression sequence for component 0 coefficient 0
10-25 18:36:16.925 31059  2881 D libjpeg-alpha: Inconsistent progression sequence for component 0 coefficient 0
10-25 18:36:16.925 31059  2880 D libjpeg-alpha: Inconsistent progression sequence for component 0 coefficient 0
10-25 18:36:16.926 31059  2879 D libjpeg-alpha: Inconsistent progression sequence for component 0 coefficient 0
10-25 18:36:16.929 31059  2880 D libjpeg-alpha: Inconsistent progression sequence for component 0 coefficient 0
10-25 18:36:16.929 31059  2877 D libjpeg-alpha: Inconsistent progression sequence for component 0 coefficient 0
10-25 18:36:16.929 31059  2881 D libjpeg-alpha: Inconsistent progression sequence for component 0 coefficient 0
10-25 18:36:16.929 31059  2879 D libjpeg-alpha: Inconsistent progression sequence for component 0 coefficient 0
10-25 18:36:16.934 31059  2881 D libjpeg-alpha: Inconsistent progression sequence for component 0 coefficient 0
10-25 18:36:16.934 31059  2879 D libjpeg-alpha: Inconsistent progression sequence for component 0 coefficient 0
10-25 18:36:16.934 31059  2877 D libjpeg-alpha: Inconsistent progression sequence for component 0 coefficient 0
10-25 18:36:16.934 31059  2880 D libjpeg-alpha: Inconsistent progression sequence for component 0 coefficient 0
10-25 18:36:16.941 31059  2879 D libjpeg-alpha: Inconsistent progression sequence for component 0 coefficient 0
10-25 18:36:16.942 31059  2877 D libjpeg-alpha: Inconsistent progression sequence for component 0 coefficient 0
10-25 18:36:16.942 31059  2880 D libjpeg-alpha: Inconsistent progression sequence for component 0 coefficient 0
10-25 18:36:16.942 31059  2881 D libjpeg-alpha: Inconsistent progression sequence for component 0 coefficient 0
10-25 18:36:16.949 31059 31166 D skia    : SkJpegCodec::onGetPixels -
10-25 18:36:16.952 31059 31166 W SizeConfigStrategy:  [get] result is null or recycled.
10-25 18:36:16.963 31059 31166 W SizeConfigStrategy:  [get] result is null or recycled.
10-25 18:36:16.965 31059 31166 V ListServiceUtils: checkInListByUid start module:custom-icc uid:10171  time 626685584453us
10-25 18:36:16.966  1463 29610 D MMListService: checkInListByUid end module:custom-icc uid:10171 time 626685584878
10-25 18:36:16.966 31059 31166 V ListServiceUtils: checkInListByUid end module:custom-icc uid:10171  time 626685585100us
10-25 18:36:16.966 31059 31166 D ListServiceUtils: checkInListByUid module:custom-icc uid:10171 cost 645us return 1
10-25 18:36:16.966 31059 31166 D JpegEncoderExtImpl: use ICC 4.0
10-25 18:36:16.966 31059 31166 D JpegEncoderExtImpl: OplusWriteICCProfile, write exif_data JPEG_APP2  offset:514
10-25 18:36:16.966  1463 29610 D MMListService: getListValueByUid module:image-processing, uid:10171
10-25 18:36:16.967 31059 31166 V ListServiceUtils: checkInListByUid module:image-processing uid:10171 cost 692us return (null)
10-25 18:36:16.967 31059 31166 V JpegEncoderExtImpl: Resolution: 288 x 512,support: 0;
10-25 18:36:16.974 31059 31166 W BitmapUtils:  [enlargeCropRect], recommendRect is null or empty, return calculateSquareCropRect!
10-25 18:36:16.974 31059 31166 W SizeConfigStrategy:  [get] result is null or recycled.
10-25 18:36:16.980 31059 31166 V ListServiceUtils: checkInListByUid start module:custom-icc uid:10171  time 626685598868us
10-25 18:36:16.980  1463 29610 D MMListService: checkInListByUid end module:custom-icc uid:10171 time 626685599220
10-25 18:36:16.980 31059 31166 V ListServiceUtils: checkInListByUid end module:custom-icc uid:10171  time 626685599381us
10-25 18:36:16.980 31059 31166 D ListServiceUtils: checkInListByUid module:custom-icc uid:10171 cost 512us return 1
10-25 18:36:16.980 31059 31166 D JpegEncoderExtImpl: use ICC 4.0
10-25 18:36:16.980 31059 31166 D JpegEncoderExtImpl: OplusWriteICCProfile, write exif_data JPEG_APP2  offset:514
10-25 18:36:16.980  1463 29610 D MMListService: getListValueByUid module:image-processing, uid:10171
10-25 18:36:16.980 31059 31166 V ListServiceUtils: checkInListByUid module:image-processing uid:10171 cost 189us return (null)
10-25 18:36:16.980 31059 31166 V JpegEncoderExtImpl: Resolution: 30 x 30,support: 0;
10-25 18:36:16.983 31059 31166 W ThumbnailCache:  [getBitmap] return null when get bitmap from all cache,type:MEMORY_AND_DISK key=LocalMediaCacheKey(path=/local/item/image/16860, dateModifiedInSec=1759315823, mimeType=image/jpeg, cropParams=NoCrop), codecType:null
10-25 18:36:16.993  6364  6834 D MediaProvider: Open with FUSE. FilePath: /storage/emulated/0/DCIM/Camera/IMG20251001125021.jpg. Uid: 10171. Media Capabilities Uid: 0. ShouldRedact: false. ShouldTranscode: false
10-25 18:36:17.019 31059 31166 D skia    : stream getLength() supported, buffer addr 0x7bed9ca000 length 3846272
10-25 18:36:17.025 31059 31166 D skia    : LoadInputStreamToMem va 0x7bed9ca000  size 3846272
10-25 18:36:17.026 31059 31166 D libjpeg-alpha: Huffman Builder run in subthread
10-25 18:36:17.027 31059 31166 D libjpeg-alpha: Tile Decoder (#thread:4, size:768 768 768 696x1008, alignment:256x16)
10-25 18:36:17.028 31059  2887 D libjpeg-alpha: Huffman Builder binding core: failed (Invalid argument)
10-25 18:36:17.028 31059  2889 D libjpeg-alpha: Tile Decoder binding core: failed (Invalid argument)
10-25 18:36:17.107 31059 31166 W SizeConfigStrategy:  [get] result is null or recycled.
10-25 18:36:17.109 31059 31166 V ListServiceUtils: checkInListByUid start module:custom-icc uid:10171  time 626685728396us
10-25 18:36:17.110  1463 29610 D MMListService: checkInListByUid end module:custom-icc uid:10171 time 626685728872
10-25 18:36:17.110 31059 31166 V ListServiceUtils: checkInListByUid end module:custom-icc uid:10171  time 626685729213us
10-25 18:36:17.110 31059 31166 D ListServiceUtils: checkInListByUid module:custom-icc uid:10171 cost 815us return 1
10-25 18:36:17.110 31059 31166 D JpegEncoderExtImpl: use ICC 4.0
10-25 18:36:17.110 31059 31166 D JpegEncoderExtImpl: OplusWriteICCProfile, write exif_data JPEG_APP2  offset:514
10-25 18:36:17.111  1463 29610 D MMListService: getListValueByUid module:image-processing, uid:10171
10-25 18:36:17.111 31059 31166 V ListServiceUtils: checkInListByUid module:image-processing uid:10171 cost 305us return (null)
10-25 18:36:17.111 31059 31166 V JpegEncoderExtImpl: Resolution: 288 x 384,support: 0;
10-25 18:36:17.118 31059 31166 W BitmapUtils:  [enlargeCropRect], recommendRect is null or empty, return calculateSquareCropRect!
10-25 18:36:17.118 31059 31166 W SizeConfigStrategy:  [get] result is null or recycled.
10-25 18:36:17.123 31059 31166 V ListServiceUtils: checkInListByUid start module:custom-icc uid:10171  time 626685742501us
10-25 18:36:17.124  1463 29610 D MMListService: checkInListByUid end module:custom-icc uid:10171 time 626685742979
10-25 18:36:17.124 31059 31166 V ListServiceUtils: checkInListByUid end module:custom-icc uid:10171  time 626685743518us
10-25 18:36:17.124 31059 31166 D ListServiceUtils: checkInListByUid module:custom-icc uid:10171 cost 1016us return 1
10-25 18:36:17.124 31059 31166 E ListServiceUtils: checkInListByUid module:custom-icc uid:10171 cost 1016us return 1
10-25 18:36:17.124 31059 31166 D JpegEncoderExtImpl: use ICC 4.0
10-25 18:36:17.124 31059 31166 D JpegEncoderExtImpl: OplusWriteICCProfile, write exif_data JPEG_APP2  offset:514
10-25 18:36:17.124  1463 29610 D MMListService: getListValueByUid module:image-processing, uid:10171
10-25 18:36:17.125 31059 31166 V ListServiceUtils: checkInListByUid module:image-processing uid:10171 cost 280us return (null)
10-25 18:36:17.125 31059 31166 V JpegEncoderExtImpl: Resolution: 30 x 30,support: 0;
10-25 18:36:17.127 31059 31166 W ThumbnailCache:  [getBitmap] return null when get bitmap from all cache,type:MEMORY_AND_DISK key=LocalMediaCacheKey(path=/local/item/image/16859, dateModifiedInSec=1759309916, mimeType=image/jpeg, cropParams=NoCrop), codecType:null
10-25 18:36:17.136  6364  6834 D MediaProvider: Open with FUSE. FilePath: /storage/emulated/0/DCIM/Camera/IMG20251001111154.jpg. Uid: 10171. Media Capabilities Uid: 0. ShouldRedact: false. ShouldTranscode: false
10-25 18:36:17.164 31059 31166 D skia    : stream getLength() supported, buffer addr 0x7beda7f000 length 3105920
10-25 18:36:17.167 31059 31166 D skia    : LoadInputStreamToMem va 0x7beda7f000  size 3105920
10-25 18:36:17.169 31059 31166 D libjpeg-alpha: Huffman Builder run in subthread
10-25 18:36:17.170 31059  2893 D libjpeg-alpha: Huffman Builder binding core: failed (Invalid argument)
10-25 18:36:17.175 31059 31166 D libjpeg-alpha: Tile Decoder (#thread:4, size:768 768 768 696x1008, alignment:256x16)
10-25 18:36:17.176 31059  2894 D libjpeg-alpha: Tile Decoder binding core: failed (Invalid argument)
10-25 18:36:17.237 31059 31166 W SizeConfigStrategy:  [get] result is null or recycled.
10-25 18:36:17.239 31059 31166 V ListServiceUtils: checkInListByUid start module:custom-icc uid:10171  time 626685858537us
10-25 18:36:17.240  1463 29610 D MMListService: checkInListByUid end module:custom-icc uid:10171 time 626685859064
10-25 18:36:17.240 31059 31166 V ListServiceUtils: checkInListByUid end module:custom-icc uid:10171  time 626685859582us
10-25 18:36:17.240 31059 31166 D ListServiceUtils: checkInListByUid module:custom-icc uid:10171 cost 1044us return 1
10-25 18:36:17.240 31059 31166 E ListServiceUtils: checkInListByUid module:custom-icc uid:10171 cost 1044us return 1
10-25 18:36:17.240 31059 31166 D JpegEncoderExtImpl: use ICC 4.0
10-25 18:36:17.240 31059 31166 D JpegEncoderExtImpl: OplusWriteICCProfile, write exif_data JPEG_APP2  offset:514
10-25 18:36:17.240  1463 29610 D MMListService: getListValueByUid module:image-processing, uid:10171
10-25 18:36:17.241 31059 31166 V ListServiceUtils: checkInListByUid module:image-processing uid:10171 cost 338us return (null)
10-25 18:36:17.241 31059 31166 V JpegEncoderExtImpl: Resolution: 288 x 384,support: 0;
10-25 18:36:17.247 31059 31166 W BitmapUtils:  [enlargeCropRect], recommendRect is null or empty, return calculateSquareCropRect!
10-25 18:36:17.247 31059 31166 W SizeConfigStrategy:  [get] result is null or recycled.
10-25 18:36:17.253 31059 31166 V ListServiceUtils: checkInListByUid start module:custom-icc uid:10171  time 626685872465us
10-25 18:36:17.254  1463 29610 D MMListService: checkInListByUid end module:custom-icc uid:10171 time 626685872894
10-25 18:36:17.254 31059 31166 V ListServiceUtils: checkInListByUid end module:custom-icc uid:10171  time 626685873284us
10-25 18:36:17.254 31059 31166 D ListServiceUtils: checkInListByUid module:custom-icc uid:10171 cost 817us return 1
10-25 18:36:17.254 31059 31166 D JpegEncoderExtImpl: use ICC 4.0
10-25 18:36:17.254 31059 31166 D JpegEncoderExtImpl: OplusWriteICCProfile, write exif_data JPEG_APP2  offset:514
10-25 18:36:17.254  1463 29610 D MMListService: getListValueByUid module:image-processing, uid:10171
10-25 18:36:17.254 31059 31166 V ListServiceUtils: checkInListByUid module:image-processing uid:10171 cost 245us return (null)
10-25 18:36:17.254 31059 31166 V JpegEncoderExtImpl: Resolution: 30 x 30,support: 0;
10-25 18:36:17.256 31059 31166 I BlockCacheService:  isBlockFull, type: 2004, blockKey: 2025101, itemsMap.size: 51, Block{202510, idx:1, mapSize:51}
10-25 18:36:17.263 31059 31166 W ContextImpl: Failed to ensure /dev/null/Android/data/com.coloros.gallery3d/cache: java.lang.SecurityException: Invalid mkdirs path: /dev/null/Android/data/com.coloros.gallery3d/cache is not a known app path.
10-25 18:36:17.266 31059 31166 W ContextImpl: Failed to ensure /dev/null/Android/data/com.coloros.gallery3d/cache: java.lang.SecurityException: Invalid mkdirs path: /dev/null/Android/data/com.coloros.gallery3d/cache is not a known app path.
10-25 18:36:17.268 31059 31166 V ListServiceUtils: checkInListByUid start module:custom-icc uid:10171  time 626685887346us
10-25 18:36:17.268  1463 29610 D MMListService: checkInListByUid end module:custom-icc uid:10171 time 626685887619
10-25 18:36:17.269 31059 31166 V ListServiceUtils: checkInListByUid end module:custom-icc uid:10171  time 626685887956us
10-25 18:36:17.269 31059 31166 D ListServiceUtils: checkInListByUid module:custom-icc uid:10171 cost 609us return 1
10-25 18:36:17.269 31059 31166 D JpegEncoderExtImpl: use ICC 4.0
10-25 18:36:17.269 31059 31166 D JpegEncoderExtImpl: OplusWriteICCProfile, write exif_data JPEG_APP2  offset:514
10-25 18:36:17.269 31059 31166 V JpegEncoderExtImpl: Resolution: 600 x 120,support: 0;
10-25 18:36:17.403 26711 31557 I AlarmManager: setExactAndAllowWhileIdle [name: GCM_HB_ALARM type: 2 triggerAtMillis: 1281599525]
10-25 18:36:17.415 26711 30748 W ChimeraUtils: Module com.google.android.gms.gcm missing resource null(0)
10-25 18:36:17.427 26711 30748 I AlarmManager: setExactAndAllowWhileIdle [name: FcmRetry type: 2 triggerAtMillis: 1281119545]
--------- beginning of system
10-25 18:36:17.448 17580   372 V ActivityThread: scheduleReceiver info = ActivityInfo{3a71892 com.google.firebase.iid.FirebaseInstanceIdReceiver} intent = Intent { act=com.google.android.c2dm.intent.RECEIVE flg=0x11080010 pkg=it.quadronica.leghe cmp=it.quadronica.leghe/com.google.firebase.iid.FirebaseInstanceIdReceiver (has extras) } sync = true hasCode = 94448717
10-25 18:36:17.452 31059 31166 W ThumbnailCache:  [getBitmap] return null when get bitmap from all cache,type:MEMORY_AND_DISK key=LocalMediaCacheKey(path=/local/item/image/16858, dateModifiedInSec=1759259943, mimeType=image/jpeg, cropParams=NoCrop), codecType:null
10-25 18:36:17.464 26711 26729 W OplusExSystemServiceHelper: checkOplusExSystemService intent getComponent is null
10-25 18:36:17.474  6364  6834 D MediaProvider: Open with FUSE. FilePath: /storage/emulated/0/Android/media/com.whatsapp/WhatsApp/Media/WhatsApp Images/IMG-20250930-WA0022.jpg. Uid: 10171. Media Capabilities Uid: 0. ShouldRedact: false. ShouldTranscode: false
10-25 18:36:17.489 31059 31166 D skia    : stream getLength() supported, buffer addr 0x7d1161c000 length 405376
10-25 18:36:17.490 31059 31166 D skia    : LoadInputStreamToMem va 0x7d1161c000  size 405376
10-25 18:36:17.492 31059 31166 D libjpeg-alpha: Huffman Builder run in subthread
10-25 18:36:17.494 31059 31166 D libjpeg-alpha: Tile Decoder (#thread:4, size:512 512 256 320x304, alignment:256x16)
10-25 18:36:17.494 31059  2904 D libjpeg-alpha: Huffman Builder binding core: failed (Invalid argument)
10-25 18:36:17.495 31059  2904 D libjpeg-alpha: Corrupt JPEG data: 15111 extraneous bytes before marker 0xda
10-25 18:36:17.496 31059  2905 D libjpeg-alpha: Tile Decoder binding core: failed (Invalid argument)
10-25 18:36:17.496 31059  2905 D libjpeg-alpha: Inconsistent progression sequence for component 0 coefficient 0
10-25 18:36:17.496 31059  2912 D libjpeg-alpha: Inconsistent progression sequence for component 0 coefficient 0
10-25 18:36:17.497 31059  2908 D libjpeg-alpha: Inconsistent progression sequence for component 0 coefficient 0
10-25 18:36:17.497 31059  2910 D libjpeg-alpha: Inconsistent progression sequence for component 0 coefficient 0
10-25 18:36:17.510 31059  2905 D libjpeg-alpha: Inconsistent progression sequence for component 0 coefficient 0
10-25 18:36:17.510 31059  2912 D libjpeg-alpha: Inconsistent progression sequence for component 0 coefficient 0
10-25 18:36:17.510 31059  2910 D libjpeg-alpha: Inconsistent progression sequence for component 0 coefficient 0
10-25 18:36:17.510 31059  2908 D libjpeg-alpha: Inconsistent progression sequence for component 0 coefficient 0
10-25 18:36:17.523 31059  2905 D libjpeg-alpha: Inconsistent progression sequence for component 0 coefficient 0
10-25 18:36:17.523 31059  2912 D libjpeg-alpha: Inconsistent progression sequence for component 0 coefficient 0
10-25 18:36:17.523 31059  2908 D libjpeg-alpha: Inconsistent progression sequence for component 0 coefficient 0
10-25 18:36:17.524 31059  2910 D libjpeg-alpha: Inconsistent progression sequence for component 0 coefficient 0
10-25 18:36:17.537 31059  2908 D libjpeg-alpha: Inconsistent progression sequence for component 0 coefficient 0
10-25 18:36:17.537 31059  2912 D libjpeg-alpha: Inconsistent progression sequence for component 0 coefficient 0
10-25 18:36:17.537 31059  2905 D libjpeg-alpha: Inconsistent progression sequence for component 0 coefficient 0
10-25 18:36:17.538 31059  2910 D libjpeg-alpha: Inconsistent progression sequence for component 0 coefficient 0
10-25 18:36:17.555 31059 31166 W SizeConfigStrategy:  [get] result is null or recycled.
10-25 18:36:17.571 31059 31166 V ListServiceUtils: checkInListByUid start module:custom-icc uid:10171  time 626686190308us
10-25 18:36:17.572  1463 29610 D MMListService: checkInListByUid end module:custom-icc uid:10171 time 626686191005
10-25 18:36:17.572 31059 31166 V ListServiceUtils: checkInListByUid end module:custom-icc uid:10171  time 626686191256us
10-25 18:36:17.572 31059 31166 D ListServiceUtils: checkInListByUid module:custom-icc uid:10171 cost 947us return 1
10-25 18:36:17.572 31059 31166 D JpegEncoderExtImpl: use ICC 4.0
10-25 18:36:17.572 31059 31166 D JpegEncoderExtImpl: OplusWriteICCProfile, write exif_data JPEG_APP2  offset:514
10-25 18:36:17.572  1463 29610 D MMListService: getListValueByUid module:image-processing, uid:10171
10-25 18:36:17.573 31059 31166 V ListServiceUtils: checkInListByUid module:image-processing uid:10171 cost 494us return (null)
10-25 18:36:17.573 31059 31166 V JpegEncoderExtImpl: Resolution: 384 x 288,support: 0;
10-25 18:36:17.586 31059 31166 W BitmapUtils:  [enlargeCropRect], recommendRect is null or empty, return calculateSquareCropRect!
10-25 18:36:17.586 31059 31166 W SizeConfigStrategy:  [get] result is null or recycled.
10-25 18:36:17.601 31059 31166 W ContextImpl: Failed to ensure /dev/null/Android/data/com.coloros.gallery3d/cache: java.lang.SecurityException: Invalid mkdirs path: /dev/null/Android/data/com.coloros.gallery3d/cache is not a known app path.
10-25 18:36:17.605 31059 31166 W ContextImpl: Failed to ensure /dev/null/Android/data/com.coloros.gallery3d/cache: java.lang.SecurityException: Invalid mkdirs path: /dev/null/Android/data/com.coloros.gallery3d/cache is not a known app path.
10-25 18:36:17.605 31059 31166 W SizeConfigStrategy:  [get] result is null or recycled.
10-25 18:36:17.606 31059 31166 V ListServiceUtils: checkInListByUid start module:custom-icc uid:10171  time 626686225696us
10-25 18:36:17.607  1463 29610 D MMListService: checkInListByUid end module:custom-icc uid:10171 time 626686226043
10-25 18:36:17.607 31059 31166 V ListServiceUtils: checkInListByUid end module:custom-icc uid:10171  time 626686226141us
10-25 18:36:17.607 31059 31166 D ListServiceUtils: checkInListByUid module:custom-icc uid:10171 cost 444us return 1
10-25 18:36:17.607 31059 31166 D JpegEncoderExtImpl: use ICC 4.0
10-25 18:36:17.607 31059 31166 D JpegEncoderExtImpl: OplusWriteICCProfile, write exif_data JPEG_APP2  offset:514
10-25 18:36:17.607  1463 29610 D MMListService: getListValueByUid module:image-processing, uid:10171
10-25 18:36:17.607 31059 31166 V ListServiceUtils: checkInListByUid module:image-processing uid:10171 cost 213us return (null)
10-25 18:36:17.607 31059 31166 V JpegEncoderExtImpl: Resolution: 30 x 30,support: 0;
10-25 18:36:17.610 31059 31166 W ThumbnailCache:  [getBitmap] return null when get bitmap from all cache,type:MEMORY_AND_DISK key=LocalMediaCacheKey(path=/local/item/image/16856, dateModifiedInSec=1759250042, mimeType=image/jpeg, cropParams=NoCrop), codecType:null
10-25 18:36:17.620  6364  6834 D MediaProvider: Open with FUSE. FilePath: /storage/emulated/0/Android/media/com.whatsapp/WhatsApp/Media/WhatsApp Images/IMG-20250930-WA0014.jpg. Uid: 10171. Media Capabilities Uid: 0. ShouldRedact: false. ShouldTranscode: false
10-25 18:36:17.627 31059 31166 D skia    : stream getLength() supported, buffer addr 0x7d18082000 length 101760
10-25 18:36:17.628 31059 31166 D skia    : LoadInputStreamToMem va 0x7d18082000  size 101760
10-25 18:36:17.629 31059 31166 D libjpeg-alpha: Huffman Builder run in subthread
10-25 18:36:17.630 31059 31166 D libjpeg-alpha: Tile Decoder (#thread:3, size:256 256 226 x544, alignment:256x16)
10-25 18:36:17.631 31059  2913 D libjpeg-alpha: Huffman Builder binding core: failed (Invalid argument)
10-25 18:36:17.631 31059  2913 D libjpeg-alpha: Corrupt JPEG data: 6837 extraneous bytes before marker 0xc4
10-25 18:36:17.632 31059  2917 D libjpeg-alpha: Tile Decoder binding core: failed (Invalid argument)
10-25 18:36:17.632 31059  2917 D libjpeg-alpha: Inconsistent progression sequence for component 0 coefficient 0
10-25 18:36:17.632 31059  2914 D libjpeg-alpha: Inconsistent progression sequence for component 0 coefficient 0
10-25 18:36:17.632 31059  2918 D libjpeg-alpha: Inconsistent progression sequence for component 0 coefficient 0
10-25 18:36:17.643 31059  2918 D libjpeg-alpha: Inconsistent progression sequence for component 0 coefficient 0
10-25 18:36:17.643 31059  2914 D libjpeg-alpha: Inconsistent progression sequence for component 0 coefficient 0
10-25 18:36:17.643 31059  2917 D libjpeg-alpha: Inconsistent progression sequence for component 0 coefficient 0
10-25 18:36:17.651 31059  2917 D libjpeg-alpha: Inconsistent progression sequence for component 0 coefficient 0
10-25 18:36:17.652 31059  2918 D libjpeg-alpha: Inconsistent progression sequence for component 0 coefficient 0
10-25 18:36:17.652 31059  2914 D libjpeg-alpha: Inconsistent progression sequence for component 0 coefficient 0
10-25 18:36:17.683 31059 31166 V ListServiceUtils: checkInListByUid start module:custom-icc uid:10171  time 626686302260us
10-25 18:36:17.683  1463 29610 D MMListService: checkInListByUid end module:custom-icc uid:10171 time 626686302849
10-25 18:36:17.684 31059 31166 V ListServiceUtils: checkInListByUid end module:custom-icc uid:10171  time 626686303350us
10-25 18:36:17.684 31059 31166 D ListServiceUtils: checkInListByUid module:custom-icc uid:10171 cost 1089us return 1
10-25 18:36:17.684 31059 31166 E ListServiceUtils: checkInListByUid module:custom-icc uid:10171 cost 1089us return 1
10-25 18:36:17.684 31059 31166 D JpegEncoderExtImpl: use ICC 4.0
10-25 18:36:17.684 31059 31166 D JpegEncoderExtImpl: OplusWriteICCProfile, write exif_data JPEG_APP2  offset:514
10-25 18:36:17.684  1463 29610 D MMListService: getListValueByUid module:image-processing, uid:10171
10-25 18:36:17.685 31059 31166 V ListServiceUtils: checkInListByUid module:image-processing uid:10171 cost 370us return (null)
10-25 18:36:17.685 31059 31166 V JpegEncoderExtImpl: Resolution: 288 x 624,support: 0;
10-25 18:36:17.692 31059 31166 W BitmapUtils:  [enlargeCropRect], recommendRect is null or empty, return calculateSquareCropRect!
10-25 18:36:17.698 31059 31166 V ListServiceUtils: checkInListByUid start module:custom-icc uid:10171  time 626686317199us
10-25 18:36:17.698  1463 29610 D MMListService: checkInListByUid end module:custom-icc uid:10171 time 626686317625
10-25 18:36:17.699 31059 31166 V ListServiceUtils: checkInListByUid end module:custom-icc uid:10171  time 626686317949us
10-25 18:36:17.699 31059 31166 D ListServiceUtils: checkInListByUid module:custom-icc uid:10171 cost 748us return 1
10-25 18:36:17.699 31059 31166 D JpegEncoderExtImpl: use ICC 4.0
10-25 18:36:17.699 31059 31166 D JpegEncoderExtImpl: OplusWriteICCProfile, write exif_data JPEG_APP2  offset:514
10-25 18:36:17.699  1463 29610 D MMListService: getListValueByUid module:image-processing, uid:10171
10-25 18:36:17.699 31059 31166 V ListServiceUtils: checkInListByUid module:image-processing uid:10171 cost 125us return (null)
10-25 18:36:17.699 31059 31166 V JpegEncoderExtImpl: Resolution: 30 x 30,support: 0;
10-25 18:36:17.701 31059 31166 W ThumbnailCache:  [getBitmap] return null when get bitmap from all cache,type:MEMORY_AND_DISK key=LocalMediaCacheKey(path=/local/item/image/16855, dateModifiedInSec=1759250042, mimeType=image/jpeg, cropParams=NoCrop), codecType:null
10-25 18:36:17.713  6364  6834 D MediaProvider: Open with FUSE. FilePath: /storage/emulated/0/Android/media/com.whatsapp/WhatsApp/Media/WhatsApp Images/IMG-20250930-WA0015.jpg. Uid: 10171. Media Capabilities Uid: 0. ShouldRedact: false. ShouldTranscode: false
10-25 18:36:17.719 31059 31166 W SizeConfigStrategy:  [get] result is null or recycled.
10-25 18:36:17.721 31059 31166 D skia    : stream getLength() supported, buffer addr 0x7d18082000 length 100736
10-25 18:36:17.721 31059 31166 D skia    : LoadInputStreamToMem va 0x7d18082000  size 100736
10-25 18:36:17.722 31059 31166 D libjpeg-alpha: Huffman Builder run in subthread
10-25 18:36:17.723 31059 31166 D libjpeg-alpha: Tile Decoder (#thread:3, size:256 256 226 x544, alignment:256x16)
10-25 18:36:17.724 31059  2919 D libjpeg-alpha: Huffman Builder binding core: failed (Invalid argument)
10-25 18:36:17.724 31059  2919 D libjpeg-alpha: Corrupt JPEG data: 7385 extraneous bytes before marker 0xc4
10-25 18:36:17.725 31059  2920 D libjpeg-alpha: Tile Decoder binding core: failed (Invalid argument)
10-25 18:36:17.725 31059  2920 D libjpeg-alpha: Inconsistent progression sequence for component 0 coefficient 0
10-25 18:36:17.725 31059  2924 D libjpeg-alpha: Inconsistent progression sequence for component 0 coefficient 0
10-25 18:36:17.725 31059  2926 D libjpeg-alpha: Inconsistent progression sequence for component 0 coefficient 0
10-25 18:36:17.735 31059  2926 D libjpeg-alpha: Inconsistent progression sequence for component 0 coefficient 0
10-25 18:36:17.735 31059  2924 D libjpeg-alpha: Inconsistent progression sequence for component 0 coefficient 0
10-25 18:36:17.735 31059  2920 D libjpeg-alpha: Inconsistent progression sequence for component 0 coefficient 0
10-25 18:36:17.745 31059  2924 D libjpeg-alpha: Inconsistent progression sequence for component 0 coefficient 0
10-25 18:36:17.745 31059  2926 D libjpeg-alpha: Inconsistent progression sequence for component 0 coefficient 0
10-25 18:36:17.745 31059  2920 D libjpeg-alpha: Inconsistent progression sequence for component 0 coefficient 0
10-25 18:36:17.776 31059 31166 V ListServiceUtils: checkInListByUid start module:custom-icc uid:10171  time 626686395739us
10-25 18:36:17.777  1463 29610 D MMListService: checkInListByUid end module:custom-icc uid:10171 time 626686396830
10-25 18:36:17.778 31059 31166 V ListServiceUtils: checkInListByUid end module:custom-icc uid:10171  time 626686397047us
10-25 18:36:17.778 31059 31166 D ListServiceUtils: checkInListByUid module:custom-icc uid:10171 cost 1307us return 1
10-25 18:36:17.778 31059 31166 E ListServiceUtils: checkInListByUid module:custom-icc uid:10171 cost 1307us return 1
10-25 18:36:17.778 31059 31166 D JpegEncoderExtImpl: use ICC 4.0
10-25 18:36:17.778 31059 31166 D JpegEncoderExtImpl: OplusWriteICCProfile, write exif_data JPEG_APP2  offset:514
10-25 18:36:17.778  1463 29610 D MMListService: getListValueByUid module:image-processing, uid:10171
10-25 18:36:17.778 31059 31166 V ListServiceUtils: checkInListByUid module:image-processing uid:10171 cost 254us return (null)
10-25 18:36:17.778 31059 31166 V JpegEncoderExtImpl: Resolution: 288 x 624,support: 0;
10-25 18:36:17.786 31059 31166 W BitmapUtils:  [enlargeCropRect], recommendRect is null or empty, return calculateSquareCropRect!
10-25 18:36:17.786 31059 31166 W SizeConfigStrategy:  [get] result is null or recycled.
10-25 18:36:17.791 31059 31166 V ListServiceUtils: checkInListByUid start module:custom-icc uid:10171  time 626686410686us
10-25 18:36:17.792  1463 29610 D MMListService: checkInListByUid end module:custom-icc uid:10171 time 626686411165
10-25 18:36:17.792 31059 31166 V ListServiceUtils: checkInListByUid end module:custom-icc uid:10171  time 626686411345us
10-25 18:36:17.792 31059 31166 D ListServiceUtils: checkInListByUid module:custom-icc uid:10171 cost 658us return 1
10-25 18:36:17.792 31059 31166 D JpegEncoderExtImpl: use ICC 4.0
10-25 18:36:17.792 31059 31166 D JpegEncoderExtImpl: OplusWriteICCProfile, write exif_data JPEG_APP2  offset:514
10-25 18:36:17.792  1463 29610 D MMListService: getListValueByUid module:image-processing, uid:10171
10-25 18:36:17.792 31059 31166 V ListServiceUtils: checkInListByUid module:image-processing uid:10171 cost 237us return (null)
10-25 18:36:17.792 31059 31166 V JpegEncoderExtImpl: Resolution: 30 x 30,support: 0;
10-25 18:36:17.795 31059 31166 W ThumbnailCache:  [getBitmap] return null when get bitmap from all cache,type:MEMORY_AND_DISK key=LocalMediaCacheKey(path=/local/item/image/16857, dateModifiedInSec=1759250041, mimeType=image/jpeg, cropParams=NoCrop), codecType:null
10-25 18:36:17.808  6364  6834 D MediaProvider: Open with FUSE. FilePath: /storage/emulated/0/Android/media/com.whatsapp/WhatsApp/Media/WhatsApp Images/IMG-20250930-WA0013.jpg. Uid: 10171. Media Capabilities Uid: 0. ShouldRedact: false. ShouldTranscode: false
10-25 18:36:17.817 31059 31166 W SizeConfigStrategy:  [get] result is null or recycled.
10-25 18:36:17.820 31059 31166 D skia    : stream getLength() supported, buffer addr 0x7d18082000 length 99840
10-25 18:36:17.820 31059 31166 D skia    : LoadInputStreamToMem va 0x7d18082000  size 99840
10-25 18:36:17.821 31059 31166 D libjpeg-alpha: Huffman Builder run in subthread
10-25 18:36:17.822 31059 31166 D libjpeg-alpha: Tile Decoder (#thread:3, size:256 256 226 x544, alignment:256x16)
10-25 18:36:17.823 31059  2928 D libjpeg-alpha: Huffman Builder binding core: failed (Invalid argument)
10-25 18:36:17.824 31059  2928 D libjpeg-alpha: Corrupt JPEG data: 6994 extraneous bytes before marker 0xc4
10-25 18:36:17.824 31059  2935 D libjpeg-alpha: Tile Decoder binding core: failed (Invalid argument)
10-25 18:36:17.824 31059  2935 D libjpeg-alpha: Inconsistent progression sequence for component 0 coefficient 0
10-25 18:36:17.824 31059  2942 D libjpeg-alpha: Inconsistent progression sequence for component 0 coefficient 0
10-25 18:36:17.824 31059  2943 D libjpeg-alpha: Inconsistent progression sequence for component 0 coefficient 0
10-25 18:36:17.834 31059  2935 D libjpeg-alpha: Inconsistent progression sequence for component 0 coefficient 0
10-25 18:36:17.834 31059  2943 D libjpeg-alpha: Inconsistent progression sequence for component 0 coefficient 0
10-25 18:36:17.834 31059  2942 D libjpeg-alpha: Inconsistent progression sequence for component 0 coefficient 0
10-25 18:36:17.843 31059  2942 D libjpeg-alpha: Inconsistent progression sequence for component 0 coefficient 0
10-25 18:36:17.844 31059  2935 D libjpeg-alpha: Inconsistent progression sequence for component 0 coefficient 0
10-25 18:36:17.844 31059  2943 D libjpeg-alpha: Inconsistent progression sequence for component 0 coefficient 0
10-25 18:36:17.876 31059 31166 V ListServiceUtils: checkInListByUid start module:custom-icc uid:10171  time 626686495350us
10-25 18:36:17.877  1463 29610 D MMListService: checkInListByUid end module:custom-icc uid:10171 time 626686495948
10-25 18:36:17.877 31059 31166 V ListServiceUtils: checkInListByUid end module:custom-icc uid:10171  time 626686496346us
10-25 18:36:17.877 31059 31166 D ListServiceUtils: checkInListByUid module:custom-icc uid:10171 cost 995us return 1
10-25 18:36:17.877 31059 31166 D JpegEncoderExtImpl: use ICC 4.0
10-25 18:36:17.877 31059 31166 D JpegEncoderExtImpl: OplusWriteICCProfile, write exif_data JPEG_APP2  offset:514
10-25 18:36:17.877  1463 29610 D MMListService: getListValueByUid module:image-processing, uid:10171
10-25 18:36:17.878 31059 31166 V ListServiceUtils: checkInListByUid module:image-processing uid:10171 cost 400us return (null)
10-25 18:36:17.878 31059 31166 V JpegEncoderExtImpl: Resolution: 288 x 624,support: 0;
10-25 18:36:17.886 31059 31166 W BitmapUtils:  [enlargeCropRect], recommendRect is null or empty, return calculateSquareCropRect!
10-25 18:36:17.886 31059 31166 W SizeConfigStrategy:  [get] result is null or recycled.
10-25 18:36:17.892 31059 31166 V ListServiceUtils: checkInListByUid start module:custom-icc uid:10171  time 626686511294us
10-25 18:36:17.892  1463 29610 D MMListService: checkInListByUid end module:custom-icc uid:10171 time 626686511708
10-25 18:36:17.893 31059 31166 V ListServiceUtils: checkInListByUid end module:custom-icc uid:10171  time 626686512224us
10-25 18:36:17.893 31059 31166 D ListServiceUtils: checkInListByUid module:custom-icc uid:10171 cost 929us return 1
10-25 18:36:17.893 31059 31166 D JpegEncoderExtImpl: use ICC 4.0
10-25 18:36:17.893 31059 31166 D JpegEncoderExtImpl: OplusWriteICCProfile, write exif_data JPEG_APP2  offset:514
10-25 18:36:17.894  1463 29610 D MMListService: getListValueByUid module:image-processing, uid:10171
10-25 18:36:17.894 31059 31166 V ListServiceUtils: checkInListByUid module:image-processing uid:10171 cost 510us return (null)
10-25 18:36:17.894 31059 31166 V JpegEncoderExtImpl: Resolution: 30 x 30,support: 0;
10-25 18:36:17.897 31059 31166 W ThumbnailCache:  [getBitmap] return null when get bitmap from all cache,type:MEMORY_AND_DISK key=LocalMediaCacheKey(path=/local/item/image/16854, dateModifiedInSec=1759248716, mimeType=image/jpeg, cropParams=NoCrop), codecType:null
10-25 18:36:17.912  6364  6834 D MediaProvider: Open with FUSE. FilePath: /storage/emulated/0/DCIM/Camera/IMG20250930181154.jpg. Uid: 10171. Media Capabilities Uid: 0. ShouldRedact: false. ShouldTranscode: false
10-25 18:36:17.920 31059 31166 W SizeConfigStrategy:  [get] result is null or recycled.
10-25 18:36:17.939 31059 31166 D skia    : stream getLength() supported, buffer addr 0x7bed7d4000 length 5902464
10-25 18:36:17.949 31059 31166 D skia    : LoadInputStreamToMem va 0x7bed7d4000  size 5902464
10-25 18:36:17.955 31059 31166 D libjpeg-alpha: Huffman Builder run in subthread
10-25 18:36:17.957 31059 31166 D libjpeg-alpha: Tile Decoder (#thread:4, size:768 768 512 672x960, alignment:256x16)
10-25 18:36:17.957 31059  2947 D libjpeg-alpha: Huffman Builder binding core: failed (Invalid argument)
10-25 18:36:17.958 31059  2948 D libjpeg-alpha: Tile Decoder binding core: failed (Invalid argument)
10-25 18:36:18.013 31059 31166 W SizeConfigStrategy:  [get] result is null or recycled.
10-25 18:36:18.025 31059 31166 V ListServiceUtils: checkInListByUid start module:custom-icc uid:10171  time 626686644112us
10-25 18:36:18.025  1463 29610 D MMListService: checkInListByUid end module:custom-icc uid:10171 time 626686644645
10-25 18:36:18.026 31059 31166 V ListServiceUtils: checkInListByUid end module:custom-icc uid:10171  time 626686644907us
10-25 18:36:18.026 31059 31166 D ListServiceUtils: checkInListByUid module:custom-icc uid:10171 cost 794us return 1
10-25 18:36:18.026 31059 31166 D JpegEncoderExtImpl: use ICC 4.0
10-25 18:36:18.026 31059 31166 D JpegEncoderExtImpl: OplusWriteICCProfile, write exif_data JPEG_APP2  offset:514
10-25 18:36:18.026  1463 29610 D MMListService: getListValueByUid module:image-processing, uid:10171
10-25 18:36:18.026 31059 31166 V ListServiceUtils: checkInListByUid module:image-processing uid:10171 cost 283us return (null)
10-25 18:36:18.026 31059 31166 V JpegEncoderExtImpl: Resolution: 288 x 405,support: 0;
10-25 18:36:18.033 31059 31166 W BitmapUtils:  [enlargeCropRect], recommendRect is null or empty, return calculateSquareCropRect!
10-25 18:36:18.033 31059 31166 W SizeConfigStrategy:  [get] result is null or recycled.
10-25 18:36:18.038 31059 31166 V ListServiceUtils: checkInListByUid start module:custom-icc uid:10171  time 626686657580us
10-25 18:36:18.039  1463 29610 D MMListService: checkInListByUid end module:custom-icc uid:10171 time 626686658012
10-25 18:36:18.039 31059 31166 V ListServiceUtils: checkInListByUid end module:custom-icc uid:10171  time 626686658342us
10-25 18:36:18.039 31059 31166 D ListServiceUtils: checkInListByUid module:custom-icc uid:10171 cost 762us return 1
10-25 18:36:18.039 31059 31166 D JpegEncoderExtImpl: use ICC 4.0
10-25 18:36:18.039 31059 31166 D JpegEncoderExtImpl: OplusWriteICCProfile, write exif_data JPEG_APP2  offset:514
10-25 18:36:18.039  1463 29610 D MMListService: getListValueByUid module:image-processing, uid:10171
10-25 18:36:18.039 31059 31166 V ListServiceUtils: checkInListByUid module:image-processing uid:10171 cost 123us return (null)
10-25 18:36:18.039 31059 31166 V JpegEncoderExtImpl: Resolution: 30 x 30,support: 0;
10-25 18:36:18.041 31059 31166 W ThumbnailCache:  [getBitmap] return null when get bitmap from all cache,type:MEMORY_AND_DISK key=LocalMediaCacheKey(path=/local/item/image/16853, dateModifiedInSec=1759237215, mimeType=image/jpeg, cropParams=NoCrop), codecType:null
10-25 18:36:18.053  6364  6834 D MediaProvider: Open with FUSE. FilePath: /storage/emulated/0/Android/media/com.whatsapp/WhatsApp/Media/WhatsApp Images/IMG-20250930-WA0001.jpg. Uid: 10171. Media Capabilities Uid: 0. ShouldRedact: false. ShouldTranscode: false
10-25 18:36:18.059 31059 31166 W SizeConfigStrategy:  [get] result is null or recycled.
10-25 18:36:18.062 31059 31166 D skia    : stream getLength() supported, buffer addr 0x7d12ce9000 length 161152
10-25 18:36:18.062 31059 31166 D skia    : LoadInputStreamToMem va 0x7d12ce9000  size 161152
10-25 18:36:18.067 31059 31166 D libjpeg-alpha: Huffman Builder run in subthread
10-25 18:36:18.068 31059  2953 D libjpeg-alpha: Huffman Builder binding core: failed (Invalid argument)
10-25 18:36:18.068 31059  2953 D libjpeg-alpha: Corrupt JPEG data: 13442 extraneous bytes before marker 0xc4
10-25 18:36:18.073 31059 31166 D libjpeg-alpha: Tile Decoder (#thread:3, size:256 256 206 x688, alignment:256x16)
10-25 18:36:18.075 31059  2955 D libjpeg-alpha: Tile Decoder binding core: failed (Invalid argument)
10-25 18:36:18.075 31059  2955 D libjpeg-alpha: Inconsistent progression sequence for component 0 coefficient 0
10-25 18:36:18.075 31059  2954 D libjpeg-alpha: Inconsistent progression sequence for component 0 coefficient 0
10-25 18:36:18.075 31059  2958 D libjpeg-alpha: Inconsistent progression sequence for component 0 coefficient 0
10-25 18:36:18.082 31059  2958 D libjpeg-alpha: Inconsistent progression sequence for component 0 coefficient 0
10-25 18:36:18.083 31059  2954 D libjpeg-alpha: Inconsistent progression sequence for component 0 coefficient 0
10-25 18:36:18.083 31059  2955 D libjpeg-alpha: Inconsistent progression sequence for component 0 coefficient 0
10-25 18:36:18.094 31059  2958 D libjpeg-alpha: Inconsistent progression sequence for component 0 coefficient 0
10-25 18:36:18.094 31059  2954 D libjpeg-alpha: Inconsistent progression sequence for component 0 coefficient 0
10-25 18:36:18.094 31059  2955 D libjpeg-alpha: Inconsistent progression sequence for component 0 coefficient 0
10-25 18:36:18.108 31059 31166 W SizeConfigStrategy:  [get] result is null or recycled.
10-25 18:36:18.127 31059 31166 V ListServiceUtils: checkInListByUid start module:custom-icc uid:10171  time 626686746288us
10-25 18:36:18.128  1463 29610 D MMListService: checkInListByUid end module:custom-icc uid:10171 time 626686746903
10-25 18:36:18.128 31059 31166 V ListServiceUtils: checkInListByUid end module:custom-icc uid:10171  time 626686747430us
10-25 18:36:18.128 31059 31166 D ListServiceUtils: checkInListByUid module:custom-icc uid:10171 cost 1141us return 1
10-25 18:36:18.128 31059 31166 E ListServiceUtils: checkInListByUid module:custom-icc uid:10171 cost 1141us return 1
10-25 18:36:18.128 31059 31166 D JpegEncoderExtImpl: use ICC 4.0
10-25 18:36:18.128 31059 31166 D JpegEncoderExtImpl: OplusWriteICCProfile, write exif_data JPEG_APP2  offset:514
10-25 18:36:18.128  1463 29610 D MMListService: getListValueByUid module:image-processing, uid:10171
10-25 18:36:18.129 31059 31166 V ListServiceUtils: checkInListByUid module:image-processing uid:10171 cost 358us return (null)
10-25 18:36:18.129 31059 31166 V JpegEncoderExtImpl: Resolution: 288 x 821,support: 0;
10-25 18:36:18.140 31059 31166 W BitmapUtils:  [enlargeCropRect], recommendRect is null or empty, return calculateSquareCropRect!
10-25 18:36:18.147 31059 31166 V ListServiceUtils: checkInListByUid start module:custom-icc uid:10171  time 626686766173us
10-25 18:36:18.148  1463 29610 D MMListService: checkInListByUid end module:custom-icc uid:10171 time 626686767104
10-25 18:36:18.148 31059 31166 V ListServiceUtils: checkInListByUid end module:custom-icc uid:10171  time 626686767538us
10-25 18:36:18.148 31059 31166 D ListServiceUtils: checkInListByUid module:custom-icc uid:10171 cost 1363us return 1
10-25 18:36:18.148 31059 31166 E ListServiceUtils: checkInListByUid module:custom-icc uid:10171 cost 1363us return 1
10-25 18:36:18.148 31059 31166 D JpegEncoderExtImpl: use ICC 4.0
10-25 18:36:18.148 31059 31166 D JpegEncoderExtImpl: OplusWriteICCProfile, write exif_data JPEG_APP2  offset:514
10-25 18:36:18.149  1463 29610 D MMListService: getListValueByUid module:image-processing, uid:10171
10-25 18:36:18.150 31059 31166 V ListServiceUtils: checkInListByUid module:image-processing uid:10171 cost 1010us return (null)
10-25 18:36:18.150 31059 31166 E ListServiceUtils: checkInListByUid module:image-processing uid:10171 cost 1010us return (null)
10-25 18:36:18.150 31059 31166 V JpegEncoderExtImpl: Resolution: 30 x 30,support: 0;
10-25 18:36:18.154 31059 31166 W ThumbnailCache:  [getBitmap] return null when get bitmap from all cache,type:MEMORY_AND_DISK key=LocalMediaCacheKey(path=/local/item/video/16850, dateModifiedInSec=1759167462, mimeType=video/mp4, cropParams=NoCrop), codecType:null
