--------- beginning of main
10-25 18:36:02.355 31059 31166 D skia    : SkJpegCodec::onGetPixels -
10-25 18:36:02.359 31059 31166 W SizeConfigStrategy:  [get] result is null or recycled.
10-25 18:36:02.370 31059 31166 W SizeConfigStrategy:  [get] result is null or recycled.
10-25 18:36:02.372 31059 31166 V ListServiceUtils: checkInListByUid start module:custom-icc uid:10171  time 626670991079us
10-25 18:36:02.372  1463 29610 D MMListService: checkInListByUid end module:custom-icc uid:10171 time 626670991473
10-25 18:36:02.372 31059 31166 V ListServiceUtils: checkInListByUid end module:custom-icc uid:10171  time 626670991845us
10-25 18:36:02.372 31059 31166 D ListServiceUtils: checkInListByUid module:custom-icc uid:10171 cost 765us return 1
10-25 18:36:02.373 31059 31166 D JpegEncoderExtImpl: use ICC 4.0
10-25 18:36:02.373 31059 31166 D JpegEncoderExtImpl: OplusWriteICCProfile, write exif_data JPEG_APP2  offset:514
10-25 18:36:02.373  1463 29610 D MMListService: getListValueByUid module:image-processing, uid:10171
10-25 18:36:02.373 31059 31166 V ListServiceUtils: checkInListByUid module:image-processing uid:10171 cost 250us return (null)
10-25 18:36:02.373 31059 31166 V JpegEncoderExtImpl: Resolution: 288 x 407,support: 0;
10-25 18:36:02.379 31059 31166 W BitmapUtils:  [enlargeCropRect], recommendRect is null or empty, return calculateSquareCropRect!
10-25 18:36:02.379 31059 31166 W SizeConfigStrategy:  [get] result is null or recycled.
10-25 18:36:02.384 31059 31166 V ListServiceUtils: checkInListByUid start module:custom-icc uid:10171  time 626671003721us
10-25 18:36:02.385  1463 29610 D MMListService: checkInListByUid end module:custom-icc uid:10171 time 626671004460
10-25 18:36:02.385 31059 31166 V ListServiceUtils: checkInListByUid end module:custom-icc uid:10171  time 626671004627us
10-25 18:36:02.385 31059 31166 D ListServiceUtils: checkInListByUid module:custom-icc uid:10171 cost 905us return 1
10-25 18:36:02.385 31059 31166 D JpegEncoderExtImpl: use ICC 4.0
10-25 18:36:02.385 31059 31166 D JpegEncoderExtImpl: OplusWriteICCProfile, write exif_data JPEG_APP2  offset:514
10-25 18:36:02.385  1463 29610 D MMListService: getListValueByUid module:image-processing, uid:10171
10-25 18:36:02.386 31059 31166 V ListServiceUtils: checkInListByUid module:image-processing uid:10171 cost 157us return (null)
10-25 18:36:02.386 31059 31166 V JpegEncoderExtImpl: Resolution: 30 x 30,support: 0;
10-25 18:36:02.388 31059 31166 W ThumbnailCache:  [getBitmap] return null when get bitmap from all cache,type:MEMORY_AND_DISK key=LocalMediaCacheKey(path=/local/item/image/17007, dateModifiedInSec=1760724046, mimeType=image/jpeg, cropParams=NoCrop), codecType:null
10-25 18:36:02.399  6364  6834 D MediaProvider: Open with FUSE. FilePath: /storage/emulated/0/Android/media/com.whatsapp/WhatsApp/Media/WhatsApp Images/IMG-20251017-WA0021.jpg. Uid: 10171. Media Capabilities Uid: 0. ShouldRedact: false. ShouldTranscode: false
10-25 18:36:02.407 31059 31166 D skia    : SkJpegCodec::onGetPixels +
10-25 18:36:02.410 31059 31166 D skia    : stream getLength() supported, buffer addr 0x7d11620000 length 386432
10-25 18:36:02.411 31059 31166 D skia    : LoadInputStreamToMem va 0x7d11620000  size 386432
10-25 18:36:02.412 31059 31166 D libjpeg-alpha: Huffman Builder run in subthread
10-25 18:36:02.413 31059 31166 D libjpeg-alpha: Tile Decoder (#thread:4, size:256 256 256 363x400, alignment:256x16)
10-25 18:36:02.414 31059  2094 D libjpeg-alpha: Huffman Builder binding core: failed (Invalid argument)
10-25 18:36:02.414 31059  2098 D libjpeg-alpha: Tile Decoder binding core: failed (Invalid argument)
10-25 18:36:02.422 31059 31166 D skia    : SkJpegCodec::onGetPixels -
10-25 18:36:02.436 31059 31166 W SizeConfigStrategy:  [get] result is null or recycled.
10-25 18:36:02.438 31059 31166 V ListServiceUtils: checkInListByUid start module:custom-icc uid:10171  time 626671057227us
10-25 18:36:02.438  1463 29610 D MMListService: checkInListByUid end module:custom-icc uid:10171 time 626671057660
10-25 18:36:02.439 31059 31166 V ListServiceUtils: checkInListByUid end module:custom-icc uid:10171  time 626671058017us
10-25 18:36:02.439 31059 31166 D ListServiceUtils: checkInListByUid module:custom-icc uid:10171 cost 789us return 1
10-25 18:36:02.439 31059 31166 D JpegEncoderExtImpl: use ICC 4.0
10-25 18:36:02.439 31059 31166 D JpegEncoderExtImpl: OplusWriteICCProfile, write exif_data JPEG_APP2  offset:514
10-25 18:36:02.439  1463 29610 D MMListService: getListValueByUid module:image-processing, uid:10171
10-25 18:36:02.439 31059 31166 V ListServiceUtils: checkInListByUid module:image-processing uid:10171 cost 255us return (null)
10-25 18:36:02.439 31059 31166 V JpegEncoderExtImpl: Resolution: 288 x 407,support: 0;
10-25 18:36:02.446 31059 31166 W BitmapUtils:  [enlargeCropRect], recommendRect is null or empty, return calculateSquareCropRect!
10-25 18:36:02.446 31059 31166 W SizeConfigStrategy:  [get] result is null or recycled.
10-25 18:36:02.452 31059 31166 V ListServiceUtils: checkInListByUid start module:custom-icc uid:10171  time 626671071004us
10-25 18:36:02.452  1463 29610 D MMListService: checkInListByUid end module:custom-icc uid:10171 time 626671071410
10-25 18:36:02.452 31059 31166 V ListServiceUtils: checkInListByUid end module:custom-icc uid:10171  time 626671071578us
10-25 18:36:02.452 31059 31166 D ListServiceUtils: checkInListByUid module:custom-icc uid:10171 cost 574us return 1
10-25 18:36:02.452 31059 31166 D JpegEncoderExtImpl: use ICC 4.0
10-25 18:36:02.452 31059 31166 D JpegEncoderExtImpl: OplusWriteICCProfile, write exif_data JPEG_APP2  offset:514
10-25 18:36:02.452  1463 29610 D MMListService: getListValueByUid module:image-processing, uid:10171
10-25 18:36:02.453 31059 31166 V ListServiceUtils: checkInListByUid module:image-processing uid:10171 cost 184us return (null)
10-25 18:36:02.453 31059 31166 V JpegEncoderExtImpl: Resolution: 30 x 30,support: 0;
10-25 18:36:02.455 31059 31166 W ThumbnailCache:  [getBitmap] return null when get bitmap from all cache,type:MEMORY_AND_DISK key=LocalMediaCacheKey(path=/local/item/video/17006, dateModifiedInSec=1760694499, mimeType=video/mp4, cropParams=NoCrop), codecType:null
10-25 18:36:02.456 31059 31166 D TBLMetadataRetriever: setTargetImageFormat: 1
10-25 18:36:02.470  6364  6834 D MediaProvider: Open with FUSE. FilePath: /storage/emulated/0/DCIM/Camera/VID20251017114748.mp4. Uid: 10171. Media Capabilities Uid: 0. ShouldRedact: false. ShouldTranscode: false
10-25 18:36:02.474 31059 31166 I TBLVideoThumbnailDecoder:  setDataSource, fileDescriptor : java.io.FileDescriptor@f8c5c94
10-25 18:36:02.474 31059 31166 D TBLMetadataRetriever: setDataSource: fd = java.io.FileDescriptor@f8c5c94
10-25 18:36:02.628  3070  3461 I Athena  : CommonAction: 22,1543,120,1174,5120,78,455,0,949,1638,652,840,7.490645,22
10-25 18:36:02.731  3070  3461 I Athena  : CommonAction: 24,1547,140,1169,5120,78,455,0,944,1625,643,837,8.286129,22
10-25 18:36:02.742 31059 31166 E ffmpeg_jni: avformat_find_stream_info end
10-25 18:36:02.745 31059 31166 D TBLMetadataRetriever: getCoverPicture: option CLOSEST_SYNC,dstWidth 288,dstHeight 512
10-25 18:36:02.805 31059 31166 D TBLMetadataRetriever: rotateBitmap: rotation = 0, ori.getWidth = 288, ori.getHeight = 512
10-25 18:36:02.806 31059 31166 I TBLVideoThumbnailDecoder:  [close] retriever release
10-25 18:36:02.809 31059 31166 W SizeConfigStrategy:  [get] result is null or recycled.
10-25 18:36:02.811 31059 31166 V ListServiceUtils: checkInListByUid start module:custom-icc uid:10171  time 626671430557us
10-25 18:36:02.812  1463 29610 D MMListService: checkInListByUid end module:custom-icc uid:10171 time 626671431026
10-25 18:36:02.812 31059 31166 V ListServiceUtils: checkInListByUid end module:custom-icc uid:10171  time 626671431261us
10-25 18:36:02.812 31059 31166 D ListServiceUtils: checkInListByUid module:custom-icc uid:10171 cost 702us return 1
10-25 18:36:02.812 31059 31166 D JpegEncoderExtImpl: use ICC 4.0
10-25 18:36:02.812 31059 31166 D JpegEncoderExtImpl: OplusWriteICCProfile, write exif_data JPEG_APP2  offset:514
10-25 18:36:02.812  1463 29610 D MMListService: getListValueByUid module:image-processing, uid:10171
10-25 18:36:02.812 31059 31166 V ListServiceUtils: checkInListByUid module:image-processing uid:10171 cost 295us return (null)
10-25 18:36:02.812 31059 31166 V JpegEncoderExtImpl: Resolution: 288 x 512,support: 0;
10-25 18:36:02.819 31059 31166 W BitmapUtils:  [enlargeCropRect], recommendRect is null or empty, return calculateSquareCropRect!
10-25 18:36:02.831 31059 31166 V ListServiceUtils: checkInListByUid start module:custom-icc uid:10171  time 626671450787us
10-25 18:36:02.832  1463 29610 D MMListService: checkInListByUid end module:custom-icc uid:10171 time 626671451260
10-25 18:36:02.832 31059 31166 V ListServiceUtils: checkInListByUid end module:custom-icc uid:10171  time 626671451687us
10-25 18:36:02.832 31059 31166 D ListServiceUtils: checkInListByUid module:custom-icc uid:10171 cost 900us return 1
10-25 18:36:02.832 31059 31166 D JpegEncoderExtImpl: use ICC 4.0
10-25 18:36:02.832 31059 31166 D JpegEncoderExtImpl: OplusWriteICCProfile, write exif_data JPEG_APP2  offset:514
10-25 18:36:02.833  1463 29610 D MMListService: getListValueByUid module:image-processing, uid:10171
10-25 18:36:02.833 31059 31166 V ListServiceUtils: checkInListByUid module:image-processing uid:10171 cost 354us return (null)
10-25 18:36:02.833 31059 31166 V JpegEncoderExtImpl: Resolution: 30 x 30,support: 0;
10-25 18:36:02.836 31059 31166 W ThumbnailCache:  [getBitmap] return null when get bitmap from all cache,type:MEMORY_AND_DISK key=LocalMediaCacheKey(path=/local/item/image/17005, dateModifiedInSec=1760694466, mimeType=image/jpeg, cropParams=NoCrop), codecType:null
10-25 18:36:02.847  6364  6834 D MediaProvider: Open with FUSE. FilePath: /storage/emulated/0/DCIM/Camera/IMG20251017114744.jpg. Uid: 10171. Media Capabilities Uid: 0. ShouldRedact: false. ShouldTranscode: false
10-25 18:36:02.856 31059 31166 W SizeConfigStrategy:  [get] result is null or recycled.
10-25 18:36:02.867 31059 31166 D skia    : stream getLength() supported, buffer addr 0x7bedaf1000 length 2638592
10-25 18:36:02.872 31059 31166 D skia    : LoadInputStreamToMem va 0x7bedaf1000  size 2638592
10-25 18:36:02.875 31059 31166 D libjpeg-alpha: Huffman Builder run in subthread
10-25 18:36:02.876 31059 31166 D libjpeg-alpha: Tile Decoder (#thread:4, size:768 768 768 696x752, alignment:256x16)
10-25 18:36:02.877 31059  2099 D libjpeg-alpha: Huffman Builder binding core: failed (Invalid argument)
10-25 18:36:02.878 31059  2103 D libjpeg-alpha: Tile Decoder binding core: failed (Invalid argument)
10-25 18:36:02.927 31059 31166 W SizeConfigStrategy:  [get] result is null or recycled.
10-25 18:36:02.936 31059 31166 V ListServiceUtils: checkInListByUid start module:custom-icc uid:10171  time 626671554897us
10-25 18:36:02.936  1463 29610 D MMListService: checkInListByUid end module:custom-icc uid:10171 time 626671555394
10-25 18:36:02.936 31059 31166 V ListServiceUtils: checkInListByUid end module:custom-icc uid:10171  time 626671555789us
10-25 18:36:02.936 31059 31166 D ListServiceUtils: checkInListByUid module:custom-icc uid:10171 cost 892us return 1
10-25 18:36:02.936 31059 31166 D JpegEncoderExtImpl: use ICC 4.0
10-25 18:36:02.937 31059 31166 D JpegEncoderExtImpl: OplusWriteICCProfile, write exif_data JPEG_APP2  offset:514
10-25 18:36:02.937  1463 29610 D MMListService: getListValueByUid module:image-processing, uid:10171
10-25 18:36:02.937 31059 31166 V ListServiceUtils: checkInListByUid module:image-processing uid:10171 cost 427us return (null)
10-25 18:36:02.937 31059 31166 V JpegEncoderExtImpl: Resolution: 288 x 288,support: 0;
10-25 18:36:02.945 31059 31166 V ListServiceUtils: checkInListByUid start module:custom-icc uid:10171  time 626671564263us
10-25 18:36:02.945  1463 29610 D MMListService: checkInListByUid end module:custom-icc uid:10171 time 626671564786
10-25 18:36:02.946 31059 31166 V ListServiceUtils: checkInListByUid end module:custom-icc uid:10171  time 626671565121us
10-25 18:36:02.946 31059 31166 D ListServiceUtils: checkInListByUid module:custom-icc uid:10171 cost 857us return 1
10-25 18:36:02.946 31059 31166 D JpegEncoderExtImpl: use ICC 4.0
10-25 18:36:02.946 31059 31166 D JpegEncoderExtImpl: OplusWriteICCProfile, write exif_data JPEG_APP2  offset:514
10-25 18:36:02.946  1463 29610 D MMListService: getListValueByUid module:image-processing, uid:10171
10-25 18:36:02.946 31059 31166 V ListServiceUtils: checkInListByUid module:image-processing uid:10171 cost 121us return (null)
10-25 18:36:02.946 31059 31166 V JpegEncoderExtImpl: Resolution: 30 x 30,support: 0;
10-25 18:36:02.948 31059 31166 W ThumbnailCache:  [getBitmap] return null when get bitmap from all cache,type:MEMORY_AND_DISK key=LocalMediaCacheKey(path=/local/item/image/17004, dateModifiedInSec=1760692735, mimeType=image/jpeg, cropParams=NoCrop), codecType:null
10-25 18:36:02.961  6364  6834 D MediaProvider: Open with FUSE. FilePath: /storage/emulated/0/Android/media/com.whatsapp/WhatsApp/Media/WhatsApp Images/IMG-20251017-WA0015.jpg. Uid: 10171. Media Capabilities Uid: 0. ShouldRedact: false. ShouldTranscode: false
10-25 18:36:02.970 31059 31166 D skia    : SkJpegCodec::onGetPixels +
10-25 18:36:02.972 31059 31166 D skia    : stream getLength() supported, buffer addr 0x7d12cea000 length 159360
10-25 18:36:02.972 31059 31166 D skia    : LoadInputStreamToMem va 0x7d12cea000  size 159360
10-25 18:36:02.973 31059 31166 D libjpeg-alpha: Huffman Builder run in subthread
10-25 18:36:02.975 31059  2104 D libjpeg-alpha: Huffman Builder binding core: failed (Invalid argument)
10-25 18:36:02.976 31059  2104 D libjpeg-alpha: Corrupt JPEG data: 14184 extraneous bytes before marker 0xc4
10-25 18:36:02.982 31059 31166 D libjpeg-alpha: Tile Decoder (#thread:4, size:256 256 256 131x400, alignment:256x16)
10-25 18:36:02.983 31059  2105 D libjpeg-alpha: Tile Decoder binding core: failed (Invalid argument)
10-25 18:36:02.983 31059  2105 D libjpeg-alpha: Inconsistent progression sequence for component 0 coefficient 0
10-25 18:36:02.984 31059  2108 D libjpeg-alpha: Inconsistent progression sequence for component 0 coefficient 0
10-25 18:36:02.984 31059  2106 D libjpeg-alpha: Inconsistent progression sequence for component 0 coefficient 0
10-25 18:36:02.984 31059  2107 D libjpeg-alpha: Inconsistent progression sequence for component 0 coefficient 0
10-25 18:36:02.987 31059  2108 D libjpeg-alpha: Inconsistent progression sequence for component 0 coefficient 0
10-25 18:36:02.987 31059  2105 D libjpeg-alpha: Inconsistent progression sequence for component 0 coefficient 0
10-25 18:36:02.987 31059  2106 D libjpeg-alpha: Inconsistent progression sequence for component 0 coefficient 0
10-25 18:36:02.988 31059  2107 D libjpeg-alpha: Inconsistent progression sequence for component 0 coefficient 0
10-25 18:36:02.993 31059  2106 D libjpeg-alpha: Inconsistent progression sequence for component 0 coefficient 0
10-25 18:36:02.993 31059  2105 D libjpeg-alpha: Inconsistent progression sequence for component 0 coefficient 0
10-25 18:36:02.994 31059  2107 D libjpeg-alpha: Inconsistent progression sequence for component 0 coefficient 0
10-25 18:36:02.994 31059  2108 D libjpeg-alpha: Inconsistent progression sequence for component 0 coefficient 0
10-25 18:36:03.001 31059  2106 D libjpeg-alpha: Inconsistent progression sequence for component 0 coefficient 0
10-25 18:36:03.002 31059  2108 D libjpeg-alpha: Inconsistent progression sequence for component 0 coefficient 0
10-25 18:36:03.002 31059  2105 D libjpeg-alpha: Inconsistent progression sequence for component 0 coefficient 0
10-25 18:36:03.002 31059  2107 D libjpeg-alpha: Inconsistent progression sequence for component 0 coefficient 0
10-25 18:36:03.010 31059 31166 D skia    : SkJpegCodec::onGetPixels -
10-25 18:36:03.013 31059 31166 W SizeConfigStrategy:  [get] result is null or recycled.
10-25 18:36:03.024 31059 31166 W SizeConfigStrategy:  [get] result is null or recycled.
10-25 18:36:03.026 31059 31166 V ListServiceUtils: checkInListByUid start module:custom-icc uid:10171  time 626671645809us
10-25 18:36:03.027  1463 29610 D MMListService: checkInListByUid end module:custom-icc uid:10171 time 626671646279
10-25 18:36:03.027 31059 31166 V ListServiceUtils: checkInListByUid end module:custom-icc uid:10171  time 626671646596us
10-25 18:36:03.027 31059 31166 D ListServiceUtils: checkInListByUid module:custom-icc uid:10171 cost 786us return 1
10-25 18:36:03.027 31059 31166 D JpegEncoderExtImpl: use ICC 4.0
10-25 18:36:03.027 31059 31166 D JpegEncoderExtImpl: OplusWriteICCProfile, write exif_data JPEG_APP2  offset:514
10-25 18:36:03.027  1463 29610 D MMListService: getListValueByUid module:image-processing, uid:10171
10-25 18:36:03.028 31059 31166 V ListServiceUtils: checkInListByUid module:image-processing uid:10171 cost 216us return (null)
10-25 18:36:03.028 31059 31166 V JpegEncoderExtImpl: Resolution: 288 x 512,support: 0;
10-25 18:36:03.035 31059 31166 W BitmapUtils:  [enlargeCropRect], recommendRect is null or empty, return calculateSquareCropRect!
10-25 18:36:03.035 31059 31166 W SizeConfigStrategy:  [get] result is null or recycled.
10-25 18:36:03.041 31059 31166 V ListServiceUtils: checkInListByUid start module:custom-icc uid:10171  time 626671660403us
10-25 18:36:03.041  1463 29610 D MMListService: checkInListByUid end module:custom-icc uid:10171 time 626671660847
10-25 18:36:03.042 31059 31166 V ListServiceUtils: checkInListByUid end module:custom-icc uid:10171  time 626671661201us
10-25 18:36:03.042 31059 31166 D ListServiceUtils: checkInListByUid module:custom-icc uid:10171 cost 797us return 1
10-25 18:36:03.042 31059 31166 D JpegEncoderExtImpl: use ICC 4.0
10-25 18:36:03.042 31059 31166 D JpegEncoderExtImpl: OplusWriteICCProfile, write exif_data JPEG_APP2  offset:514
10-25 18:36:03.042  1096  3816 D [BT]    : mtk_bt_op: BT_VND_OP_LPM_WAKE_SET_STATE
10-25 18:36:03.042  1463 29610 D MMListService: getListValueByUid module:image-processing, uid:10171
10-25 18:36:03.042 31059 31166 V ListServiceUtils: checkInListByUid module:image-processing uid:10171 cost 241us return (null)
10-25 18:36:03.042 31059 31166 V JpegEncoderExtImpl: Resolution: 30 x 30,support: 0;
10-25 18:36:03.044 31059 31166 W ThumbnailCache:  [getBitmap] return null when get bitmap from all cache,type:MEMORY_AND_DISK key=LocalMediaCacheKey(path=/local/item/image/17003, dateModifiedInSec=1760692366, mimeType=image/jpeg, cropParams=NoCrop), codecType:null
10-25 18:36:03.055  6364  6834 D MediaProvider: Open with FUSE. FilePath: /storage/emulated/0/DCIM/Camera/IMG20251017111245.jpg. Uid: 10171. Media Capabilities Uid: 0. ShouldRedact: false. ShouldTranscode: false
10-25 18:36:03.072 31059 31166 D skia    : stream getLength() supported, buffer addr 0x7bedb70000 length 2121728
10-25 18:36:03.075 31059 31166 D skia    : LoadInputStreamToMem va 0x7bedb70000  size 2121728
10-25 18:36:03.076 31059 31166 D libjpeg-alpha: Huffman Builder run in subthread
10-25 18:36:03.077 31059 31166 D libjpeg-alpha: Tile Decoder (#thread:4, size:768 768 768 696x752, alignment:256x16)
10-25 18:36:03.077 31059  2109 D libjpeg-alpha: Huffman Builder binding core: failed (Invalid argument)
10-25 18:36:03.078 31059  2112 D libjpeg-alpha: Tile Decoder binding core: failed (Invalid argument)
10-25 18:36:03.097  1220  1235 D ccci_mdinit: (1):monitor_time_update_thread round:41507 ########
10-25 18:36:03.117 31059 31166 W SizeConfigStrategy:  [get] result is null or recycled.
10-25 18:36:03.124 31059 31166 V ListServiceUtils: checkInListByUid start module:custom-icc uid:10171  time 626671743544us
10-25 18:36:03.125  1463 29610 D MMListService: checkInListByUid end module:custom-icc uid:10171 time 626671743974
10-25 18:36:03.125 31059 31166 V ListServiceUtils: checkInListByUid end module:custom-icc uid:10171  time 626671744262us
10-25 18:36:03.125 31059 31166 D ListServiceUtils: checkInListByUid module:custom-icc uid:10171 cost 717us return 1
10-25 18:36:03.125 31059 31166 D JpegEncoderExtImpl: use ICC 4.0
10-25 18:36:03.125 31059 31166 D JpegEncoderExtImpl: OplusWriteICCProfile, write exif_data JPEG_APP2  offset:514
10-25 18:36:03.125  1463 29610 D MMListService: getListValueByUid module:image-processing, uid:10171
10-25 18:36:03.125 31059 31166 V ListServiceUtils: checkInListByUid module:image-processing uid:10171 cost 229us return (null)
10-25 18:36:03.125 31059 31166 V JpegEncoderExtImpl: Resolution: 288 x 288,support: 0;
10-25 18:36:03.132 31059 31166 V ListServiceUtils: checkInListByUid start module:custom-icc uid:10171  time 626671750941us
10-25 18:36:03.132  1463 29610 D MMListService: checkInListByUid end module:custom-icc uid:10171 time 626671751340
10-25 18:36:03.132 31059 31166 V ListServiceUtils: checkInListByUid end module:custom-icc uid:10171  time 626671751651us
10-25 18:36:03.132 31059 31166 D ListServiceUtils: checkInListByUid module:custom-icc uid:10171 cost 709us return 1
10-25 18:36:03.132 31059 31166 D JpegEncoderExtImpl: use ICC 4.0
10-25 18:36:03.132 31059 31166 D JpegEncoderExtImpl: OplusWriteICCProfile, write exif_data JPEG_APP2  offset:514
10-25 18:36:03.132  1463 29610 D MMListService: getListValueByUid module:image-processing, uid:10171
10-25 18:36:03.133 31059 31166 V ListServiceUtils: checkInListByUid module:image-processing uid:10171 cost 203us return (null)
10-25 18:36:03.133 31059 31166 V JpegEncoderExtImpl: Resolution: 30 x 30,support: 0;
10-25 18:36:03.135 31059 31166 W ThumbnailCache:  [getBitmap] return null when get bitmap from all cache,type:MEMORY_AND_DISK key=LocalMediaCacheKey(path=/local/item/image/17002, dateModifiedInSec=1760692357, mimeType=image/jpeg, cropParams=NoCrop), codecType:null
10-25 18:36:03.145  6364  6834 D MediaProvider: Open with FUSE. FilePath: /storage/emulated/0/DCIM/Camera/IMG20251017111234.jpg. Uid: 10171. Media Capabilities Uid: 0. ShouldRedact: false. ShouldTranscode: false
10-25 18:36:03.155 31059 31166 W SizeConfigStrategy:  [get] result is null or recycled.
10-25 18:36:03.163 31059 31166 D skia    : stream getLength() supported, buffer addr 0x7bedb66000 length 2161024
10-25 18:36:03.165 31059 31166 D skia    : LoadInputStreamToMem va 0x7bedb66000  size 2161024
10-25 18:36:03.166 31059 31166 D libjpeg-alpha: Huffman Builder run in subthread
10-25 18:36:03.168 31059 31166 D libjpeg-alpha: Tile Decoder (#thread:4, size:768 768 768 696x752, alignment:256x16)
10-25 18:36:03.168 31059  2114 D libjpeg-alpha: Huffman Builder binding core: failed (Invalid argument)
10-25 18:36:03.169 31059  2115 D libjpeg-alpha: Tile Decoder binding core: failed (Invalid argument)
10-25 18:36:03.207 31059 31166 W SizeConfigStrategy:  [get] result is null or recycled.
10-25 18:36:03.210  1479  1593 D ULogGuard: Monitoring: 16 threads, 0 requests, 0 time-bombs; 30 guards. ResetFlags = 0x7
10-25 18:36:03.216 31059 31166 V ListServiceUtils: checkInListByUid start module:custom-icc uid:10171  time 626671835341us
10-25 18:36:03.216  1463 29610 D MMListService: checkInListByUid end module:custom-icc uid:10171 time 626671835795
10-25 18:36:03.217 31059 31166 V ListServiceUtils: checkInListByUid end module:custom-icc uid:10171  time 626671836238us
10-25 18:36:03.217 31059 31166 D ListServiceUtils: checkInListByUid module:custom-icc uid:10171 cost 896us return 1
10-25 18:36:03.217 31059 31166 D JpegEncoderExtImpl: use ICC 4.0
10-25 18:36:03.217 31059 31166 D JpegEncoderExtImpl: OplusWriteICCProfile, write exif_data JPEG_APP2  offset:514
10-25 18:36:03.217  1463 29610 D MMListService: getListValueByUid module:image-processing, uid:10171
10-25 18:36:03.217 31059 31166 V ListServiceUtils: checkInListByUid module:image-processing uid:10171 cost 240us return (null)
10-25 18:36:03.217 31059 31166 V JpegEncoderExtImpl: Resolution: 288 x 288,support: 0;
10-25 18:36:03.224 31059 31166 V ListServiceUtils: checkInListByUid start module:custom-icc uid:10171  time 626671842868us
10-25 18:36:03.224  1463 29610 D MMListService: checkInListByUid end module:custom-icc uid:10171 time 626671843304
10-25 18:36:03.224 31059 31166 V ListServiceUtils: checkInListByUid end module:custom-icc uid:10171  time 626671843452us
10-25 18:36:03.224 31059 31166 D ListServiceUtils: checkInListByUid module:custom-icc uid:10171 cost 583us return 1
10-25 18:36:03.224 31059 31166 D JpegEncoderExtImpl: use ICC 4.0
10-25 18:36:03.224 31059 31166 D JpegEncoderExtImpl: OplusWriteICCProfile, write exif_data JPEG_APP2  offset:514
10-25 18:36:03.224  1463 29610 D MMListService: getListValueByUid module:image-processing, uid:10171
10-25 18:36:03.224 31059 31166 V ListServiceUtils: checkInListByUid module:image-processing uid:10171 cost 115us return (null)
10-25 18:36:03.224 31059 31166 V JpegEncoderExtImpl: Resolution: 30 x 30,support: 0;
10-25 18:36:03.226 31059 31166 W ThumbnailCache:  [getBitmap] return null when get bitmap from all cache,type:MEMORY_AND_DISK key=LocalMediaCacheKey(path=/local/item/image/17001, dateModifiedInSec=1760692347, mimeType=image/jpeg, cropParams=NoCrop), codecType:null
10-25 18:36:03.238  6364  6834 D MediaProvider: Open with FUSE. FilePath: /storage/emulated/0/DCIM/Camera/IMG20251017111226.jpg. Uid: 10171. Media Capabilities Uid: 0. ShouldRedact: false. ShouldTranscode: false
10-25 18:36:03.246 31059 31166 W SizeConfigStrategy:  [get] result is null or recycled.
10-25 18:36:03.261 31059 31166 D skia    : stream getLength() supported, buffer addr 0x7bedadf000 length 2711808
10-25 18:36:03.264 31059 31166 D skia    : LoadInputStreamToMem va 0x7bedadf000  size 2711808
10-25 18:36:03.265 31059 31166 D libjpeg-alpha: Huffman Builder run in subthread
10-25 18:36:03.266 31059  2119 D libjpeg-alpha: Huffman Builder binding core: failed (Invalid argument)
10-25 18:36:03.273 31059 31166 D libjpeg-alpha: Tile Decoder (#thread:4, size:768 768 768 696x752, alignment:256x16)
10-25 18:36:03.275 31059  2122 D libjpeg-alpha: Tile Decoder binding core: failed (Invalid argument)
10-25 18:36:03.316 31059 31166 W SizeConfigStrategy:  [get] result is null or recycled.
10-25 18:36:03.329 31059 31166 V ListServiceUtils: checkInListByUid start module:custom-icc uid:10171  time 626671948517us
10-25 18:36:03.330  1463 29610 D MMListService: checkInListByUid end module:custom-icc uid:10171 time 626671949059
10-25 18:36:03.330 31059 31166 V ListServiceUtils: checkInListByUid end module:custom-icc uid:10171  time 626671949549us
10-25 18:36:03.330 31059 31166 D ListServiceUtils: checkInListByUid module:custom-icc uid:10171 cost 1031us return 1
10-25 18:36:03.330 31059 31166 E ListServiceUtils: checkInListByUid module:custom-icc uid:10171 cost 1031us return 1
10-25 18:36:03.330 31059 31166 D JpegEncoderExtImpl: use ICC 4.0
10-25 18:36:03.330 31059 31166 D JpegEncoderExtImpl: OplusWriteICCProfile, write exif_data JPEG_APP2  offset:514
10-25 18:36:03.330  1463 29610 D MMListService: getListValueByUid module:image-processing, uid:10171
10-25 18:36:03.331 31059 31166 V ListServiceUtils: checkInListByUid module:image-processing uid:10171 cost 270us return (null)
10-25 18:36:03.331 31059 31166 V JpegEncoderExtImpl: Resolution: 288 x 288,support: 0;
10-25 18:36:03.340 31059 31166 V ListServiceUtils: checkInListByUid start module:custom-icc uid:10171  time 626671959413us
10-25 18:36:03.341  1463 29610 D MMListService: checkInListByUid end module:custom-icc uid:10171 time 626671959882
10-25 18:36:03.341 31059 31166 V ListServiceUtils: checkInListByUid end module:custom-icc uid:10171  time 626671960341us
10-25 18:36:03.341 31059 31166 D ListServiceUtils: checkInListByUid module:custom-icc uid:10171 cost 928us return 1
10-25 18:36:03.341 31059 31166 D JpegEncoderExtImpl: use ICC 4.0
10-25 18:36:03.341 31059 31166 D JpegEncoderExtImpl: OplusWriteICCProfile, write exif_data JPEG_APP2  offset:514
10-25 18:36:03.341  1463 29610 D MMListService: getListValueByUid module:image-processing, uid:10171
10-25 18:36:03.342 31059 31166 V ListServiceUtils: checkInListByUid module:image-processing uid:10171 cost 336us return (null)
10-25 18:36:03.342 31059 31166 V JpegEncoderExtImpl: Resolution: 30 x 30,support: 0;
10-25 18:36:03.344 31059 31166 W ThumbnailCache:  [getBitmap] return null when get bitmap from all cache,type:MEMORY_AND_DISK key=LocalMediaCacheKey(path=/local/item/image/17000, dateModifiedInSec=1760691880, mimeType=image/jpeg, cropParams=NoCrop), codecType:null
10-25 18:36:03.355  6364  6834 D MediaProvider: Open with FUSE. FilePath: /storage/emulated/0/DCIM/Camera/IMG20251017110437.jpg. Uid: 10171. Media Capabilities Uid: 0. ShouldRedact: false. ShouldTranscode: false
10-25 18:36:03.363 31059 31166 W SizeConfigStrategy:  [get] result is null or recycled.
10-25 18:36:03.374 31059 31166 D skia    : stream getLength() supported, buffer addr 0x7bedb41000 length 2313728
10-25 18:36:03.376 31059 31166 D skia    : LoadInputStreamToMem va 0x7bedb41000  size 2313728
10-25 18:36:03.377 31059 31166 D libjpeg-alpha: Huffman Builder run in subthread
10-25 18:36:03.378 31059 31166 D libjpeg-alpha: Tile Decoder (#thread:4, size:768 768 768 696x752, alignment:256x16)
10-25 18:36:03.379 31059  2124 D libjpeg-alpha: Huffman Builder binding core: failed (Invalid argument)
10-25 18:36:03.379 31059  2125 D libjpeg-alpha: Tile Decoder binding core: failed (Invalid argument)
10-25 18:36:03.421 31059 31166 W SizeConfigStrategy:  [get] result is null or recycled.
10-25 18:36:03.433 31059 31166 V ListServiceUtils: checkInListByUid start module:custom-icc uid:10171  time 626672052437us
10-25 18:36:03.434  1463 29610 D MMListService: checkInListByUid end module:custom-icc uid:10171 time 626672052958
10-25 18:36:03.434 31059 31166 V ListServiceUtils: checkInListByUid end module:custom-icc uid:10171  time 626672053425us
10-25 18:36:03.434 31059 31166 D ListServiceUtils: checkInListByUid module:custom-icc uid:10171 cost 987us return 1
10-25 18:36:03.434 31059 31166 D JpegEncoderExtImpl: use ICC 4.0
10-25 18:36:03.434 31059 31166 D JpegEncoderExtImpl: OplusWriteICCProfile, write exif_data JPEG_APP2  offset:514
10-25 18:36:03.434  1463 29610 D MMListService: getListValueByUid module:image-processing, uid:10171
10-25 18:36:03.434 31059 31166 V ListServiceUtils: checkInListByUid module:image-processing uid:10171 cost 258us return (null)
10-25 18:36:03.435 31059 31166 V JpegEncoderExtImpl: Resolution: 288 x 288,support: 0;
10-25 18:36:03.442 31059 31166 V ListServiceUtils: checkInListByUid start module:custom-icc uid:10171  time 626672061401us
10-25 18:36:03.442  1463 29610 D MMListService: checkInListByUid end module:custom-icc uid:10171 time 626672061849
10-25 18:36:03.443 31059 31166 V ListServiceUtils: checkInListByUid end module:custom-icc uid:10171  time 626672062225us
10-25 18:36:03.443 31059 31166 D ListServiceUtils: checkInListByUid module:custom-icc uid:10171 cost 824us return 1
10-25 18:36:03.443 31059 31166 D JpegEncoderExtImpl: use ICC 4.0
10-25 18:36:03.443 31059 31166 D JpegEncoderExtImpl: OplusWriteICCProfile, write exif_data JPEG_APP2  offset:514
10-25 18:36:03.443  1463 29610 D MMListService: getListValueByUid module:image-processing, uid:10171
10-25 18:36:03.443 31059 31166 V ListServiceUtils: checkInListByUid module:image-processing uid:10171 cost 279us return (null)
10-25 18:36:03.443 31059 31166 V JpegEncoderExtImpl: Resolution: 30 x 30,support: 0;
10-25 18:36:03.446 31059 31166 W ThumbnailCache:  [getBitmap] return null when get bitmap from all cache,type:MEMORY_AND_DISK key=LocalMediaCacheKey(path=/local/item/video/16999, dateModifiedInSec=1760691030, mimeType=video/mp4, cropParams=NoCrop), codecType:null
10-25 18:36:03.447 31059 31166 D TBLMetadataRetriever: setTargetImageFormat: 1
10-25 18:36:03.461  6364  6834 D MediaProvider: Open with FUSE. FilePath: /storage/emulated/0/DCIM/Camera/VID20251017105003.mp4. Uid: 10171. Media Capabilities Uid: 0. ShouldRedact: false. ShouldTranscode: false
10-25 18:36:03.465 31059 31166 I TBLVideoThumbnailDecoder:  setDataSource, fileDescriptor : java.io.FileDescriptor@fab29d5
10-25 18:36:03.465 31059 31166 D TBLMetadataRetriever: setDataSource: fd = java.io.FileDescriptor@fab29d5
10-25 18:36:03.702 31059 31166 E ffmpeg_jni: avformat_find_stream_info end
10-25 18:36:03.705 31059 31166 D TBLMetadataRetriever: getCoverPicture: option CLOSEST_SYNC,dstWidth 288,dstHeight 512
10-25 18:36:03.732  3070  3461 I Athena  : CommonAction: 0,1546,122,1169,5120,78,455,0,944,1641,643,852
10-25 18:36:03.753 31059 31166 D TBLMetadataRetriever: rotateBitmap: rotation = 0, ori.getWidth = 288, ori.getHeight = 512
10-25 18:36:03.753 31059 31166 I TBLVideoThumbnailDecoder:  [close] retriever release
10-25 18:36:03.756 31059 31166 W SizeConfigStrategy:  [get] result is null or recycled.
10-25 18:36:03.758 31059 31166 V ListServiceUtils: checkInListByUid start module:custom-icc uid:10171  time 626672377144us
10-25 18:36:03.758  1463 29610 D MMListService: checkInListByUid end module:custom-icc uid:10171 time 626672377577
10-25 18:36:03.758 31059 31166 V ListServiceUtils: checkInListByUid end module:custom-icc uid:10171  time 626672377853us
10-25 18:36:03.759 31059 31166 D ListServiceUtils: checkInListByUid module:custom-icc uid:10171 cost 708us return 1
10-25 18:36:03.759 31059 31166 D JpegEncoderExtImpl: use ICC 4.0
10-25 18:36:03.759 31059 31166 D JpegEncoderExtImpl: OplusWriteICCProfile, write exif_data JPEG_APP2  offset:514
10-25 18:36:03.759  1463 29610 D MMListService: getListValueByUid module:image-processing, uid:10171
10-25 18:36:03.759 31059 31166 V ListServiceUtils: checkInListByUid module:image-processing uid:10171 cost 405us return (null)
10-25 18:36:03.759 31059 31166 V JpegEncoderExtImpl: Resolution: 288 x 512,support: 0;
10-25 18:36:03.766 31059 31166 W BitmapUtils:  [enlargeCropRect], recommendRect is null or empty, return calculateSquareCropRect!
10-25 18:36:03.767 31059 31166 W SizeConfigStrategy:  [get] result is null or recycled.
10-25 18:36:03.780 31059 31166 V ListServiceUtils: checkInListByUid start module:custom-icc uid:10171  time 626672398969us
10-25 18:36:03.780  1463 29610 D MMListService: checkInListByUid end module:custom-icc uid:10171 time 626672399510
10-25 18:36:03.781 31059 31166 V ListServiceUtils: checkInListByUid end module:custom-icc uid:10171  time 626672399989us
10-25 18:36:03.781 31059 31166 D ListServiceUtils: checkInListByUid module:custom-icc uid:10171 cost 1019us return 1
10-25 18:36:03.781 31059 31166 E ListServiceUtils: checkInListByUid module:custom-icc uid:10171 cost 1019us return 1
10-25 18:36:03.781 31059 31166 D JpegEncoderExtImpl: use ICC 4.0
10-25 18:36:03.781 31059 31166 D JpegEncoderExtImpl: OplusWriteICCProfile, write exif_data JPEG_APP2  offset:514
10-25 18:36:03.781  1463 29610 D MMListService: getListValueByUid module:image-processing, uid:10171
10-25 18:36:03.781 31059 31166 V ListServiceUtils: checkInListByUid module:image-processing uid:10171 cost 302us return (null)
10-25 18:36:03.781 31059 31166 V JpegEncoderExtImpl: Resolution: 30 x 30,support: 0;
10-25 18:36:03.785 31059 31166 W ThumbnailCache:  [getBitmap] return null when get bitmap from all cache,type:MEMORY_AND_DISK key=LocalMediaCacheKey(path=/local/item/image/16998, dateModifiedInSec=1760690959, mimeType=image/jpeg, cropParams=NoCrop), codecType:null
10-25 18:36:03.795  6364  6834 D MediaProvider: Open with FUSE. FilePath: /storage/emulated/0/DCIM/Camera/IMG20251017104918.jpg. Uid: 10171. Media Capabilities Uid: 0. ShouldRedact: false. ShouldTranscode: false
10-25 18:36:03.804 31059 31166 W SizeConfigStrategy:  [get] result is null or recycled.
10-25 18:36:03.820 31059 31166 D skia    : stream getLength() supported, buffer addr 0x7bedb2f000 length 2384256
10-25 18:36:03.824 31059 31166 D skia    : LoadInputStreamToMem va 0x7bedb2f000  size 2384256
10-25 18:36:03.826 31059 31166 D libjpeg-alpha: Huffman Builder run in subthread
10-25 18:36:03.834 31059 31166 D libjpeg-alpha: Tile Decoder (#thread:4, size:768 768 768 696x752, alignment:256x16)
10-25 18:36:03.835 31059  2135 D libjpeg-alpha: Huffman Builder binding core: failed (Invalid argument)
10-25 18:36:03.836 31059  2136 D libjpeg-alpha: Tile Decoder binding core: failed (Invalid argument)
10-25 18:36:03.880 31059 31166 W SizeConfigStrategy:  [get] result is null or recycled.
10-25 18:36:03.888 31059 31166 V ListServiceUtils: checkInListByUid start module:custom-icc uid:10171  time 626672507506us
10-25 18:36:03.889  1463 29610 D MMListService: checkInListByUid end module:custom-icc uid:10171 time 626672508202
10-25 18:36:03.889 31059 31166 V ListServiceUtils: checkInListByUid end module:custom-icc uid:10171  time 626672508374us
10-25 18:36:03.889 31059 31166 D ListServiceUtils: checkInListByUid module:custom-icc uid:10171 cost 867us return 1
10-25 18:36:03.889 31059 31166 D JpegEncoderExtImpl: use ICC 4.0
10-25 18:36:03.889 31059 31166 D JpegEncoderExtImpl: OplusWriteICCProfile, write exif_data JPEG_APP2  offset:514
10-25 18:36:03.889  1463 29610 D MMListService: getListValueByUid module:image-processing, uid:10171
10-25 18:36:03.889 31059 31166 V ListServiceUtils: checkInListByUid module:image-processing uid:10171 cost 120us return (null)
10-25 18:36:03.889 31059 31166 V JpegEncoderExtImpl: Resolution: 288 x 288,support: 0;
10-25 18:36:03.897 31059 31166 W SizeConfigStrategy:  [get] result is null or recycled.
10-25 18:36:03.900 31059 31166 V ListServiceUtils: checkInListByUid start module:custom-icc uid:10171  time 626672519250us
10-25 18:36:03.900  1463 29610 D MMListService: checkInListByUid end module:custom-icc uid:10171 time 626672519693
10-25 18:36:03.901 31059 31166 V ListServiceUtils: checkInListByUid end module:custom-icc uid:10171  time 626672520093us
10-25 18:36:03.901 31059 31166 D ListServiceUtils: checkInListByUid module:custom-icc uid:10171 cost 843us return 1
10-25 18:36:03.901 31059 31166 D JpegEncoderExtImpl: use ICC 4.0
10-25 18:36:03.901 31059 31166 D JpegEncoderExtImpl: OplusWriteICCProfile, write exif_data JPEG_APP2  offset:514
10-25 18:36:03.901  1463 29610 D MMListService: getListValueByUid module:image-processing, uid:10171
10-25 18:36:03.901 31059 31166 V ListServiceUtils: checkInListByUid module:image-processing uid:10171 cost 227us return (null)
10-25 18:36:03.901 31059 31166 V JpegEncoderExtImpl: Resolution: 30 x 30,support: 0;
10-25 18:36:03.904 31059 31166 W ThumbnailCache:  [getBitmap] return null when get bitmap from all cache,type:MEMORY_AND_DISK key=LocalMediaCacheKey(path=/local/item/image/16997, dateModifiedInSec=1760690952, mimeType=image/jpeg, cropParams=NoCrop), codecType:null
10-25 18:36:03.915  6364  6834 D MediaProvider: Open with FUSE. FilePath: /storage/emulated/0/DCIM/Camera/IMG20251017104910.jpg. Uid: 10171. Media Capabilities Uid: 0. ShouldRedact: false. ShouldTranscode: false
10-25 18:36:03.921 31059 31166 W SizeConfigStrategy:  [get] result is null or recycled.
10-25 18:36:03.931 31059 31166 D skia    : stream getLength() supported, buffer addr 0x7bedb04000 length 2560640
10-25 18:36:03.935 31059 31166 D skia    : LoadInputStreamToMem va 0x7bedb04000  size 2560640
10-25 18:36:03.935  3070  3461 I Athena  : CommonAction: 22,1556,131,1169,5120,78,457,0,929,1646,643,856,12.603548,22
10-25 18:36:03.936 31059 31166 D libjpeg-alpha: Huffman Builder run in subthread
10-25 18:36:03.937 31059  2140 D libjpeg-alpha: Huffman Builder binding core: failed (Invalid argument)
10-25 18:36:03.944 31059 31166 D libjpeg-alpha: Tile Decoder (#thread:4, size:768 768 768 696x752, alignment:256x16)
10-25 18:36:03.946 31059  2141 D libjpeg-alpha: Tile Decoder binding core: failed (Invalid argument)
10-25 18:36:03.991 31059 31166 V ListServiceUtils: checkInListByUid start module:custom-icc uid:10171  time 626672609872us
10-25 18:36:03.991  1463 29610 D MMListService: checkInListByUid end module:custom-icc uid:10171 time 626672610438
10-25 18:36:03.991 31059 31166 V ListServiceUtils: checkInListByUid end module:custom-icc uid:10171  time 626672610823us
10-25 18:36:03.991 31059 31166 D ListServiceUtils: checkInListByUid module:custom-icc uid:10171 cost 950us return 1
10-25 18:36:03.992 31059 31166 D JpegEncoderExtImpl: use ICC 4.0
10-25 18:36:03.992 31059 31166 D JpegEncoderExtImpl: OplusWriteICCProfile, write exif_data JPEG_APP2  offset:514
10-25 18:36:03.992  1463 29610 D MMListService: getListValueByUid module:image-processing, uid:10171
10-25 18:36:03.992 31059 31166 V ListServiceUtils: checkInListByUid module:image-processing uid:10171 cost 265us return (null)
10-25 18:36:03.992 31059 31166 V JpegEncoderExtImpl: Resolution: 288 x 288,support: 0;
10-25 18:36:03.998 31059 31166 W SizeConfigStrategy:  [get] result is null or recycled.
10-25 18:36:04.001 31059 31166 V ListServiceUtils: checkInListByUid start module:custom-icc uid:10171  time 626672620587us
10-25 18:36:04.002  1463 29610 D MMListService: checkInListByUid end module:custom-icc uid:10171 time 626672621030
10-25 18:36:04.002 31059 31166 V ListServiceUtils: checkInListByUid end module:custom-icc uid:10171  time 626672621381us
10-25 18:36:04.002 31059 31166 D ListServiceUtils: checkInListByUid module:custom-icc uid:10171 cost 793us return 1
10-25 18:36:04.002 31059 31166 D JpegEncoderExtImpl: use ICC 4.0
10-25 18:36:04.002 31059 31166 D JpegEncoderExtImpl: OplusWriteICCProfile, write exif_data JPEG_APP2  offset:514
10-25 18:36:04.002  1463 29610 D MMListService: getListValueByUid module:image-processing, uid:10171
10-25 18:36:04.002 31059 31166 V ListServiceUtils: checkInListByUid module:image-processing uid:10171 cost 144us return (null)
10-25 18:36:04.002 31059 31166 V JpegEncoderExtImpl: Resolution: 30 x 30,support: 0;
10-25 18:36:04.004 31059 31166 W ThumbnailCache:  [getBitmap] return null when get bitmap from all cache,type:MEMORY_AND_DISK key=LocalMediaCacheKey(path=/local/item/image/16996, dateModifiedInSec=1760688814, mimeType=image/jpeg, cropParams=NoCrop), codecType:null
10-25 18:36:04.016  6364  6834 D MediaProvider: Open with FUSE. FilePath: /storage/emulated/0/Android/media/com.whatsapp/WhatsApp/Media/WhatsApp Images/IMG-20251017-WA0013.jpg. Uid: 10171. Media Capabilities Uid: 0. ShouldRedact: false. ShouldTranscode: false
10-25 18:36:04.023 31059 31166 W SizeConfigStrategy:  [get] result is null or recycled.
10-25 18:36:04.026 31059 31166 D skia    : stream getLength() supported, buffer addr 0x7d12ce9000 length 163072
10-25 18:36:04.026 31059 31166 D skia    : LoadInputStreamToMem va 0x7d12ce9000  size 163072
10-25 18:36:04.027 31059 31166 D libjpeg-alpha: Huffman Builder run in subthread
10-25 18:36:04.028 31059 31166 D libjpeg-alpha: Tile Decoder (#thread:4, size:256 256 256 432x400, alignment:256x16)
10-25 18:36:04.029 31059  2145 D libjpeg-alpha: Huffman Builder binding core: failed (Invalid argument)
10-25 18:36:04.030 31059  2145 D libjpeg-alpha: Corrupt JPEG data: 19772 extraneous bytes before marker 0xc4
10-25 18:36:04.031 31059  2148 D libjpeg-alpha: Tile Decoder binding core: failed (Invalid argument)
10-25 18:36:04.031 31059  2148 D libjpeg-alpha: Inconsistent progression sequence for component 0 coefficient 0
10-25 18:36:04.031 31059  2146 D libjpeg-alpha: Inconsistent progression sequence for component 0 coefficient 0
10-25 18:36:04.031 31059  2150 D libjpeg-alpha: Inconsistent progression sequence for component 0 coefficient 0
10-25 18:36:04.031 31059  2149 D libjpeg-alpha: Inconsistent progression sequence for component 0 coefficient 0
10-25 18:36:04.044 31059  2146 D libjpeg-alpha: Inconsistent progression sequence for component 0 coefficient 0
10-25 18:36:04.044 31059  2150 D libjpeg-alpha: Inconsistent progression sequence for component 0 coefficient 0
10-25 18:36:04.045 31059  2149 D libjpeg-alpha: Inconsistent progression sequence for component 0 coefficient 0
10-25 18:36:04.045 31059  2148 D libjpeg-alpha: Inconsistent progression sequence for component 0 coefficient 0
10-25 18:36:04.054 31059  2146 D libjpeg-alpha: Inconsistent progression sequence for component 0 coefficient 0
10-25 18:36:04.054 31059  2149 D libjpeg-alpha: Inconsistent progression sequence for component 0 coefficient 0
10-25 18:36:04.054 31059  2150 D libjpeg-alpha: Inconsistent progression sequence for component 0 coefficient 0
10-25 18:36:04.055 31059  2148 D libjpeg-alpha: Inconsistent progression sequence for component 0 coefficient 0
10-25 18:36:04.065 31059  2149 D libjpeg-alpha: Inconsistent progression sequence for component 0 coefficient 0
10-25 18:36:04.065 31059  2150 D libjpeg-alpha: Inconsistent progression sequence for component 0 coefficient 0
10-25 18:36:04.066 31059  2146 D libjpeg-alpha: Inconsistent progression sequence for component 0 coefficient 0
10-25 18:36:04.066 31059  2148 D libjpeg-alpha: Inconsistent progression sequence for component 0 coefficient 0
10-25 18:36:04.080 31059 31166 W SizeConfigStrategy:  [get] result is null or recycled.
10-25 18:36:04.103 31059 31166 V ListServiceUtils: checkInListByUid start module:custom-icc uid:10171  time 626672722183us
10-25 18:36:04.103  1463 29610 D MMListService: checkInListByUid end module:custom-icc uid:10171 time 626672722859
10-25 18:36:04.104 31059 31166 V ListServiceUtils: checkInListByUid end module:custom-icc uid:10171  time 626672723414us
10-25 18:36:04.104 31059 31166 D ListServiceUtils: checkInListByUid module:custom-icc uid:10171 cost 1231us return 1
10-25 18:36:04.104 31059 31166 E ListServiceUtils: checkInListByUid module:custom-icc uid:10171 cost 1231us return 1
10-25 18:36:04.104 31059 31166 D JpegEncoderExtImpl: use ICC 4.0
10-25 18:36:04.104 31059 31166 D JpegEncoderExtImpl: OplusWriteICCProfile, write exif_data JPEG_APP2  offset:514
10-25 18:36:04.104  1463 29610 D MMListService: getListValueByUid module:image-processing, uid:10171
10-25 18:36:04.105 31059 31166 V ListServiceUtils: checkInListByUid module:image-processing uid:10171 cost 430us return (null)
10-25 18:36:04.105 31059 31166 V JpegEncoderExtImpl: Resolution: 288 x 384,support: 0;
10-25 18:36:04.114 31059 31166 W BitmapUtils:  [enlargeCropRect], recommendRect is null or empty, return calculateSquareCropRect!
10-25 18:36:04.120 31059 31166 V ListServiceUtils: checkInListByUid start module:custom-icc uid:10171  time 626672739601us
10-25 18:36:04.121  1463 29610 D MMListService: checkInListByUid end module:custom-icc uid:10171 time 626672740127
10-25 18:36:04.121 31059 31166 V ListServiceUtils: checkInListByUid end module:custom-icc uid:10171  time 626672740580us
10-25 18:36:04.121 31059 31166 D ListServiceUtils: checkInListByUid module:custom-icc uid:10171 cost 978us return 1
10-25 18:36:04.121 31059 31166 D JpegEncoderExtImpl: use ICC 4.0
10-25 18:36:04.121 31059 31166 D JpegEncoderExtImpl: OplusWriteICCProfile, write exif_data JPEG_APP2  offset:514
10-25 18:36:04.121  1463 29610 D MMListService: getListValueByUid module:image-processing, uid:10171
10-25 18:36:04.122 31059 31166 V ListServiceUtils: checkInListByUid module:image-processing uid:10171 cost 263us return (null)
10-25 18:36:04.122 31059 31166 V JpegEncoderExtImpl: Resolution: 30 x 30,support: 0;
10-25 18:36:04.124 31059 31166 W ThumbnailCache:  [getBitmap] return null when get bitmap from all cache,type:MEMORY_AND_DISK key=LocalMediaCacheKey(path=/local/item/image/16995, dateModifiedInSec=1760687870, mimeType=image/jpeg, cropParams=NoCrop), codecType:null
10-25 18:36:04.137  6364  6834 D MediaProvider: Open with FUSE. FilePath: /storage/emulated/0/Pictures/Screenshots/Screenshot_2025-10-17-09-57-47-78_3d9111e2d3171bf4882369f490c087b4.jpg. Uid: 10171. Media Capabilities Uid: 0. ShouldRedact: false. ShouldTranscode: false
10-25 18:36:04.146 31059 31166 D skia    : SkJpegCodec::onGetPixels +
10-25 18:36:04.150 31059 31166 D skia    : stream getLength() supported, buffer addr 0x7d1161c000 length 404864
10-25 18:36:04.151 31059 31166 D skia    : LoadInputStreamToMem va 0x7d1161c000  size 404864
10-25 18:36:04.152 31059 31166 D libjpeg-alpha: Huffman Builder run in subthread
10-25 18:36:04.153 31059 31166 D libjpeg-alpha: Tile Decoder (#thread:4, size:256 256 256 312x608, alignment:256x16)
10-25 18:36:04.154 31059  2151 D libjpeg-alpha: Huffman Builder binding core: failed (Invalid argument)
10-25 18:36:04.155 31059  2152 D libjpeg-alpha: Tile Decoder binding core: failed (Invalid argument)
10-25 18:36:04.167 31059 31166 D skia    : SkJpegCodec::onGetPixels -
10-25 18:36:04.187 31059 31166 V ListServiceUtils: checkInListByUid start module:custom-icc uid:10171  time 626672806518us
10-25 18:36:04.188  1463 29610 D MMListService: checkInListByUid end module:custom-icc uid:10171 time 626672807094
10-25 18:36:04.188 31059 31166 V ListServiceUtils: checkInListByUid end module:custom-icc uid:10171  time 626672807754us
10-25 18:36:04.188 31059 31166 D ListServiceUtils: checkInListByUid module:custom-icc uid:10171 cost 1234us return 1
10-25 18:36:04.188 31059 31166 E ListServiceUtils: checkInListByUid module:custom-icc uid:10171 cost 1234us return 1
10-25 18:36:04.188 31059 31166 D JpegEncoderExtImpl: use ICC 4.0
10-25 18:36:04.188 31059 31166 D JpegEncoderExtImpl: OplusWriteICCProfile, write exif_data JPEG_APP2  offset:514
10-25 18:36:04.189  1463 29610 D MMListService: getListValueByUid module:image-processing, uid:10171
10-25 18:36:04.189 31059 31166 V ListServiceUtils: checkInListByUid module:image-processing uid:10171 cost 406us return (null)
10-25 18:36:04.189 31059 31166 V JpegEncoderExtImpl: Resolution: 288 x 640,support: 0;
10-25 18:36:04.197 31059 31166 W BitmapUtils:  [enlargeCropRect], recommendRect is null or empty, return calculateSquareCropRect!
10-25 18:36:04.203 31059 31166 V ListServiceUtils: checkInListByUid start module:custom-icc uid:10171  time 626672821896us
10-25 18:36:04.203  1463 29610 D MMListService: checkInListByUid end module:custom-icc uid:10171 time 626672822311
10-25 18:36:04.203 31059 31166 V ListServiceUtils: checkInListByUid end module:custom-icc uid:10171  time 626672822697us
10-25 18:36:04.203 31059 31166 D ListServiceUtils: checkInListByUid module:custom-icc uid:10171 cost 800us return 1
