10-25 18:37:06.474  2650  2650 D NoBackGesture: Config changed: config={1.35 ??mcc??mnc [it_IT] ldltr sw320dp w632dp h285dp 540dpi nrml long land night finger -keyb/v/h -nav/h winConfig={ mBounds=Rect(0, 0 - 2400, 1080) mAppBounds=Rect(118, 0 - 2251, 1080) mMaxBounds=Rect(0, 0 - 2400, 1080) mDisplayRotation=ROTATION_90 mWindowingMode=fullscreen mDisplayWindowingMode=fullscreen mActivityType=undefined mAlwaysOnTop=undefined mRotation=ROTATION_90} s.55113 fontWeightAdjustment=0mThemeChanged= 0, mThemeChangedFlags= 0, mFlipFont= 0, mAccessibleChanged= -1, mUxIconConfig= 3468921665126662177, mMaterialColor= 40017, mUserId= 0, mFontUserId= 0, mFontVariationSettings= 226, mFoldingAngle = -1.0, mIconPackName= , mDarkModeBackgroundMaxL= 0.0, mDarkModeDialogBgMaxL= 27.0, mDarkModeForegroundMinL= 100.0, mOplusConfigType= 1, mOplusChangedConfigs= 0, OpSans= 0, mFlag= 0}
10-25 18:37:06.475 25628 25628 I GoogleInputMethodService: GoogleInputMethodService.onStartInput():1347 onStartInput(EditorInfo{EditorInfo{packageName=com.makeyourhomeai, inputType=0, inputTypeString=NULL, enableLearning=false, autoCorrection=false, autoComplete=false, imeOptions=0, privateImeOptions=null, actionName=UNSPECIFIED, actionLabel=null, initialSelStart=-1, initialSelEnd=-1, initialCapsMode=0, label=null, fieldId=-1, fieldName=null, extras=Bundle[{com.oplus.im.SCENES=0}], hintText=null, hintLocales=[]}}, true)
10-25 18:37:06.475  2650  2650 D NoBackGesture: Update display size: mDisplaySize=Point(2400, 1080), rotation=1 isLargeDevice=false
10-25 18:37:06.496  1785  6080 D OplusFullScreenDisplayManager: adjustWindowParamsLw com.makeyourhomeai, no change cutoutMode: 0
10-25 18:37:06.496  1785  6080 V WindowManager: Relayout Window{ea95c12 u0 com.makeyourhomeai/com.makeyourhomeai.MainActivity}: viewVisibility=0, oldvis=4, req=2282x1080
10-25 18:37:06.496  1216  1735 I BufferQueueDebug: [com.makeyourhomeai/com.makeyourhomeai.MainActivity#77683](this:0xb400007a301d09e8,id:-1,api:0,p:-1,c:-1) BufferQueue core=(1216:/system/bin/surfaceflinger)
10-25 18:37:06.500  1785  6080 V WindowManager: Changing focus from null to Window{ea95c12 u0 com.makeyourhomeai/com.makeyourhomeai.MainActivity},diplayid=0
10-25 18:37:06.619  1216  1280 D SurfaceFlinger: addRegionSamplingListener pid: 2650, Area: [2251, 0, 2400, 1080]
10-25 18:37:06.642  2650  2766 D BLASTBufferQueue:  >[00:0xb400007bc8e34b00] state=ACQUIRED 0xb400007b8ba48480 frame=148184 [1080x 149:1088,  1]
10-25 18:37:06.648  1785  3417 V WindowManager: Relayout Window{ad86c58 u0 StatusBar}: viewVisibility=0, oldvis=0, req=2400x118
10-25 18:37:06.666  2650  2766 D BLASTBufferQueue:   default-size=[2400x118] default-format=1   transform-hint=04 frame-counter=186430
10-25 18:37:06.666  2650  2766 D BLASTBufferQueue:  >[00:0xb400007b9ccb9300] state=ACQUIRED 0xb400007b9ccc5b00 frame=186430 [ 118x2400: 128,  1]
10-25 18:37:06.686  1216  1216 D Layer   : reparent to null sequence=77679, seq[2], name=Surface(name=WindowToken{ae72d3b type=2000 android.os.BinderProxy@4536dbe})/@0xb60f196 - animation-leash of token_transform#77679
10-25 18:37:06.686  1216  1216 D OplusLayer: ~Layer() sequence=77679, name=Surface(name=WindowToken{ae72d3b type=2000 android.os.BinderProxy@4536dbe})/@0xb60f196 - animation-leash of token_transform#77679
10-25 18:37:06.753  1785  6080 D WindowManager: finishDrawingWindow: Window{ea95c12 u0 com.makeyourhomeai/com.makeyourhomeai.MainActivity} mDrawState=DRAW_PENDING
10-25 18:37:06.753  1785  6080 I WindowManager: finishDrawing of relaunch: Window{ea95c12 u0 com.makeyourhomeai/com.makeyourhomeai.MainActivity} 400ms
10-25 18:37:06.768  1216  1216 D BufferStateLayer: com.makeyourhomeai/com.makeyourhomeai.MainActivity#77683 setBuffer frameId=1, bufferId=95554432401444 fenceId=315, w= 1080, h=2282
10-25 18:37:06.768  1216  1216 D OplusLayer: (77683,com.makeyourhomeai/com.makeyourhomeai.MainActivity#77683,com.makeyourhomeai) setBuffer
10-25 18:37:06.770  1785  1854 I FocusResolver: updateFocusedWindow, ea95c12 com.makeyourhomeai/com.makeyourhomeai.MainActivity on display 0, reason: Window became focusable. Previous reason: NOT_VISIBLE, result:   FocusedWindows:
10-25 18:37:06.770  1785  1854 I FocusResolver:     displayId=0, name='ea95c12 com.makeyourhomeai/com.makeyourhomeai.MainActivity'
10-25 18:37:06.778  1785  1865 I WindowManager: Screen frozen for +498ms due to ActivityRecord{146611d u0 com.makeyourhomeai/.MainActivity} t4100}
10-25 18:37:06.809 22248 22248 I Quality : Skipped: false 20 cost 342.61804 refreshRate 16556130 bit true processName com.makeyourhomeai
10-25 18:37:06.833 22248 22248 I Quality : Skipped: true 1 cost 19.07632 refreshRate 16557526 bit true processName com.makeyourhomeai
10-25 18:37:06.855  1785  6080 I FocusResolver: updateFocusedWindow, ea95c12 com.makeyourhomeai/com.makeyourhomeai.MainActivity on display 0, reason: Window became focusable. Previous reason: NOT_VISIBLE, result:   FocusedWindows:
10-25 18:37:06.855  1785  6080 I FocusResolver:     displayId=0, name='ea95c12 com.makeyourhomeai/com.makeyourhomeai.MainActivity'
10-25 18:37:06.857  1785  6080 D InputMethodManagerService: isSecurity: attribute.packageName=com.makeyourhomeai mCurMethodId=com.google.android.inputmethod.latin/com.android.inputmethod.latin.LatinIME
10-25 18:37:06.861 25628 25628 I GoogleInputMethodService: GoogleInputMethodService.onStartInput():1347 onStartInput(EditorInfo{EditorInfo{packageName=com.makeyourhomeai, inputType=0, inputTypeString=NULL, enableLearning=false, autoCorrection=false, autoComplete=false, imeOptions=0, privateImeOptions=null, actionName=UNSPECIFIED, actionLabel=null, initialSelStart=-1, initialSelEnd=-1, initialCapsMode=0, label=null, fieldId=-1, fieldName=null, extras=Bundle[{com.oplus.im.SCENES=0}], hintText=null, hintLocales=[]}}, false)
10-25 18:37:06.934  1216  1216 D Layer   : reparent to null sequence=77684, seq[16], name=Surface(name=WindowToken{ae72d3b type=2000 android.os.BinderProxy@4536dbe})/@0xb60f196 - animation-leash of token_transform#77684
10-25 18:37:06.934  1216  1216 D OplusLayer: ~Layer() sequence=77684, name=Surface(name=WindowToken{ae72d3b type=2000 android.os.BinderProxy@4536dbe})/@0xb60f196 - animation-leash of token_transform#77684
10-25 18:37:06.952 22248  5072 I okhttp.OkHttpClient: <-- 400 https://api.stability.ai/v1/generation/stable-diffusion-xl-1024-v1-0/image-to-image (2089ms)
10-25 18:37:06.952 22248  5072 I okhttp.OkHttpClient: date: Sat, 25 Oct 2025 16:37:07 GMT
10-25 18:37:06.952 22248  5072 I okhttp.OkHttpClient: content-type: application/json
10-25 18:37:06.952 22248  5072 I okhttp.OkHttpClient: content-length: 301
10-25 18:37:06.952 22248  5072 I okhttp.OkHttpClient: vary: Origin
10-25 18:37:06.952 22248  5072 I okhttp.OkHttpClient: x-envoy-upstream-service-time: 0
10-25 18:37:06.953 22248  5072 I okhttp.OkHttpClient: server: cloudflare
10-25 18:37:06.954 22248  5072 I okhttp.OkHttpClient: cf-cache-status: DYNAMIC
10-25 18:37:06.954 22248  5072 I okhttp.OkHttpClient: cf-ray: 994322faef39ea49-FCO
10-25 18:37:06.954 22248  5072 I okhttp.OkHttpClient: alt-svc: h3=":443"; ma=86400
10-25 18:37:06.954 22248  5072 I okhttp.OkHttpClient: {"id":"45e6db82510ef6dae2355e6530b2cabd","message":"for stable-diffusion-xl-1024-v0-9 and stable-diffusion-xl-1024-v1-0 the allowed dimensions are 1024x1024, 1152x896, 1216x832, 1344x768, 1536x640, 640x1536, 768x1344, 832x1216, 896x1152, but we received 768x1024","name":"invalid_sdxl_v1_dimensions"}
10-25 18:37:06.955 22248  5072 I okhttp.OkHttpClient: <-- END HTTP (301-byte body)
10-25 18:37:07.022 22248 22248 I Quality : Skipped: false 2 cost 42.018414 refreshRate 16557536 bit true processName com.makeyourhomeai
10-25 18:37:07.027  1122  1259 I libPowerHal: [PD] system_server update cmd:2004100 param:2
10-25 18:37:07.030  1122  1259 I libPowerHal: system_server: cpu_ctrl set cpu freq: 1048000 -1 1274000 -1
10-25 18:37:07.272  1216  1216 I BufferQueueDebug: [RotationLayer#77677](this:0xb400007a301e29e8,id:-1,api:0,p:-1,c:1216) onDestructor()
10-25 18:37:07.276  1122  1259 I libPowerHal: [PD] system_server update cmd:2004100 param:2
10-25 18:37:07.750  1109  1144 I sensors-hal-OriginChannel: wise light debug, data[0].type is 65627,data[0].sensor is 91:[262.000000,,200.000000,,19.000000,0.000000,1281049846163559]
10-25 18:37:07.838  1785  1854 D OplusAppListInterceptManager: shouldFilterTask::packageName = com.makeyourhomeai
10-25 18:37:07.874  6040  6040 W GuardElfCpu: type=1400 audit(0.0:65956): avc: denied { read } for name="status" dev="proc" ino=79611839 scontext=u:r:system_app:s0 tcontext=u:r:surfaceflinger:s0 tclass=file permissive=0
10-25 18:37:07.874  6040  6040 W GuardElfCpu: type=1400 audit(0.0:65957): avc: denied { search } for name="1102" dev="proc" ino=79619387 scontext=u:r:system_app:s0 tcontext=u:r:hal_graphics_composer_default:s0 tclass=dir permissive=0
10-25 18:37:07.874  6040  6040 W GuardElfCpu: type=1400 audit(0.0:65958): avc: denied { search } for name="20664" dev="proc" ino=79619622 scontext=u:r:system_app:s0 tcontext=u:r:adbd:s0 tclass=dir permissive=0
10-25 18:37:07.878  6040  6040 W GuardElfCpu: type=1400 audit(0.0:65959): avc: denied { read } for name="status" dev="proc" ino=79611840 scontext=u:r:system_app:s0 tcontext=u:r:logd:s0 tclass=file permissive=0
10-25 18:37:07.878  6040  6040 W GuardElfCpu: type=1400 audit(0.0:65960): avc: denied { search } for name="1109" dev="proc" ino=79619392 scontext=u:r:system_app:s0 tcontext=u:r:mtk_hal_sensors:s0 tclass=dir permissive=0
10-25 18:37:07.908  5110  5110 E oadcastreceiver: Unknown bits set in runtime_flags: 0x40000000
10-25 18:37:08.400  3070  3461 I Athena  : CommonAction: 21,1433,189,1369,5120,74,452,0,1037,1342,563,620
10-25 18:37:08.503  1785  1862 D OplusGameRotationService: stopRotationInGame: check windowContainer = ActivityRecord{146611d u0 com.makeyourhomeai/.MainActivity} t4100}
10-25 18:37:08.503  1785  1862 I WindowManager: Display id 0 rotation changed to 0 from 1, lastOrientation -1ActivityRecord{146611d u0 com.makeyourhomeai/.MainActivity} t4100}
10-25 18:37:08.507  1122  1259 I libPowerHal: [PD] system_server update cmd:2004100 param:2
10-25 18:37:08.514  1122  1259 I libPowerHal: system_server: cpu_ctrl set cpu freq: 1048000 -1 1274000 -1
10-25 18:37:08.539  1216  1735 I BufferQueueDebug: [RotationLayer#77693](this:0xb400007a301639e8,id:-1,api:0,p:-1,c:-1) BufferQueue core=(1216:/system/bin/surfaceflinger)
10-25 18:37:08.542  1785  1862 D BufferQueueConsumer: [ImageReader-2400x1080f1m1-1785-1000](id:6f90000121b,api:0,p:-1,c:1785) disconnect
10-25 18:37:08.550  1785  1864 I ActivityTaskManager: Config changes=20000480 {1.35 ??mcc??mnc [it_IT] ldltr sw320dp w320dp h632dp 540dpi nrml long port night finger -keyb/v/h -nav/h winConfig={ mBounds=Rect(0, 0 - 1080, 2400) mAppBounds=Rect(0, 118 - 1080, 2251) mMaxBounds=Rect(0, 0 - 1080, 2400) mDisplayRotation=ROTATION_0 mWindowingMode=fullscreen mDisplayWindowingMode=fullscreen mActivityType=undefined mAlwaysOnTop=undefined mRotation=ROTATION_0} s.55120 fontWeightAdjustment=0mThemeChanged= 0, mThemeChangedFlags= 0, mFlipFont= 0, mAccessibleChanged= -1, mUxIconConfig= 3468921665126662177, mMaterialColor= 40017, mUserId= 0, mFontUserId= 0, mFontVariationSettings= 226, mFoldingAngle = -1.0, mIconPackName= , mDarkModeBackgroundMaxL= 0.0, mDarkModeDialogBgMaxL= 27.0, mDarkModeForegroundMinL= 100.0, mOplusConfigType= 1, mOplusChangedConfigs= 0, OpSans= 0, mFlag= 0} callers:com.android.server.wm.DisplayContent.updateDisplayOverrideConfigurationLocked:6417 com.android.server.wm.DisplayContent.updateDisplayOverrideConfigurationLocked:6394 com.android.server.wm.DisplayContent.sendNewConfiguration:1557 com.android.server.wm.DisplayRotation.continueRotation:745 com.android.server.wm.DisplayRotation.-$$Nest$mcontinueRotation:0 com.android.server.wm.DisplayRotation$2.lambda$continueRotateDisplay$1:278 com.android.server.wm.DisplayRotation$2$$ExternalSyntheticLambda1.accept:10 com.android.internal.util.function.pooled.PooledLambdaImpl.doInvoke:295 com.android.internal.util.function.pooled.PooledLambdaImpl.invoke:204 com.android.internal.util.function.pooled.OmniFunction.run:97 
10-25 18:37:08.560  1785  1864 I WindowManager: Override config changes=20000480 {1.35 ??mcc??mnc [it_IT] ldltr sw320dp w320dp h632dp 540dpi nrml long port night finger -keyb/v/h -nav/h winConfig={ mBounds=Rect(0, 0 - 1080, 2400) mAppBounds=Rect(0, 118 - 1080, 2251) mMaxBounds=Rect(0, 0 - 1080, 2400) mDisplayRotation=ROTATION_0 mWindowingMode=fullscreen mDisplayWindowingMode=fullscreen mActivityType=undefined mAlwaysOnTop=undefined mRotation=ROTATION_0} s.55120 fontWeightAdjustment=0mThemeChanged= 0, mThemeChangedFlags= 0, mFlipFont= 0, mAccessibleChanged= -1, mUxIconConfig= 3468921665126662177, mMaterialColor= 40017, mUserId= 0, mFontUserId= 0, mFontVariationSettings= 226, mFoldingAngle = -1.0, mIconPackName= , mDarkModeBackgroundMaxL= 0.0, mDarkModeDialogBgMaxL= 27.0, mDarkModeForegroundMinL= 100.0, mOplusConfigType= 1, mOplusChangedConfigs= 0, OpSans= 0, mFlag= 0} for displayId=0
10-25 18:37:08.572 25628 25628 I AppBase : AppBase.onConfigurationChanged():416 onConfigurationChanged() : NewConfig = {1.35 ??mcc??mnc [it_IT] ldltr sw320dp w320dp h632dp 540dpi nrml long port night finger -keyb/v/h -nav/h winConfig={ mBounds=Rect(0, 0 - 1080, 2400) mAppBounds=Rect(0, 118 - 1080, 2251) mMaxBounds=Rect(0, 0 - 1080, 2400) mDisplayRotation=ROTATION_0 mWindowingMode=fullscreen mDisplayWindowingMode=fullscreen mActivityType=undefined mAlwaysOnTop=undefined mRotation=ROTATION_0} s.55183 fontWeightAdjustment=0mThemeChanged= 0, mThemeChangedFlags= 0, mFlipFont= 0, mAccessibleChanged= -1, mUxIconConfig= 3468921665126662177, mMaterialColor= 40017, mUserId= 0, mFontUserId= 0, mFontVariationSettings= 226, mFoldingAngle = -1.0, mIconPackName= , mDarkModeBackgroundMaxL= 0.0, mDarkModeDialogBgMaxL= 27.0, mDarkModeForegroundMinL= 100.0, mOplusConfigType= 1, mOplusChangedConfigs= 0, OpSans= 0, mFlag= 0}
10-25 18:37:08.573 31902 31922 D OMG_Observer: mScreenWidthDisplay = 1080, mScreenHeightDisplay = 2400, mRotation = 0, mOrient = 1
10-25 18:37:08.578  1785  1864 D OplusCompactWindowManagerService: updateRotation setDeviceFolded oldRotation =:0 ,newRotation=:0 ,mFoldState =:0 ,processTasks =:true ,DisplayId =:0 ,oritentationSource ActivityRecord{146611d u0 com.makeyourhomeai/.MainActivity} t4100}
10-25 18:37:08.578  1785  1864 D ActivityTaskManager: Checking to restart ActivityRecord{146611d u0 com.makeyourhomeai/.MainActivity} t4100}: changed=0x = 80; handles=0x3; 
10-25 18:37:08.578  1785  1864 D ActivityTaskManager:  mLastReportedConfiguration = {mGlobalConfig={1.35 ??mcc??mnc [it_IT] ldltr sw320dp w320dp h632dp 540dpi nrml long port night finger -keyb/v/h -nav/h winConfig={ mBounds=Rect(0, 0 - 1080, 2400) mAppBounds=Rect(0, 118 - 1080, 2251) mMaxBounds=Rect(0, 0 - 1080, 2400) mDisplayRotation=ROTATION_0 mWindowingMode=fullscreen mDisplayWindowingMode=fullscreen mActivityType=undefined mAlwaysOnTop=undefined mRotation=ROTATION_0} s.55184 fontWeightAdjustment=0mThemeChanged= 0, mThemeChangedFlags= 0, mFlipFont= 0, mAccessibleChanged= -1, mUxIconConfig= 3468921665126662177, mMaterialColor= 40017, mUserId= 0, mFontUserId= 0, mFontVariationSettings= 226, mFoldingAngle = -1.0, mIconPackName= , mDarkModeBackgroundMaxL= 0.0, mDarkModeDialogBgMaxL= 27.0, mDarkModeForegroundMinL= 100.0, mOplusConfigType= 1, mOplusChangedConfigs= 0, OpSans= 0, mFlag= 0} mOverrideConfig={1.35 ??mcc??mnc [it_IT] ldltr sw320dp w320dp h632dp 540dpi nrml long port night finger -keyb/v/h -nav/h winConfig={ mBounds=Rect(0, 0 - 1080, 2400) mAppBounds=Rect(0, 118 - 1080, 2251) mMaxBounds=Rect(0, 0 - 1080, 2400) mDisplayRotation=ROTATION_0 mWindowingMode=fullscreen mDisplayWindowingMode=fullscreen mActivityType=standard mAlwaysOnTop=undefined mRotation=ROTATION_0} s.39 fontWeightAdjustment=0mThemeChanged= 0, mThemeChangedFlags= 0, mFlipFont= 0, mAccessibleChanged= -1, mUxIconConfig= 3468921665126662177, mMaterialColor= 40017, mUserId= 0, mFontUserId= 0, mFontVariationSettings= 226, mFoldingAngle = -1.0, mIconPackName= , mDarkModeBackgroundMaxL= 0.0, mDarkModeDialogBgMaxL= 27.0, mDarkModeForegroundMinL= 100.0, mOplusConfigType= 1, mOplusChangedConfigs= 0, OpSans= 0, mFlag= 0}}; 
10-25 18:37:08.578  1785  1864 D ActivityTaskManager:  mFullConfig = {1.35 ??mcc??mnc [it_IT] ldltr sw320dp w320dp h632dp 540dpi nrml long port night finger -keyb/v/h -nav/h winConfig={ mBounds=Rect(0, 0 - 1080, 2400) mAppBounds=Rect(0, 118 - 1080, 2251) mMaxBounds=Rect(0, 0 - 1080, 2400) mDisplayRotation=ROTATION_0 mWindowingMode=fullscreen mDisplayWindowingMode=fullscreen mActivityType=standard mAlwaysOnTop=undefined mRotation=ROTATION_0} s.39 fontWeightAdjustment=0mThemeChanged= 0, mThemeChangedFlags= 0, mFlipFont= 0, mAccessibleChanged= -1, mUxIconConfig= 3468921665126662177, mMaterialColor= 40017, mUserId= 0, mFontUserId= 0, mFontVariationSettings= 226, mFoldingAngle = -1.0, mIconPackName= , mDarkModeBackgroundMaxL= 0.0, mDarkModeDialogBgMaxL= 27.0, mDarkModeForegroundMinL= 100.0, mOplusConfigType= 1, mOplusChangedConfigs= 0, OpSans= 0, mFlag= 0}
10-25 18:37:08.579  1785  1864 D ActivityRecordExtImpl:    currentConfig={1.35 ??mcc??mnc [it_IT] ldltr sw320dp w320dp h632dp 540dpi nrml long port night finger -keyb/v/h -nav/h winConfig={ mBounds=Rect(0, 0 - 1080, 2400) mAppBounds=Rect(0, 118 - 1080, 2251) mMaxBounds=Rect(0, 0 - 1080, 2400) mDisplayRotation=ROTATION_0 mWindowingMode=fullscreen mDisplayWindowingMode=fullscreen mActivityType=standard mAlwaysOnTop=undefined mRotation=ROTATION_0} s.39 fontWeightAdjustment=0mThemeChanged= 0, mThemeChangedFlags= 0, mFlipFont= 0, mAccessibleChanged= -1, mUxIconConfig= 3468921665126662177, mMaterialColor= 40017, mUserId= 0, mFontUserId= 0, mFontVariationSettings= 226, mFoldingAngle = -1.0, mIconPackName= , mDarkModeBackgroundMaxL= 0.0, mDarkModeDialogBgMaxL= 27.0, mDarkModeForegroundMinL= 100.0, mOplusConfigType= 1, mOplusChangedConfigs= 0, OpSans= 0, mFlag= 0}
10-25 18:37:08.579  1785  1864 D ActivityRecordExtImpl:    lastConfig={1.35 ??mcc??mnc [it_IT] ldltr sw320dp w632dp h285dp 540dpi nrml long land night finger -keyb/v/h -nav/h winConfig={ mBounds=Rect(0, 0 - 2400, 1080) mAppBounds=Rect(118, 0 - 2251, 1080) mMaxBounds=Rect(0, 0 - 2400, 1080) mDisplayRotation=ROTATION_90 mWindowingMode=fullscreen mDisplayWindowingMode=fullscreen mActivityType=standard mAlwaysOnTop=undefined mRotation=ROTATION_90} s.38 fontWeightAdjustment=0mThemeChanged= 0, mThemeChangedFlags= 0, mFlipFont= 0, mAccessibleChanged= -1, mUxIconConfig= 3468921665126662177, mMaterialColor= 40017, mUserId= 0, mFontUserId= 0, mFontVariationSettings= 226, mFoldingAngle = -1.0, mIconPackName= , mDarkModeBackgroundMaxL= 0.0, mDarkModeDialogBgMaxL= 27.0, mDarkModeForegroundMinL= 100.0, mOplusConfigType= 1, mOplusChangedConfigs= 0, OpSans= 0, mFlag= 0}
10-25 18:37:08.586 31902 31902 D OMG_Observer: mScreenWidthDisplay = 1080, mScreenHeightDisplay = 2400, mRotation = 0, mOrient = 1
10-25 18:37:08.589  2834  2834 D b/211775278: displayId: local:0, currentSize: Point(1080, 2400)
10-25 18:37:08.589  2834  2834 D b/211775278: perDisplayBounds: {local:0=Pair{CachedDisplayInfo{id='local:0', size=Point(1080, 2400), rotation=0, cutout=Rect(0, 118 - 0, 0)} [Lcom.android.launcher3.util.WindowBounds;@f8f7ee9}}
10-25 18:37:08.596  1785  1862 I OplusZoomDisplay: initScreen start: mLengthOfShortSide = 1080, mLengthOfLongSide2400, mDensity = 3.375
10-25 18:37:08.597  1216  1735 I surfaceflinger: oneway function results for code 22010 on binder at 0xb400007a3183a740 will be dropped but finished with status UNKNOWN_TRANSACTION
10-25 18:37:08.610  2834  2834 D b/211775278: displayId: local:0, currentSize: Point(1080, 2400)
10-25 18:37:08.610  2834  2834 D b/211775278: perDisplayBounds: {local:0=Pair{CachedDisplayInfo{id='local:0', size=Point(1080, 2400), rotation=0, cutout=Rect(0, 118 - 0, 0)} [Lcom.android.launcher3.util.WindowBounds;@65820a5}}
10-25 18:37:08.615  1785  2749 D CoreBackPreview: Window{ea95c12 u0 com.makeyourhomeai/com.makeyourhomeai.MainActivity}: Setting back callback null
10-25 18:37:08.618  1785  6006 W InputManager-JNI: Input channel object 'ea95c12 com.makeyourhomeai/com.makeyourhomeai.MainActivity (client)' was disposed without first being removed with the input manager!
10-25 18:37:08.619  1785  6006 V WindowManager: Changing focus from Window{ea95c12 u0 com.makeyourhomeai/com.makeyourhomeai.MainActivity} to null,diplayid=0
10-25 18:37:08.622  1216  1216 D Layer   : reparent to null sequence=77683, seq[6], name=com.makeyourhomeai/com.makeyourhomeai.MainActivity#77683
10-25 18:37:08.622  1216  1216 D Layer   : reparent to null sequence=77680, seq[6], name=ea95c12 com.makeyourhomeai/com.makeyourhomeai.MainActivity#77680
10-25 18:37:08.629  1216  1426 D VRR [OTI-HW]: rate range: min {id=0, hwcId=0, resolution=1080x2400, refreshRate=60.00 Hz, dpi=409.43x409.13, group=0} cur {id=0, hwcId=0, resolution=1080x2400, refreshRate=60.00 Hz, dpi=409.43x409.13, group=0} max {id=0, hwcId=0, resolution=1080x2400, refreshRate=60.00 Hz, dpi=409.43x409.13, group=0}
10-25 18:37:08.629 25628 25628 I GoogleInputMethodService: GoogleInputMethodService.onConfigurationChanged():1044 onConfigurationChanged() : NewConfig = {1.35 ??mcc??mnc [it_IT] ldltr sw320dp w320dp h632dp 540dpi nrml long port night finger -keyb/v/h -nav/h winConfig={ mBounds=Rect(0, 0 - 1080, 2400) mAppBounds=Rect(0, 118 - 1080, 2251) mMaxBounds=Rect(0, 0 - 1080, 2400) mDisplayRotation=ROTATION_0 mWindowingMode=fullscreen mDisplayWindowingMode=fullscreen mActivityType=undefined mAlwaysOnTop=undefined mRotation=ROTATION_0} s.55120 fontWeightAdjustment=0mThemeChanged= 0, mThemeChangedFlags= 0, mFlipFont= 0, mAccessibleChanged= -1, mUxIconConfig= 3468921665126662177, mMaterialColor= 40017, mUserId= 0, mFontUserId= 0, mFontVariationSettings= 226, mFoldingAngle = -1.0, mIconPackName= , mDarkModeBackgroundMaxL= 0.0, mDarkModeDialogBgMaxL= 27.0, mDarkModeForegroundMinL= 100.0, mOplusConfigType= 1, mOplusChangedConfigs= 0, OpSans= 0, mFlag= 0}
10-25 18:37:08.629 25628 25628 I GoogleInputMethodService: GoogleInputMethodService.onConfigurationChanged():1045 device real metrics: DisplayMetrics{density=3.375, width=1080, height=2400, scaledDensity=3.375, xdpi=409.432, ydpi=409.127}
10-25 18:37:08.631 22248  5134 D libMEOW : meow new tls: 0xb400007bcb4cf540
10-25 18:37:08.631 22248  5134 D libMEOW : applied 0 plugin for [com.makeyourhomeai].
10-25 18:37:08.632 22248  5134 D libMEOW : rebuild call chain: 0xb400007bcb4def40
10-25 18:37:08.632 22248  5134 D libMEOW : meow delete tls: 0xb400007bcb4cf540
10-25 18:37:08.632 25628 25628 I KeyboardContextProvider: KeyboardContextProvider$KeyboardContextCache.createKeyboardContext():173 createKeyboardContext(): it-IT, kuk@6b1399a(com.android.inputmethod.latin.LatinIME@63aa0c), {1.35 ??mcc??mnc [it_IT] ldltr sw320dp w320dp h632dp 540dpi nrml long port night finger -keyb/v/h -nav/h winConfig={ mBounds=Rect(0, 0 - 1080, 2400) mAppBounds=Rect(0, 118 - 1080, 2251) mMaxBounds=Rect(0, 0 - 1080, 2400) mDisplayRotation=ROTATION_0 mWindowingMode=fullscreen mDisplayWindowingMode=fullscreen mActivityType=undefined mAlwaysOnTop=undefined mRotation=ROTATION_0} s.34006 fontWeightAdjustment=0mThemeChanged= 0, mThemeChangedFlags= 0, mFlipFont= 0, mAccessibleChanged= -1, mUxIconConfig= 3468921665126662177, mMaterialColor= 40017, mUserId= 0, mFontUserId= 0, mFontVariationSettings= 226, mFoldingAngle = -1.0, mIconPackName= , mDarkModeBackgroundMaxL= 0.0, mDarkModeDialogBgMaxL= 27.0, mDarkModeForegroundMinL= 100.0, mOplusConfigType= 1, mOplusChangedConfigs= 0, OpSans= 0, mFlag= 0}
10-25 18:37:08.633 25628 25628 I DeviceModeModule: DeviceModeModule.calculateAndNotify():224 Device mode 'phone' from display metrics 'DisplayMetrics{density=0.0, width=2400, height=1080, scaledDensity=0.0, xdpi=409.432, ydpi=409.127}' or smallestScreenWidthDp: 320
10-25 18:37:08.633  1122  1259 I libPowerHal: [PD] system_server update cmd:2004100 param:2
10-25 18:37:08.635  1122  1259 I libPowerHal: system_server: cpu_ctrl set cpu freq: 2000000 -1 2400000 -1
10-25 18:37:08.639 25628 25628 I GoogleInputMethodService: GoogleInputMethodService.onConfigurationChanged():1075 changedMask : 20000480
10-25 18:37:08.639  1216  1216 D OplusLayer: ~Layer() sequence=77680, name=ea95c12 com.makeyourhomeai/com.makeyourhomeai.MainActivity#77680
10-25 18:37:08.639  1216  1216 I BufferQueueDebug: [com.makeyourhomeai/com.makeyourhomeai.MainActivity#77683](this:0xb400007a301d09e8,id:-1,api:0,p:-1,c:1216) onDestructor()
10-25 18:37:08.639  1216  1216 D OplusLayer: ~Layer() sequence=77683, name=com.makeyourhomeai/com.makeyourhomeai.MainActivity#77683
10-25 18:37:08.640  1216  1280 I SurfaceFlinger: [SF client] NEW(0xb400007a3018d180) for (22248:com.makeyourhomeai)
10-25 18:37:08.643 22248 22248 D WindowManager: Add to mViews: DecorView@7e53d56[MainActivity],pkg= com.makeyourhomeai
10-25 18:37:08.645  1785  6006 D OplusFullScreenDisplayManager: adjustWindowParamsLw com.makeyourhomeai, no change cutoutMode: 0
10-25 18:37:08.647  1785  6006 I WindowManager: addWindow: New client android.os.BinderProxy@cc58794 : window=Window{fe2023d u0 com.makeyourhomeai/com.makeyourhomeai.MainActivity}
10-25 18:37:08.648 25628 25628 I DeviceModeModule: DeviceModeModule.calculateAndNotify():224 Device mode 'phone' from display metrics 'DisplayMetrics{density=0.0, width=1080, height=2400, scaledDensity=0.0, xdpi=409.432, ydpi=409.127}' or smallestScreenWidthDp: 320
10-25 18:37:08.648 25628 25628 I GoogleInputMethodService: GoogleInputMethodService$8.onWindowMetricsChanged():799 windowMetrics: bounds() = Rect(0, 118 - 1080, 2400), insets() = Rect(0, 0 - 0, 149)
10-25 18:37:08.649  1785  6006 D CoreBackPreview: Window{fe2023d u0 com.makeyourhomeai/com.makeyourhomeai.MainActivity}: Setting back callback OnBackInvokedCallbackInfo{mCallback=android.window.IOnBackInvokedCallback$Stub$Proxy@181b383, mPriority=0}
10-25 18:37:08.652 22248 22248 I Quality : Skipped: false 0 cost 12.821 refreshRate 16557697 bit true processName com.makeyourhomeai
10-25 18:37:08.685 25628 25628 I GoogleInputMethodService: GoogleInputMethodService.onStartInput():1347 onStartInput(EditorInfo{EditorInfo{packageName=com.makeyourhomeai, inputType=0, inputTypeString=NULL, enableLearning=false, autoCorrection=false, autoComplete=false, imeOptions=0, privateImeOptions=null, actionName=UNSPECIFIED, actionLabel=null, initialSelStart=-1, initialSelEnd=-1, initialCapsMode=0, label=null, fieldId=-1, fieldName=null, extras=Bundle[{com.oplus.im.SCENES=0}], hintText=null, hintLocales=[]}}, true)
10-25 18:37:08.686  1785  2749 V WindowManager: Relayout Window{a4cbf97 u0 pip-dismiss-overlay}: viewVisibility=4, oldvis=4, req=2400x1850
10-25 18:37:08.694  1785  5962 D OplusFullScreenDisplayManager: adjustWindowParamsLw com.makeyourhomeai, no change cutoutMode: 0
10-25 18:37:08.694  1785  5962 V WindowManager: Relayout Window{fe2023d u0 com.makeyourhomeai/com.makeyourhomeai.MainActivity}: viewVisibility=0, oldvis=4, req=1080x2400
10-25 18:37:08.695  1216  1735 I BufferQueueDebug: [com.makeyourhomeai/com.makeyourhomeai.MainActivity#77699](this:0xb400007a301fe9e8,id:-1,api:0,p:-1,c:-1) BufferQueue core=(1216:/system/bin/surfaceflinger)
10-25 18:37:08.697  1785  5962 V WindowManager: Changing focus from null to Window{fe2023d u0 com.makeyourhomeai/com.makeyourhomeai.MainActivity},diplayid=0
10-25 18:37:08.700 22248 22248 V ZoomWindowDecorView: setLastReportedMergedConfiguration mZoomDisplayHeight: 2400 getDecorView.132463958
10-25 18:37:08.712  2650  2650 D NoBackGesture: Config changed: config={1.35 ??mcc??mnc [it_IT] ldltr sw320dp w320dp h632dp 540dpi nrml long port night finger -keyb/v/h -nav/h winConfig={ mBounds=Rect(0, 0 - 1080, 2400) mAppBounds=Rect(0, 118 - 1080, 2251) mMaxBounds=Rect(0, 0 - 1080, 2400) mDisplayRotation=ROTATION_0 mWindowingMode=fullscreen mDisplayWindowingMode=fullscreen mActivityType=undefined mAlwaysOnTop=undefined mRotation=ROTATION_0} s.55180 fontWeightAdjustment=0mThemeChanged= 0, mThemeChangedFlags= 0, mFlipFont= 0, mAccessibleChanged= -1, mUxIconConfig= 3468921665126662177, mMaterialColor= 40017, mUserId= 0, mFontUserId= 0, mFontVariationSettings= 226, mFoldingAngle = -1.0, mIconPackName= , mDarkModeBackgroundMaxL= 0.0, mDarkModeDialogBgMaxL= 27.0, mDarkModeForegroundMinL= 100.0, mOplusConfigType= 1, mOplusChangedConfigs= 0, OpSans= 0, mFlag= 0}
10-25 18:37:08.713  2650  2650 D NoBackGesture: Update display size: mDisplaySize=Point(1080, 2400), rotation=0 isLargeDevice=false
10-25 18:37:08.726  1216  1280 D SurfaceFlinger: addRegionSamplingListener pid: 2650, Area: [0, 2251, 1080, 2400]
10-25 18:37:08.743  2650  2766 D BLASTBufferQueue:  >[00:0xb400007bc8e34b00] state=ACQUIRED 0xb400007bf199e880 frame=148186 [1080x 149:1088,  1]
10-25 18:37:08.818 26711  5138 V SystemSensorManagerExtImpl: RegisterListener lsm6dsm ACCELEROMETER type:1 delay:20000us by com.google.android.location.collectionlib.SensorScanner$SensorEventListenerAdapter
10-25 18:37:08.819  1785  6003 D SensorServiceUtils: setSamplingPeriodNs sensorType = 1, samplingPeriodNs = 20000000
10-25 18:37:08.819  1785  6003 D SensorServiceExtImpl: setSamplingPeriodNs SamplingPeriodNs =20000000
10-25 18:37:08.819  1785  6003 D SensorService: SensorDevice::batch: ident=0xb400007b8cdd2b00, handle=0x00000001, flags=0, period_ns=20000000 timeout=0
10-25 18:37:08.819  1785  6003 D SensorService: Calling batch handle==1 flags=0rate=20000000 timeout== 0
10-25 18:37:08.823  1785  6003 D SensorService: SensorDevice::activate: ident=0xb400007b8cdd2b00, handle=0x00000001, enabled=1, count=5
10-25 18:37:08.836  2650  2766 D BLASTBufferQueue:  >[00:0xb400007b6affd400] state=ACQUIRED 0xb400007bcc593680 frame=148187 [1080x 149:1088,  1]
10-25 18:37:08.859  2650  2766 D BLASTBufferQueue:  >[00:0xb400007bd16ba600] state=ACQUIRED 0xb400007b8acb6600 frame=186464 [1080x 118:1088,  1]
10-25 18:37:08.871  1216  1216 D Layer   : reparent to null sequence=77695, seq[2], name=Surface(name=WindowToken{ae72d3b type=2000 android.os.BinderProxy@4536dbe})/@0xb60f196 - animation-leash of token_transform#77695
10-25 18:37:08.872  1216  1216 D OplusLayer: ~Layer() sequence=77695, name=Surface(name=WindowToken{ae72d3b type=2000 android.os.BinderProxy@4536dbe})/@0xb60f196 - animation-leash of token_transform#77695
10-25 18:37:08.873  1785  6081 D SensorService: SensorDevice::activate: ident=0xb400007bd4e74f00, handle=0x00000001, enabled=0, count=5
10-25 18:37:08.876  1320  1454 W MNLD    : mnld_gps_suspend_mode_entry_check: suspend check: to_go = 1, scr = 1, timeout_sec = 120000, nmea_timeout = 0, meta_or_factory = 0, agps_open_gps_flag= 0, suspend_ext:EN:1, AV:1, suspend EN:1
10-25 18:37:08.876  1785  6006 D SensorService: ~SensorEventConnection(0xb400007bd4e74f00)
10-25 18:37:08.876  1785  6006 D SensorService: removing connection 0xb400007bd4e74f00 for sensor[0].handle=0x00000001
10-25 18:37:08.876  1785  6006 D SensorService: removing connection 0xb400007bd4e74f00 for sensor[1].handle=0x00000002
10-25 18:37:08.876  1785  6006 D SensorService: removing connection 0xb400007bd4e74f00 for sensor[2].handle=0x0000000e
10-25 18:37:08.876  1785  6006 D SensorService: removing connection 0xb400007bd4e74f00 for sensor[3].handle=0x00000010
10-25 18:37:08.877  1785  6006 D SensorService: removing connection 0xb400007bd4e74f00 for sensor[4].handle=0x00000011
10-25 18:37:08.877  1785  6006 D SensorService: removing connection 0xb400007bd4e74f00 for sensor[5].handle=0x00000013
10-25 18:37:08.877  1785  6006 D SensorService: removing connection 0xb400007bd4e74f00 for sensor[6].handle=0x0000001b
10-25 18:37:08.877  1785  6006 D SensorService: removing connection 0xb400007bd4e74f00 for sensor[7].handle=0x0000001d
10-25 18:37:08.877  1785  6006 D SensorService: removing connection 0xb400007bd4e74f00 for sensor[8].handle=0x00000048
10-25 18:37:08.877  1785  6006 D SensorService: removing connection 0xb400007bd4e74f00 for sensor[9].handle=0x000003e9
10-25 18:37:08.877  1785  6006 D SensorService: removing connection 0xb400007bd4e74f00 for sensor[10].handle=0x01000052
10-25 18:37:08.877  1785  6006 D SensorService: removing connection 0xb400007bd4e74f00 for sensor[11].handle=0x01000054
10-25 18:37:08.877  1785  6006 D SensorService: removing connection 0xb400007bd4e74f00 for sensor[12].handle=0x01000056
10-25 18:37:08.880  1785  1785 D SensorService: 0xb400007bd4e76e80 removeFd fd=812
10-25 18:37:08.880  1785  1785 D SensorService: SensorDevice::activate: ident=0xb400007bd4e76e80, handle=0x0000001d, enabled=0, count=1
10-25 18:37:08.882  1785  1785 D SensorService: ~SensorEventConnection(0xb400007bd4e76e80)
10-25 18:37:08.882  1785  1785 D SensorService: removing connection 0xb400007bd4e76e80 for sensor[0].handle=0x00000001
10-25 18:37:08.882  1785  1785 D SensorService: removing connection 0xb400007bd4e76e80 for sensor[1].handle=0x00000002
10-25 18:37:08.882  1785  1785 D SensorService: removing connection 0xb400007bd4e76e80 for sensor[2].handle=0x0000000e
10-25 18:37:08.882  1785  1785 D SensorService: removing connection 0xb400007bd4e76e80 for sensor[3].handle=0x00000010
10-25 18:37:08.882  1785  1785 D SensorService: removing connection 0xb400007bd4e76e80 for sensor[4].handle=0x00000011
10-25 18:37:08.882  1785  1785 D SensorService: removing connection 0xb400007bd4e76e80 for sensor[5].handle=0x00000013
10-25 18:37:08.882  1785  1785 D SensorService: removing connection 0xb400007bd4e76e80 for sensor[6].handle=0x0000001b
10-25 18:37:08.882  1785  1785 D SensorService: removing connection 0xb400007bd4e76e80 for sensor[7].handle=0x00000048
10-25 18:37:08.882  1785  1785 D SensorService: removing connection 0xb400007bd4e76e80 for sensor[8].handle=0x000003e9
10-25 18:37:08.882  1785  1785 D SensorService: removing connection 0xb400007bd4e76e80 for sensor[9].handle=0x01000052
10-25 18:37:08.882  1785  1785 D SensorService: removing connection 0xb400007bd4e76e80 for sensor[10].handle=0x01000054
10-25 18:37:08.882  1785  1785 D SensorService: removing connection 0xb400007bd4e76e80 for sensor[11].handle=0x01000056
10-25 18:37:08.891  1785  2749 D SensorService: SensorDevice::activate: ident=0xb400007bd4f31f00, handle=0x00000001, enabled=0, count=4
10-25 18:37:08.891  1785  2749 D SensorService: 	>>> actuating h/w batch 0x00000001 20000000 0
10-25 18:37:08.891  1109  1109 I sensors-hal-OriginChannel: batch: [1,20000000,0]
10-25 18:37:08.894  1785  2749 D SensorService: SensorDevice::activate: ident=0xb400007bd4f31f00, handle=0x0000000e, enabled=0, count=1
10-25 18:37:08.894  1109  1109 I sensors-hal-OriginChannel: batch: [2,20000000,0]
10-25 18:37:08.894  1785  2749 D SensorService: SensorDevice::activate: ident=0xb400007bd4f31f00, handle=0x00000010, enabled=0, count=1
10-25 18:37:08.897  1785  2749 D SensorService: SensorDevice::activate: ident=0xb400007bd4f31f00, handle=0x00000002, enabled=0, count=1
10-25 18:37:08.899  1785  2749 D SensorService: ~SensorEventConnection(0xb400007bd4f31f00)
10-25 18:37:08.899  1785  2749 D SensorService: removing connection 0xb400007bd4f31f00 for sensor[0].handle=0x00000001
10-25 18:37:08.899  1785  2749 D SensorService: removing connection 0xb400007bd4f31f00 for sensor[1].handle=0x00000011
10-25 18:37:08.899  1785  2749 D SensorService: removing connection 0xb400007bd4f31f00 for sensor[2].handle=0x00000013
10-25 18:37:08.899  1785  2749 D SensorService: removing connection 0xb400007bd4f31f00 for sensor[3].handle=0x0000001b
10-25 18:37:08.899  1785  2749 D SensorService: removing connection 0xb400007bd4f31f00 for sensor[4].handle=0x00000048
10-25 18:37:08.899  1785  2749 D SensorService: removing connection 0xb400007bd4f31f00 for sensor[5].handle=0x000003e9
10-25 18:37:08.899  1785  2749 D SensorService: removing connection 0xb400007bd4f31f00 for sensor[6].handle=0x01000052
10-25 18:37:08.899  1785  2749 D SensorService: removing connection 0xb400007bd4f31f00 for sensor[7].handle=0x01000054
10-25 18:37:08.899  1785  2749 D SensorService: removing connection 0xb400007bd4f31f00 for sensor[8].handle=0x01000056
10-25 18:37:08.901  1320  1454 D MNLD    : fsm_gps_state_stopping: Change from clock ext suspend mode to close after 120000 ms
10-25 18:37:08.942 22248  4413 D BLASTBufferQueue: [VRI[MainActivity]#4](f:0,a:1) acquireNextBufferLocked size=1080x2400 mFrameNumber=1 applyTransaction=true mTimestamp=626737560632510(auto) mPendingTransactions.size=0 graphicBufferId=95554432401452 transform=0
10-25 18:37:08.943  1785  2749 D WindowManager: finishDrawingWindow: Window{fe2023d u0 com.makeyourhomeai/com.makeyourhomeai.MainActivity} mDrawState=DRAW_PENDING
10-25 18:37:08.943  1785  2749 I WindowManager: finishDrawing of relaunch: Window{fe2023d u0 com.makeyourhomeai/com.makeyourhomeai.MainActivity} 364ms
10-25 18:37:08.954  1216  1216 D BufferStateLayer: com.makeyourhomeai/com.makeyourhomeai.MainActivity#77699 setBuffer frameId=1, bufferId=95554432401452 fenceId=413, w= 1080, h=2400
10-25 18:37:08.954  1216  1216 D OplusLayer: (77699,com.makeyourhomeai/com.makeyourhomeai.MainActivity#77699,com.makeyourhomeai) setBuffer
10-25 18:37:08.956  1785  2749 I FocusResolver: updateFocusedWindow, fe2023d com.makeyourhomeai/com.makeyourhomeai.MainActivity on display 0, reason: Window became focusable. Previous reason: NOT_VISIBLE, result:   FocusedWindows:
10-25 18:37:08.956  1785  2749 I FocusResolver:     displayId=0, name='fe2023d com.makeyourhomeai/com.makeyourhomeai.MainActivity'
10-25 18:37:08.958  1785  1865 I WindowManager: Screen frozen for +450ms due to ActivityRecord{146611d u0 com.makeyourhomeai/.MainActivity} t4100}
10-25 18:37:08.970 18506 18506 D wpa_supplicant: nl80211: Scan included frequencies: 2412 2417 2422 2427 2432 2437 2442 2447 2452 2457 2462 2467 2472 5180 5200 5220 5240 5260 5280 5300 5320 5500 5520 5540 5560 5580 5600 5620 5640 5660 5680 5700 5745 5765 5785 5805 5825
10-25 18:37:08.973 22248 22248 I Quality : Skipped: false 18 cost 304.6233 refreshRate 16557553 bit true processName com.makeyourhomeai
10-25 18:37:08.984  1785  6067 D InputMethodManagerService: isSecurity: attribute.packageName=com.makeyourhomeai mCurMethodId=com.google.android.inputmethod.latin/com.android.inputmethod.latin.LatinIME
10-25 18:37:08.989 25628 25628 I GoogleInputMethodService: GoogleInputMethodService.onStartInput():1347 onStartInput(EditorInfo{EditorInfo{packageName=com.makeyourhomeai, inputType=0, inputTypeString=NULL, enableLearning=false, autoCorrection=false, autoComplete=false, imeOptions=0, privateImeOptions=null, actionName=UNSPECIFIED, actionLabel=null, initialSelStart=-1, initialSelEnd=-1, initialCapsMode=0, label=null, fieldId=-1, fieldName=null, extras=Bundle[{com.oplus.im.SCENES=0}], hintText=null, hintLocales=[]}}, false)
10-25 18:37:09.025  1785  2749 I FocusResolver: updateFocusedWindow, fe2023d com.makeyourhomeai/com.makeyourhomeai.MainActivity on display 0, reason: Window became focusable. Previous reason: NOT_VISIBLE, result:   FocusedWindows:
10-25 18:37:09.025  1785  2749 I FocusResolver:     displayId=0, name='fe2023d com.makeyourhomeai/com.makeyourhomeai.MainActivity'
10-25 18:37:09.026  1785  5962 D InputMethodManagerService: isSecurity: attribute.packageName=com.makeyourhomeai mCurMethodId=com.google.android.inputmethod.latin/com.android.inputmethod.latin.LatinIME
10-25 18:37:09.031 25628 25628 I GoogleInputMethodService: GoogleInputMethodService.onStartInput():1347 onStartInput(EditorInfo{EditorInfo{packageName=com.makeyourhomeai, inputType=0, inputTypeString=NULL, enableLearning=false, autoCorrection=false, autoComplete=false, imeOptions=0, privateImeOptions=null, actionName=UNSPECIFIED, actionLabel=null, initialSelStart=-1, initialSelEnd=-1, initialCapsMode=0, label=null, fieldId=-1, fieldName=null, extras=Bundle[{com.oplus.im.SCENES=0}], hintText=null, hintLocales=[]}}, false)
10-25 18:37:09.119  1216  1216 D Layer   : reparent to null sequence=77701, seq[15], name=Surface(name=WindowToken{ae72d3b type=2000 android.os.BinderProxy@4536dbe})/@0xb60f196 - animation-leash of token_transform#77701
10-25 18:37:09.119  1216  1216 D OplusLayer: ~Layer() sequence=77701, name=Surface(name=WindowToken{ae72d3b type=2000 android.os.BinderProxy@4536dbe})/@0xb60f196 - animation-leash of token_transform#77701
10-25 18:37:09.238  1122  1259 I libPowerHal: [PD] system_server update cmd:2004100 param:2
10-25 18:37:09.241  1122  1259 I libPowerHal: system_server: cpu_ctrl set cpu freq: 1048000 -1 1274000 -1
10-25 18:37:09.435  1216  1216 I BufferQueueDebug: [RotationLayer#77693](this:0xb400007a301639e8,id:-1,api:0,p:-1,c:1216) onDestructor()
10-25 18:37:09.513  1122  1259 I libPowerHal: [PD] system_server update cmd:2004100 param:2
10-25 18:37:11.925  1109  1144 I sensors-hal-OriginChannel: wise light debug, data[0].type is 65627,data[0].sensor is 91:[576.000000,,200.000000,,17.000000,0.000000,1281054046170892]
10-25 18:37:12.175  1785  6081 D SensorService: SensorDevice::activate: ident=0xb400007b8cdd2b00, handle=0x00000001, enabled=0, count=3
10-25 18:37:12.175  1785  6081 D SensorService: 	>>> actuating h/w batch 0x00000001 20000000 2000000000
10-25 18:37:12.176  1109  1109 I sensors-hal-OriginChannel: batch: [1,20000000,2000000000]
10-25 18:37:12.179  1785  2749 D SensorService: ~SensorEventConnection(0xb400007b8cdd2b00)
10-25 18:37:12.179  1785  2749 D SensorService: removing connection 0xb400007b8cdd2b00 for sensor[0].handle=0x00000001
10-25 18:37:12.179  1785  2749 D SensorService: removing connection 0xb400007b8cdd2b00 for sensor[1].handle=0x00000011
10-25 18:37:12.179  1785  2749 D SensorService: removing connection 0xb400007b8cdd2b00 for sensor[2].handle=0x00000013
10-25 18:37:12.179  1785  2749 D SensorService: removing connection 0xb400007b8cdd2b00 for sensor[3].handle=0x0000001b
10-25 18:37:12.179  1785  2749 D SensorService: removing connection 0xb400007b8cdd2b00 for sensor[4].handle=0x00000048
10-25 18:37:12.179  1785  2749 D SensorService: removing connection 0xb400007b8cdd2b00 for sensor[5].handle=0x000003e9
10-25 18:37:12.179  1785  2749 D SensorService: removing connection 0xb400007b8cdd2b00 for sensor[6].handle=0x01000052
10-25 18:37:12.179  1785  2749 D SensorService: removing connection 0xb400007b8cdd2b00 for sensor[7].handle=0x01000054
10-25 18:37:12.179  1785  2749 D SensorService: removing connection 0xb400007b8cdd2b00 for sensor[8].handle=0x01000056
10-25 18:37:12.325  1109  1144 I sensors-hal-OriginChannel: wise light debug, data[7].type is 65627,data[7].sensor is 91:[582.000000,,200.000000,,17.000000,0.000000,1281054446158247]
10-25 18:37:12.535  1785  1862 D OplusGameRotationService: stopRotationInGame: check windowContainer = ActivityRecord{146611d u0 com.makeyourhomeai/.MainActivity} t4100}
10-25 18:37:12.535  1785  1862 I WindowManager: Display id 0 rotation changed to 1 from 0, lastOrientation -1ActivityRecord{146611d u0 com.makeyourhomeai/.MainActivity} t4100}
10-25 18:37:12.541  1122  1259 I libPowerHal: [PD] system_server update cmd:2004100 param:2
10-25 18:37:12.546  1122  1259 I libPowerHal: system_server: cpu_ctrl set cpu freq: 1048000 -1 1274000 -1
10-25 18:37:12.569  1216  1281 I BufferQueueDebug: [RotationLayer#77709](this:0xb4000079d3ff59e8,id:-1,api:0,p:-1,c:-1) BufferQueue core=(1216:/system/bin/surfaceflinger)
10-25 18:37:12.572  1785  1862 D BufferQueueConsumer: [ImageReader-1080x2400f1m1-1785-1002](id:6f90000121d,api:0,p:-1,c:1785) disconnect
10-25 18:37:12.580  1785  1864 I ActivityTaskManager: Config changes=20000480 {1.35 ??mcc??mnc [it_IT] ldltr sw320dp w632dp h285dp 540dpi nrml long land night finger -keyb/v/h -nav/h winConfig={ mBounds=Rect(0, 0 - 2400, 1080) mAppBounds=Rect(118, 0 - 2251, 1080) mMaxBounds=Rect(0, 0 - 2400, 1080) mDisplayRotation=ROTATION_90 mWindowingMode=fullscreen mDisplayWindowingMode=fullscreen mActivityType=undefined mAlwaysOnTop=undefined mRotation=ROTATION_90} s.55187 fontWeightAdjustment=0mThemeChanged= 0, mThemeChangedFlags= 0, mFlipFont= 0, mAccessibleChanged= -1, mUxIconConfig= 3468921665126662177, mMaterialColor= 40017, mUserId= 0, mFontUserId= 0, mFontVariationSettings= 226, mFoldingAngle = -1.0, mIconPackName= , mDarkModeBackgroundMaxL= 0.0, mDarkModeDialogBgMaxL= 27.0, mDarkModeForegroundMinL= 100.0, mOplusConfigType= 1, mOplusChangedConfigs= 0, OpSans= 0, mFlag= 0} callers:com.android.server.wm.DisplayContent.updateDisplayOverrideConfigurationLocked:6417 com.android.server.wm.DisplayContent.updateDisplayOverrideConfigurationLocked:6394 com.android.server.wm.DisplayContent.sendNewConfiguration:1557 com.android.server.wm.DisplayRotation.continueRotation:745 com.android.server.wm.DisplayRotation.-$$Nest$mcontinueRotation:0 com.android.server.wm.DisplayRotation$2.lambda$continueRotateDisplay$1:278 com.android.server.wm.DisplayRotation$2$$ExternalSyntheticLambda1.accept:10 com.android.internal.util.function.pooled.PooledLambdaImpl.doInvoke:295 com.android.internal.util.function.pooled.PooledLambdaImpl.invoke:204 com.android.internal.util.function.pooled.OmniFunction.run:97 
10-25 18:37:12.586  1785  1864 I WindowManager: Override config changes=20000480 {1.35 ??mcc??mnc [it_IT] ldltr sw320dp w632dp h285dp 540dpi nrml long land night finger -keyb/v/h -nav/h winConfig={ mBounds=Rect(0, 0 - 2400, 1080) mAppBounds=Rect(118, 0 - 2251, 1080) mMaxBounds=Rect(0, 0 - 2400, 1080) mDisplayRotation=ROTATION_90 mWindowingMode=fullscreen mDisplayWindowingMode=fullscreen mActivityType=undefined mAlwaysOnTop=undefined mRotation=ROTATION_90} s.55187 fontWeightAdjustment=0mThemeChanged= 0, mThemeChangedFlags= 0, mFlipFont= 0, mAccessibleChanged= -1, mUxIconConfig= 3468921665126662177, mMaterialColor= 40017, mUserId= 0, mFontUserId= 0, mFontVariationSettings= 226, mFoldingAngle = -1.0, mIconPackName= , mDarkModeBackgroundMaxL= 0.0, mDarkModeDialogBgMaxL= 27.0, mDarkModeForegroundMinL= 100.0, mOplusConfigType= 1, mOplusChangedConfigs= 0, OpSans= 0, mFlag= 0} for displayId=0
10-25 18:37:12.589 31902 31922 D OMG_Observer: mScreenWidthDisplay = 2400, mScreenHeightDisplay = 1080, mRotation = 1, mOrient = 2
10-25 18:37:12.600 25628 25628 I AppBase : AppBase.onConfigurationChanged():416 onConfigurationChanged() : NewConfig = {1.35 ??mcc??mnc [it_IT] ldltr sw320dp w632dp h285dp 540dpi nrml long land night finger -keyb/v/h -nav/h winConfig={ mBounds=Rect(0, 0 - 2400, 1080) mAppBounds=Rect(118, 0 - 2251, 1080) mMaxBounds=Rect(0, 0 - 2400, 1080) mDisplayRotation=ROTATION_90 mWindowingMode=fullscreen mDisplayWindowingMode=fullscreen mActivityType=undefined mAlwaysOnTop=undefined mRotation=ROTATION_90} s.55250 fontWeightAdjustment=0mThemeChanged= 0, mThemeChangedFlags= 0, mFlipFont= 0, mAccessibleChanged= -1, mUxIconConfig= 3468921665126662177, mMaterialColor= 40017, mUserId= 0, mFontUserId= 0, mFontVariationSettings= 226, mFoldingAngle = -1.0, mIconPackName= , mDarkModeBackgroundMaxL= 0.0, mDarkModeDialogBgMaxL= 27.0, mDarkModeForegroundMinL= 100.0, mOplusConfigType= 1, mOplusChangedConfigs= 0, OpSans= 0, mFlag= 0}
10-25 18:37:12.607  1785  1864 D OplusCompactWindowManagerService: updateRotation setDeviceFolded oldRotation =:0 ,newRotation=:1 ,mFoldState =:0 ,processTasks =:true ,DisplayId =:0 ,oritentationSource ActivityRecord{146611d u0 com.makeyourhomeai/.MainActivity} t4100}
10-25 18:37:12.608  1785  1864 D ActivityTaskManager: Checking to restart ActivityRecord{146611d u0 com.makeyourhomeai/.MainActivity} t4100}: changed=0x = 80; handles=0x3; 
10-25 18:37:12.608  1785  1864 D ActivityTaskManager:  mLastReportedConfiguration = {mGlobalConfig={1.35 ??mcc??mnc [it_IT] ldltr sw320dp w632dp h285dp 540dpi nrml long land night finger -keyb/v/h -nav/h winConfig={ mBounds=Rect(0, 0 - 2400, 1080) mAppBounds=Rect(118, 0 - 2251, 1080) mMaxBounds=Rect(0, 0 - 2400, 1080) mDisplayRotation=ROTATION_90 mWindowingMode=fullscreen mDisplayWindowingMode=fullscreen mActivityType=undefined mAlwaysOnTop=undefined mRotation=ROTATION_90} s.55251 fontWeightAdjustment=0mThemeChanged= 0, mThemeChangedFlags= 0, mFlipFont= 0, mAccessibleChanged= -1, mUxIconConfig= 3468921665126662177, mMaterialColor= 40017, mUserId= 0, mFontUserId= 0, mFontVariationSettings= 226, mFoldingAngle = -1.0, mIconPackName= , mDarkModeBackgroundMaxL= 0.0, mDarkModeDialogBgMaxL= 27.0, mDarkModeForegroundMinL= 100.0, mOplusConfigType= 1, mOplusChangedConfigs= 0, OpSans= 0, mFlag= 0} mOverrideConfig={1.35 ??mcc??mnc [it_IT] ldltr sw320dp w632dp h285dp 540dpi nrml long land night finger -keyb/v/h -nav/h winConfig={ mBounds=Rect(0, 0 - 2400, 1080) mAppBounds=Rect(118, 0 - 2251, 1080) mMaxBounds=Rect(0, 0 - 2400, 1080) mDisplayRotation=ROTATION_90 mWindowingMode=fullscreen mDisplayWindowingMode=fullscreen mActivityType=standard mAlwaysOnTop=undefined mRotation=ROTATION_90} s.40 fontWeightAdjustment=0mThemeChanged= 0, mThemeChangedFlags= 0, mFlipFont= 0, mAccessibleChanged= -1, mUxIcon